<?xml version="1.0"?>
<link_info>
   <banner>TI ARM Linker PC v5.1.1</banner>
   <copyright>Copyright (c) 1996-2013 Texas Instruments Incorporated</copyright>
   <link_time>0x58b40fb0</link_time>
   <link_errors>0x0</link_errors>
   <output_file>nand_ubl_write.out</output_file>
   <entry_point>
      <name>_c_int00</name>
      <address>0x8e00ba58</address>
   </entry_point>
   <input_file_list>
      <input_file id="fl-2">
         <path>.\sources\</path>
         <kind>object</kind>
         <file>util.obj</file>
         <name>util.obj</name>
      </input_file>
      <input_file id="fl-3">
         <path>.\sources\</path>
         <kind>object</kind>
         <file>nandwriter.obj</file>
         <name>nandwriter.obj</name>
      </input_file>
      <input_file id="fl-4">
         <path>.\sources\</path>
         <kind>object</kind>
         <file>nand.obj</file>
         <name>nand.obj</name>
      </input_file>
      <input_file id="fl-5">
         <path>.\sources\</path>
         <kind>object</kind>
         <file>device_nand.obj</file>
         <name>device_nand.obj</name>
      </input_file>
      <input_file id="fl-6">
         <path>.\sources\</path>
         <kind>object</kind>
         <file>device.obj</file>
         <name>device.obj</name>
      </input_file>
      <input_file id="fl-7">
         <path>.\sources\</path>
         <kind>object</kind>
         <file>debug.obj</file>
         <name>debug.obj</name>
      </input_file>
      <input_file id="fl-134">
         <path>D:\WorkSpace\CCS5.5\ccsv5\tools\compiler\arm_5.1.1\lib\</path>
         <kind>archive</kind>
         <file>rtsv5_A_le_eabi.lib</file>
         <name>boot.obj</name>
      </input_file>
      <input_file id="fl-135">
         <path>D:\WorkSpace\CCS5.5\ccsv5\tools\compiler\arm_5.1.1\lib\</path>
         <kind>archive</kind>
         <file>rtsv5_A_le_eabi.lib</file>
         <name>defs.obj</name>
      </input_file>
      <input_file id="fl-136">
         <path>D:\WorkSpace\CCS5.5\ccsv5\tools\compiler\arm_5.1.1\lib\</path>
         <kind>archive</kind>
         <file>rtsv5_A_le_eabi.lib</file>
         <name>exit.obj</name>
      </input_file>
      <input_file id="fl-137">
         <path>D:\WorkSpace\CCS5.5\ccsv5\tools\compiler\arm_5.1.1\lib\</path>
         <kind>archive</kind>
         <file>rtsv5_A_le_eabi.lib</file>
         <name>fclose.obj</name>
      </input_file>
      <input_file id="fl-138">
         <path>D:\WorkSpace\CCS5.5\ccsv5\tools\compiler\arm_5.1.1\lib\</path>
         <kind>archive</kind>
         <file>rtsv5_A_le_eabi.lib</file>
         <name>fflush.obj</name>
      </input_file>
      <input_file id="fl-139">
         <path>D:\WorkSpace\CCS5.5\ccsv5\tools\compiler\arm_5.1.1\lib\</path>
         <kind>archive</kind>
         <file>rtsv5_A_le_eabi.lib</file>
         <name>fopen.obj</name>
      </input_file>
      <input_file id="fl-13a">
         <path>D:\WorkSpace\CCS5.5\ccsv5\tools\compiler\arm_5.1.1\lib\</path>
         <kind>archive</kind>
         <file>rtsv5_A_le_eabi.lib</file>
         <name>fread.obj</name>
      </input_file>
      <input_file id="fl-13b">
         <path>D:\WorkSpace\CCS5.5\ccsv5\tools\compiler\arm_5.1.1\lib\</path>
         <kind>archive</kind>
         <file>rtsv5_A_le_eabi.lib</file>
         <name>fscanf.obj</name>
      </input_file>
      <input_file id="fl-13c">
         <path>D:\WorkSpace\CCS5.5\ccsv5\tools\compiler\arm_5.1.1\lib\</path>
         <kind>archive</kind>
         <file>rtsv5_A_le_eabi.lib</file>
         <name>fseek.obj</name>
      </input_file>
      <input_file id="fl-13d">
         <path>D:\WorkSpace\CCS5.5\ccsv5\tools\compiler\arm_5.1.1\lib\</path>
         <kind>archive</kind>
         <file>rtsv5_A_le_eabi.lib</file>
         <name>ftell.obj</name>
      </input_file>
      <input_file id="fl-13e">
         <path>D:\WorkSpace\CCS5.5\ccsv5\tools\compiler\arm_5.1.1\lib\</path>
         <kind>archive</kind>
         <file>rtsv5_A_le_eabi.lib</file>
         <name>i_div32.obj</name>
      </input_file>
      <input_file id="fl-13f">
         <path>D:\WorkSpace\CCS5.5\ccsv5\tools\compiler\arm_5.1.1\lib\</path>
         <kind>archive</kind>
         <file>rtsv5_A_le_eabi.lib</file>
         <name>lowlev.obj</name>
      </input_file>
      <input_file id="fl-140">
         <path>D:\WorkSpace\CCS5.5\ccsv5\tools\compiler\arm_5.1.1\lib\</path>
         <kind>archive</kind>
         <file>rtsv5_A_le_eabi.lib</file>
         <name>memcpy32.obj</name>
      </input_file>
      <input_file id="fl-141">
         <path>D:\WorkSpace\CCS5.5\ccsv5\tools\compiler\arm_5.1.1\lib\</path>
         <kind>archive</kind>
         <file>rtsv5_A_le_eabi.lib</file>
         <name>memory.obj</name>
      </input_file>
      <input_file id="fl-142">
         <path>D:\WorkSpace\CCS5.5\ccsv5\tools\compiler\arm_5.1.1\lib\</path>
         <kind>archive</kind>
         <file>rtsv5_A_le_eabi.lib</file>
         <name>memset32.obj</name>
      </input_file>
      <input_file id="fl-143">
         <path>D:\WorkSpace\CCS5.5\ccsv5\tools\compiler\arm_5.1.1\lib\</path>
         <kind>archive</kind>
         <file>rtsv5_A_le_eabi.lib</file>
         <name>printf.obj</name>
      </input_file>
      <input_file id="fl-144">
         <path>D:\WorkSpace\CCS5.5\ccsv5\tools\compiler\arm_5.1.1\lib\</path>
         <kind>archive</kind>
         <file>rtsv5_A_le_eabi.lib</file>
         <name>remove.obj</name>
      </input_file>
      <input_file id="fl-145">
         <path>D:\WorkSpace\CCS5.5\ccsv5\tools\compiler\arm_5.1.1\lib\</path>
         <kind>archive</kind>
         <file>rtsv5_A_le_eabi.lib</file>
         <name>stkdepth_vars.obj</name>
      </input_file>
      <input_file id="fl-146">
         <path>D:\WorkSpace\CCS5.5\ccsv5\tools\compiler\arm_5.1.1\lib\</path>
         <kind>archive</kind>
         <file>rtsv5_A_le_eabi.lib</file>
         <name>strchr.obj</name>
      </input_file>
      <input_file id="fl-147">
         <path>D:\WorkSpace\CCS5.5\ccsv5\tools\compiler\arm_5.1.1\lib\</path>
         <kind>archive</kind>
         <file>rtsv5_A_le_eabi.lib</file>
         <name>strcmp.obj</name>
      </input_file>
      <input_file id="fl-148">
         <path>D:\WorkSpace\CCS5.5\ccsv5\tools\compiler\arm_5.1.1\lib\</path>
         <kind>archive</kind>
         <file>rtsv5_A_le_eabi.lib</file>
         <name>strcpy.obj</name>
      </input_file>
      <input_file id="fl-149">
         <path>D:\WorkSpace\CCS5.5\ccsv5\tools\compiler\arm_5.1.1\lib\</path>
         <kind>archive</kind>
         <file>rtsv5_A_le_eabi.lib</file>
         <name>strncpy.obj</name>
      </input_file>
      <input_file id="fl-14a">
         <path>D:\WorkSpace\CCS5.5\ccsv5\tools\compiler\arm_5.1.1\lib\</path>
         <kind>archive</kind>
         <file>rtsv5_A_le_eabi.lib</file>
         <name>strtoul.obj</name>
      </input_file>
      <input_file id="fl-14b">
         <path>D:\WorkSpace\CCS5.5\ccsv5\tools\compiler\arm_5.1.1\lib\</path>
         <kind>archive</kind>
         <file>rtsv5_A_le_eabi.lib</file>
         <name>trgdrv.obj</name>
      </input_file>
      <input_file id="fl-14c">
         <path>D:\WorkSpace\CCS5.5\ccsv5\tools\compiler\arm_5.1.1\lib\</path>
         <kind>archive</kind>
         <file>rtsv5_A_le_eabi.lib</file>
         <name>trgmsg.obj</name>
      </input_file>
      <input_file id="fl-14d">
         <path>D:\WorkSpace\CCS5.5\ccsv5\tools\compiler\arm_5.1.1\lib\</path>
         <kind>archive</kind>
         <file>rtsv5_A_le_eabi.lib</file>
         <name>u_div32.obj</name>
      </input_file>
      <input_file id="fl-14e">
         <path>D:\WorkSpace\CCS5.5\ccsv5\tools\compiler\arm_5.1.1\lib\</path>
         <kind>archive</kind>
         <file>rtsv5_A_le_eabi.lib</file>
         <name>ungetc.obj</name>
      </input_file>
      <input_file id="fl-14f">
         <path>D:\WorkSpace\CCS5.5\ccsv5\tools\compiler\arm_5.1.1\lib\</path>
         <kind>archive</kind>
         <file>rtsv5_A_le_eabi.lib</file>
         <name>_bufread.obj</name>
      </input_file>
      <input_file id="fl-150">
         <path>D:\WorkSpace\CCS5.5\ccsv5\tools\compiler\arm_5.1.1\lib\</path>
         <kind>archive</kind>
         <file>rtsv5_A_le_eabi.lib</file>
         <name>_io_perm.obj</name>
      </input_file>
      <input_file id="fl-151">
         <path>D:\WorkSpace\CCS5.5\ccsv5\tools\compiler\arm_5.1.1\lib\</path>
         <kind>archive</kind>
         <file>rtsv5_A_le_eabi.lib</file>
         <name>_lock.obj</name>
      </input_file>
      <input_file id="fl-152">
         <path>D:\WorkSpace\CCS5.5\ccsv5\tools\compiler\arm_5.1.1\lib\</path>
         <kind>archive</kind>
         <file>rtsv5_A_le_eabi.lib</file>
         <name>_printfi.obj</name>
      </input_file>
      <input_file id="fl-153">
         <path>D:\WorkSpace\CCS5.5\ccsv5\tools\compiler\arm_5.1.1\lib\</path>
         <kind>archive</kind>
         <file>rtsv5_A_le_eabi.lib</file>
         <name>_scanfi.obj</name>
      </input_file>
      <input_file id="fl-154">
         <path>D:\WorkSpace\CCS5.5\ccsv5\tools\compiler\arm_5.1.1\lib\</path>
         <kind>archive</kind>
         <file>rtsv5_A_le_eabi.lib</file>
         <name>args_main.obj</name>
      </input_file>
      <input_file id="fl-155">
         <path>D:\WorkSpace\CCS5.5\ccsv5\tools\compiler\arm_5.1.1\lib\</path>
         <kind>archive</kind>
         <file>rtsv5_A_le_eabi.lib</file>
         <name>atoi.obj</name>
      </input_file>
      <input_file id="fl-156">
         <path>D:\WorkSpace\CCS5.5\ccsv5\tools\compiler\arm_5.1.1\lib\</path>
         <kind>archive</kind>
         <file>rtsv5_A_le_eabi.lib</file>
         <name>auto_init.obj</name>
      </input_file>
      <input_file id="fl-157">
         <path>D:\WorkSpace\CCS5.5\ccsv5\tools\compiler\arm_5.1.1\lib\</path>
         <kind>archive</kind>
         <file>rtsv5_A_le_eabi.lib</file>
         <name>cpy_tbl.obj</name>
      </input_file>
      <input_file id="fl-158">
         <path>D:\WorkSpace\CCS5.5\ccsv5\tools\compiler\arm_5.1.1\lib\</path>
         <kind>archive</kind>
         <file>rtsv5_A_le_eabi.lib</file>
         <name>ctype.obj</name>
      </input_file>
      <input_file id="fl-159">
         <path>D:\WorkSpace\CCS5.5\ccsv5\tools\compiler\arm_5.1.1\lib\</path>
         <kind>archive</kind>
         <file>rtsv5_A_le_eabi.lib</file>
         <name>errno.obj</name>
      </input_file>
      <input_file id="fl-15a">
         <path>D:\WorkSpace\CCS5.5\ccsv5\tools\compiler\arm_5.1.1\lib\</path>
         <kind>archive</kind>
         <file>rtsv5_A_le_eabi.lib</file>
         <name>fd_add32.obj</name>
      </input_file>
      <input_file id="fl-15b">
         <path>D:\WorkSpace\CCS5.5\ccsv5\tools\compiler\arm_5.1.1\lib\</path>
         <kind>archive</kind>
         <file>rtsv5_A_le_eabi.lib</file>
         <name>fd_cmp32.obj</name>
      </input_file>
      <input_file id="fl-15c">
         <path>D:\WorkSpace\CCS5.5\ccsv5\tools\compiler\arm_5.1.1\lib\</path>
         <kind>archive</kind>
         <file>rtsv5_A_le_eabi.lib</file>
         <name>fd_div32.obj</name>
      </input_file>
      <input_file id="fl-15d">
         <path>D:\WorkSpace\CCS5.5\ccsv5\tools\compiler\arm_5.1.1\lib\</path>
         <kind>archive</kind>
         <file>rtsv5_A_le_eabi.lib</file>
         <name>fd_mul32.obj</name>
      </input_file>
      <input_file id="fl-15e">
         <path>D:\WorkSpace\CCS5.5\ccsv5\tools\compiler\arm_5.1.1\lib\</path>
         <kind>archive</kind>
         <file>rtsv5_A_le_eabi.lib</file>
         <name>fd_toi32.obj</name>
      </input_file>
      <input_file id="fl-15f">
         <path>D:\WorkSpace\CCS5.5\ccsv5\tools\compiler\arm_5.1.1\lib\</path>
         <kind>archive</kind>
         <file>rtsv5_A_le_eabi.lib</file>
         <name>fd_tos32.obj</name>
      </input_file>
      <input_file id="fl-160">
         <path>D:\WorkSpace\CCS5.5\ccsv5\tools\compiler\arm_5.1.1\lib\</path>
         <kind>archive</kind>
         <file>rtsv5_A_le_eabi.lib</file>
         <name>fgetc.obj</name>
      </input_file>
      <input_file id="fl-161">
         <path>D:\WorkSpace\CCS5.5\ccsv5\tools\compiler\arm_5.1.1\lib\</path>
         <kind>archive</kind>
         <file>rtsv5_A_le_eabi.lib</file>
         <name>fputc.obj</name>
      </input_file>
      <input_file id="fl-162">
         <path>D:\WorkSpace\CCS5.5\ccsv5\tools\compiler\arm_5.1.1\lib\</path>
         <kind>archive</kind>
         <file>rtsv5_A_le_eabi.lib</file>
         <name>fputs.obj</name>
      </input_file>
      <input_file id="fl-163">
         <path>D:\WorkSpace\CCS5.5\ccsv5\tools\compiler\arm_5.1.1\lib\</path>
         <kind>archive</kind>
         <file>rtsv5_A_le_eabi.lib</file>
         <name>i_tofd32.obj</name>
      </input_file>
      <input_file id="fl-164">
         <path>D:\WorkSpace\CCS5.5\ccsv5\tools\compiler\arm_5.1.1\lib\</path>
         <kind>archive</kind>
         <file>rtsv5_A_le_eabi.lib</file>
         <name>ltoa.obj</name>
      </input_file>
      <input_file id="fl-165">
         <path>D:\WorkSpace\CCS5.5\ccsv5\tools\compiler\arm_5.1.1\lib\</path>
         <kind>archive</kind>
         <file>rtsv5_A_le_eabi.lib</file>
         <name>memccpy.obj</name>
      </input_file>
      <input_file id="fl-166">
         <path>D:\WorkSpace\CCS5.5\ccsv5\tools\compiler\arm_5.1.1\lib\</path>
         <kind>archive</kind>
         <file>rtsv5_A_le_eabi.lib</file>
         <name>memchr.obj</name>
      </input_file>
      <input_file id="fl-167">
         <path>D:\WorkSpace\CCS5.5\ccsv5\tools\compiler\arm_5.1.1\lib\</path>
         <kind>archive</kind>
         <file>rtsv5_A_le_eabi.lib</file>
         <name>setvbuf.obj</name>
      </input_file>
      <input_file id="fl-168">
         <path>D:\WorkSpace\CCS5.5\ccsv5\tools\compiler\arm_5.1.1\lib\</path>
         <kind>archive</kind>
         <file>rtsv5_A_le_eabi.lib</file>
         <name>strlen.obj</name>
      </input_file>
      <input_file id="fl-169">
         <path>D:\WorkSpace\CCS5.5\ccsv5\tools\compiler\arm_5.1.1\lib\</path>
         <kind>archive</kind>
         <file>rtsv5_A_le_eabi.lib</file>
         <name>strrchr.obj</name>
      </input_file>
      <input_file id="fl-16a">
         <path>D:\WorkSpace\CCS5.5\ccsv5\tools\compiler\arm_5.1.1\lib\</path>
         <kind>archive</kind>
         <file>rtsv5_A_le_eabi.lib</file>
         <name>strtod.obj</name>
      </input_file>
      <input_file id="fl-16b">
         <path>D:\WorkSpace\CCS5.5\ccsv5\tools\compiler\arm_5.1.1\lib\</path>
         <kind>archive</kind>
         <file>rtsv5_A_le_eabi.lib</file>
         <name>strtol.obj</name>
      </input_file>
      <input_file id="fl-16c">
         <path>D:\WorkSpace\CCS5.5\ccsv5\tools\compiler\arm_5.1.1\lib\</path>
         <kind>archive</kind>
         <file>rtsv5_A_le_eabi.lib</file>
         <name>strtold.obj</name>
      </input_file>
      <input_file id="fl-16d">
         <path>D:\WorkSpace\CCS5.5\ccsv5\tools\compiler\arm_5.1.1\lib\</path>
         <kind>archive</kind>
         <file>rtsv5_A_le_eabi.lib</file>
         <name>strtoll.obj</name>
      </input_file>
      <input_file id="fl-16e">
         <path>D:\WorkSpace\CCS5.5\ccsv5\tools\compiler\arm_5.1.1\lib\</path>
         <kind>archive</kind>
         <file>rtsv5_A_le_eabi.lib</file>
         <name>strtoull.obj</name>
      </input_file>
      <input_file id="fl-16f">
         <path>D:\WorkSpace\CCS5.5\ccsv5\tools\compiler\arm_5.1.1\lib\</path>
         <kind>archive</kind>
         <file>rtsv5_A_le_eabi.lib</file>
         <name>ull_div32.obj</name>
      </input_file>
      <input_file id="fl-170">
         <path>D:\WorkSpace\CCS5.5\ccsv5\tools\compiler\arm_5.1.1\lib\</path>
         <kind>archive</kind>
         <file>rtsv5_A_le_eabi.lib</file>
         <name>xdclass.obj</name>
      </input_file>
      <input_file id="fl-171">
         <path>D:\WorkSpace\CCS5.5\ccsv5\tools\compiler\arm_5.1.1\lib\</path>
         <kind>archive</kind>
         <file>rtsv5_A_le_eabi.lib</file>
         <name>xdtest.obj</name>
      </input_file>
   </input_file_list>
   <object_component_list>
      <object_component id="oc-68">
         <name>.text</name>
         <load_address>0x8e000000</load_address>
         <run_address>0x8e000000</run_address>
         <size>0x214c</size>
         <input_file_ref idref="fl-4"/>
      </object_component>
      <object_component id="oc-100">
         <name>.text</name>
         <load_address>0x8e00214c</load_address>
         <run_address>0x8e00214c</run_address>
         <size>0x16c4</size>
         <input_file_ref idref="fl-152"/>
      </object_component>
      <object_component id="oc-59">
         <name>.text</name>
         <load_address>0x8e003810</load_address>
         <run_address>0x8e003810</run_address>
         <size>0xf40</size>
         <input_file_ref idref="fl-6"/>
      </object_component>
      <object_component id="oc-2e">
         <name>.text</name>
         <load_address>0x8e004750</load_address>
         <run_address>0x8e004750</run_address>
         <size>0xf10</size>
         <input_file_ref idref="fl-3"/>
      </object_component>
      <object_component id="oc-160">
         <name>.text</name>
         <load_address>0x8e005660</load_address>
         <run_address>0x8e005660</run_address>
         <size>0xf10</size>
         <input_file_ref idref="fl-153"/>
      </object_component>
      <object_component id="oc-16e">
         <name>.text</name>
         <load_address>0x8e006570</load_address>
         <run_address>0x8e006570</run_address>
         <size>0x860</size>
         <input_file_ref idref="fl-5"/>
      </object_component>
      <object_component id="oc-127">
         <name>.text</name>
         <load_address>0x8e006dd0</load_address>
         <run_address>0x8e006dd0</run_address>
         <size>0x628</size>
         <input_file_ref idref="fl-141"/>
      </object_component>
      <object_component id="oc-10c">
         <name>.text</name>
         <load_address>0x8e0073f8</load_address>
         <run_address>0x8e0073f8</run_address>
         <size>0x54c</size>
         <input_file_ref idref="fl-13f"/>
      </object_component>
      <object_component id="oc-54">
         <name>.text</name>
         <load_address>0x8e007944</load_address>
         <run_address>0x8e007944</run_address>
         <size>0x508</size>
         <input_file_ref idref="fl-2"/>
      </object_component>
      <object_component id="oc-268">
         <name>.text</name>
         <load_address>0x8e007e4c</load_address>
         <run_address>0x8e007e4c</run_address>
         <size>0x4cc</size>
         <input_file_ref idref="fl-14b"/>
      </object_component>
      <object_component id="oc-212">
         <name>.text</name>
         <load_address>0x8e008318</load_address>
         <run_address>0x8e008318</run_address>
         <size>0x338</size>
         <input_file_ref idref="fl-16a"/>
      </object_component>
      <object_component id="oc-21b">
         <name>.text</name>
         <load_address>0x8e008650</load_address>
         <run_address>0x8e008650</run_address>
         <size>0x334</size>
         <input_file_ref idref="fl-16c"/>
      </object_component>
      <object_component id="oc-e3">
         <name>.text</name>
         <load_address>0x8e008984</load_address>
         <run_address>0x8e008984</run_address>
         <size>0x310</size>
         <input_file_ref idref="fl-13b"/>
      </object_component>
      <object_component id="oc-7c">
         <name>.text</name>
         <load_address>0x8e008c94</load_address>
         <run_address>0x8e008c94</run_address>
         <size>0x2e0</size>
         <input_file_ref idref="fl-139"/>
      </object_component>
      <object_component id="oc-225">
         <name>.text</name>
         <load_address>0x8e008f74</load_address>
         <run_address>0x8e008f74</run_address>
         <size>0x2dc</size>
         <input_file_ref idref="fl-16d"/>
      </object_component>
      <object_component id="oc-189">
         <name>.text</name>
         <load_address>0x8e009250</load_address>
         <run_address>0x8e009250</run_address>
         <size>0x2b8</size>
         <input_file_ref idref="fl-16f"/>
      </object_component>
      <object_component id="oc-5e">
         <name>.text</name>
         <load_address>0x8e009508</load_address>
         <run_address>0x8e009508</run_address>
         <size>0x264</size>
         <input_file_ref idref="fl-7"/>
      </object_component>
      <object_component id="oc-20d">
         <name>.text</name>
         <load_address>0x8e00976c</load_address>
         <run_address>0x8e00976c</run_address>
         <size>0x244</size>
         <input_file_ref idref="fl-16e"/>
      </object_component>
      <object_component id="oc-1aa">
         <name>.text</name>
         <load_address>0x8e0099b0</load_address>
         <run_address>0x8e0099b0</run_address>
         <size>0x214</size>
         <input_file_ref idref="fl-15a"/>
      </object_component>
      <object_component id="oc-220">
         <name>.text</name>
         <load_address>0x8e009bc4</load_address>
         <run_address>0x8e009bc4</run_address>
         <size>0x1f8</size>
         <input_file_ref idref="fl-16b"/>
      </object_component>
      <object_component id="oc-fb">
         <name>.text</name>
         <load_address>0x8e009dbc</load_address>
         <run_address>0x8e009dbc</run_address>
         <size>0x1d4</size>
         <input_file_ref idref="fl-162"/>
      </object_component>
      <object_component id="oc-95">
         <name>.text</name>
         <load_address>0x8e009f90</load_address>
         <run_address>0x8e009f90</run_address>
         <size>0x1c0</size>
         <input_file_ref idref="fl-14a"/>
      </object_component>
      <object_component id="oc-195">
         <name>.text</name>
         <load_address>0x8e00a150</load_address>
         <run_address>0x8e00a150</run_address>
         <size>0x190</size>
         <input_file_ref idref="fl-15c"/>
      </object_component>
      <object_component id="oc-90">
         <name>.text</name>
         <load_address>0x8e00a2e0</load_address>
         <run_address>0x8e00a2e0</run_address>
         <size>0x188</size>
         <input_file_ref idref="fl-13a"/>
      </object_component>
      <object_component id="oc-4e">
         <name>.text</name>
         <load_address>0x8e00a468</load_address>
         <run_address>0x8e00a468</run_address>
         <size>0x180</size>
         <input_file_ref idref="fl-140"/>
      </object_component>
      <object_component id="oc-1f7">
         <name>.text</name>
         <load_address>0x8e00a5e8</load_address>
         <run_address>0x8e00a5e8</run_address>
         <size>0x154</size>
         <input_file_ref idref="fl-167"/>
      </object_component>
      <object_component id="oc-77">
         <name>.text</name>
         <load_address>0x8e00a73c</load_address>
         <run_address>0x8e00a73c</run_address>
         <size>0x12c</size>
         <input_file_ref idref="fl-138"/>
      </object_component>
      <object_component id="oc-191">
         <name>.text</name>
         <load_address>0x8e00a868</load_address>
         <run_address>0x8e00a868</run_address>
         <size>0x128</size>
         <input_file_ref idref="fl-15d"/>
      </object_component>
      <object_component id="oc-130">
         <name>.text</name>
         <load_address>0x8e00a990</load_address>
         <run_address>0x8e00a990</run_address>
         <size>0x118</size>
         <input_file_ref idref="fl-150"/>
      </object_component>
      <object_component id="oc-d6">
         <name>.text</name>
         <load_address>0x8e00aaa8</load_address>
         <run_address>0x8e00aaa8</run_address>
         <size>0x118</size>
         <input_file_ref idref="fl-13e"/>
      </object_component>
      <object_component id="oc-f6">
         <name>.text</name>
         <load_address>0x8e00abc0</load_address>
         <run_address>0x8e00abc0</run_address>
         <size>0x110</size>
         <input_file_ref idref="fl-161"/>
      </object_component>
      <object_component id="oc-8b">
         <name>.text</name>
         <load_address>0x8e00acd0</load_address>
         <run_address>0x8e00acd0</run_address>
         <size>0xfc</size>
         <input_file_ref idref="fl-137"/>
      </object_component>
      <object_component id="oc-d2">
         <name>.text</name>
         <load_address>0x8e00adcc</load_address>
         <run_address>0x8e00adcc</run_address>
         <size>0xf4</size>
         <input_file_ref idref="fl-14d"/>
      </object_component>
      <object_component id="oc-135">
         <name>.text</name>
         <load_address>0x8e00aec0</load_address>
         <run_address>0x8e00aec0</run_address>
         <size>0xec</size>
         <input_file_ref idref="fl-14f"/>
      </object_component>
      <object_component id="oc-15b">
         <name>.text</name>
         <load_address>0x8e00afac</load_address>
         <run_address>0x8e00afac</run_address>
         <size>0xe4</size>
         <input_file_ref idref="fl-160"/>
      </object_component>
      <object_component id="oc-14">
         <name>.text</name>
         <load_address>0x8e00b090</load_address>
         <run_address>0x8e00b090</run_address>
         <size>0xd4</size>
         <input_file_ref idref="fl-156"/>
      </object_component>
      <object_component id="oc-18d">
         <name>.text:__aeabi_cdcmple</name>
         <load_address>0x8e00b164</load_address>
         <run_address>0x8e00b164</run_address>
         <size>0xd0</size>
         <input_file_ref idref="fl-15b"/>
      </object_component>
      <object_component id="oc-199">
         <name>.text:__aeabi_cdrcmple</name>
         <load_address>0x8e00b234</load_address>
         <run_address>0x8e00b234</run_address>
         <size>0xd0</size>
         <input_file_ref idref="fl-15b"/>
      </object_component>
      <object_component id="oc-156">
         <name>.text</name>
         <load_address>0x8e00b304</load_address>
         <run_address>0x8e00b304</run_address>
         <size>0xc8</size>
         <input_file_ref idref="fl-14e"/>
      </object_component>
      <object_component id="oc-115">
         <name>.text</name>
         <load_address>0x8e00b3cc</load_address>
         <run_address>0x8e00b3cc</run_address>
         <size>0xb0</size>
         <input_file_ref idref="fl-142"/>
      </object_component>
      <object_component id="oc-81">
         <name>.text</name>
         <load_address>0x8e00b47c</load_address>
         <run_address>0x8e00b47c</run_address>
         <size>0xa8</size>
         <input_file_ref idref="fl-13c"/>
      </object_component>
      <object_component id="oc-2b0">
         <name>.text</name>
         <load_address>0x8e00b524</load_address>
         <run_address>0x8e00b524</run_address>
         <size>0xa8</size>
         <input_file_ref idref="fl-14c"/>
      </object_component>
      <object_component id="oc-86">
         <name>.text</name>
         <load_address>0x8e00b5cc</load_address>
         <run_address>0x8e00b5cc</run_address>
         <size>0xa4</size>
         <input_file_ref idref="fl-13d"/>
      </object_component>
      <object_component id="oc-72">
         <name>.text</name>
         <load_address>0x8e00b670</load_address>
         <run_address>0x8e00b670</run_address>
         <size>0xa4</size>
         <input_file_ref idref="fl-143"/>
      </object_component>
      <object_component id="oc-24e">
         <name>.text</name>
         <load_address>0x8e00b714</load_address>
         <run_address>0x8e00b714</run_address>
         <size>0x90</size>
         <input_file_ref idref="fl-171"/>
      </object_component>
      <object_component id="oc-1b8">
         <name>.text</name>
         <load_address>0x8e00b7a4</load_address>
         <run_address>0x8e00b7a4</run_address>
         <size>0x84</size>
         <input_file_ref idref="fl-155"/>
      </object_component>
      <object_component id="oc-28">
         <name>.text</name>
         <load_address>0x8e00b828</load_address>
         <run_address>0x8e00b828</run_address>
         <size>0x84</size>
         <input_file_ref idref="fl-157"/>
      </object_component>
      <object_component id="oc-1a1">
         <name>.text</name>
         <load_address>0x8e00b8ac</load_address>
         <run_address>0x8e00b8ac</run_address>
         <size>0x80</size>
         <input_file_ref idref="fl-164"/>
      </object_component>
      <object_component id="oc-1d">
         <name>.text</name>
         <load_address>0x8e00b92c</load_address>
         <run_address>0x8e00b92c</run_address>
         <size>0x78</size>
         <input_file_ref idref="fl-136"/>
      </object_component>
      <object_component id="oc-19d">
         <name>.text</name>
         <load_address>0x8e00b9a4</load_address>
         <run_address>0x8e00b9a4</run_address>
         <size>0x5c</size>
         <input_file_ref idref="fl-15e"/>
      </object_component>
      <object_component id="oc-217">
         <name>.text</name>
         <load_address>0x8e00ba00</load_address>
         <run_address>0x8e00ba00</run_address>
         <size>0x58</size>
         <input_file_ref idref="fl-15f"/>
      </object_component>
      <object_component id="oc-d">
         <name>.text</name>
         <load_address>0x8e00ba58</load_address>
         <run_address>0x8e00ba58</run_address>
         <size>0x48</size>
         <input_file_ref idref="fl-134"/>
      </object_component>
      <object_component id="oc-1d5">
         <name>.text</name>
         <load_address>0x8e00baa0</load_address>
         <run_address>0x8e00baa0</run_address>
         <size>0x48</size>
         <input_file_ref idref="fl-149"/>
      </object_component>
      <object_component id="oc-1a6">
         <name>.text</name>
         <load_address>0x8e00bae8</load_address>
         <run_address>0x8e00bae8</run_address>
         <size>0x3c</size>
         <input_file_ref idref="fl-163"/>
      </object_component>
      <object_component id="oc-182">
         <name>.text</name>
         <load_address>0x8e00bb24</load_address>
         <run_address>0x8e00bb24</run_address>
         <size>0x2c</size>
         <input_file_ref idref="fl-166"/>
      </object_component>
      <object_component id="oc-22a">
         <name>.text</name>
         <load_address>0x8e00bb50</load_address>
         <run_address>0x8e00bb50</run_address>
         <size>0x2c</size>
         <input_file_ref idref="fl-169"/>
      </object_component>
      <object_component id="oc-1b3">
         <name>.text</name>
         <load_address>0x8e00bb7c</load_address>
         <run_address>0x8e00bb7c</run_address>
         <size>0x28</size>
         <input_file_ref idref="fl-165"/>
      </object_component>
      <object_component id="oc-1d0">
         <name>.text</name>
         <load_address>0x8e00bba4</load_address>
         <run_address>0x8e00bba4</run_address>
         <size>0x28</size>
         <input_file_ref idref="fl-146"/>
      </object_component>
      <object_component id="oc-6d">
         <name>.text</name>
         <load_address>0x8e00bbcc</load_address>
         <run_address>0x8e00bbcc</run_address>
         <size>0x28</size>
         <input_file_ref idref="fl-147"/>
      </object_component>
      <object_component id="oc-b6">
         <name>.text</name>
         <load_address>0x8e00bbf4</load_address>
         <run_address>0x8e00bbf4</run_address>
         <size>0x24</size>
         <input_file_ref idref="fl-151"/>
      </object_component>
      <object_component id="oc-18">
         <name>.text</name>
         <load_address>0x8e00bc18</load_address>
         <run_address>0x8e00bc18</run_address>
         <size>0x20</size>
         <input_file_ref idref="fl-154"/>
      </object_component>
      <object_component id="oc-17d">
         <name>.text</name>
         <load_address>0x8e00bc38</load_address>
         <run_address>0x8e00bc38</run_address>
         <size>0x20</size>
         <input_file_ref idref="fl-168"/>
      </object_component>
      <object_component id="oc-63">
         <name>.text</name>
         <load_address>0x8e00bc58</load_address>
         <run_address>0x8e00bc58</run_address>
         <size>0x1c</size>
         <input_file_ref idref="fl-148"/>
      </object_component>
      <object_component id="oc-1ae">
         <name>.text</name>
         <load_address>0x8e00bc74</load_address>
         <run_address>0x8e00bc74</run_address>
         <size>0x14</size>
         <input_file_ref idref="fl-170"/>
      </object_component>
      <object_component id="oc-13c">
         <name>.const:.string:_ctypes_</name>
         <load_address>0x8e01bc88</load_address>
         <run_address>0x8e01bc88</run_address>
         <size>0x104</size>
         <input_file_ref idref="fl-158"/>
      </object_component>
      <object_component id="oc-f0">
         <name>.const:DEVICE_NAND_CHIP_infoTable</name>
         <load_address>0x8e01bd8c</load_address>
         <run_address>0x8e01bd8c</run_address>
         <size>0xd8</size>
         <input_file_ref idref="fl-5"/>
      </object_component>
      <object_component id="oc-28b">
         <name>.const:digits</name>
         <load_address>0x8e01be68</load_address>
         <run_address>0x8e01be68</run_address>
         <size>0x50</size>
         <input_file_ref idref="fl-16a"/>
      </object_component>
      <object_component id="oc-292">
         <name>.const:digits</name>
         <load_address>0x8e01beb8</load_address>
         <run_address>0x8e01beb8</run_address>
         <size>0x50</size>
         <input_file_ref idref="fl-16c"/>
      </object_component>
      <object_component id="oc-ec">
         <name>.const:DEVICE_NAND_PAGE_layout</name>
         <load_address>0x8e01bf08</load_address>
         <run_address>0x8e01bf08</run_address>
         <size>0x48</size>
         <input_file_ref idref="fl-5"/>
      </object_component>
      <object_component id="oc-28d">
         <name>.const:powerof10</name>
         <load_address>0x8e01bf50</load_address>
         <run_address>0x8e01bf50</run_address>
         <size>0x48</size>
         <input_file_ref idref="fl-16a"/>
      </object_component>
      <object_component id="oc-294">
         <name>.const:powerof10</name>
         <load_address>0x8e01bf98</load_address>
         <run_address>0x8e01bf98</run_address>
         <size>0x48</size>
         <input_file_ref idref="fl-16c"/>
      </object_component>
      <object_component id="oc-ee">
         <name>.const</name>
         <load_address>0x8e01bfe0</load_address>
         <run_address>0x8e01bfe0</run_address>
         <size>0x2c</size>
         <input_file_ref idref="fl-5"/>
      </object_component>
      <object_component id="oc-da">
         <name>.const</name>
         <load_address>0x8e01c00c</load_address>
         <run_address>0x8e01c00c</run_address>
         <size>0x24</size>
         <input_file_ref idref="fl-6"/>
      </object_component>
      <object_component id="oc-22f">
         <name>.const:.string</name>
         <load_address>0x8e01c030</load_address>
         <run_address>0x8e01c030</run_address>
         <size>0xd</size>
         <input_file_ref idref="fl-153"/>
      </object_component>
      <object_component id="oc-151">
         <name>.const:.string</name>
         <load_address>0x8e01c040</load_address>
         <run_address>0x8e01c040</run_address>
         <size>0x8</size>
         <input_file_ref idref="fl-6"/>
      </object_component>
      <object_component id="oc-12c">
         <name>.bss:__TI_tmpnams</name>
         <uninitialized>true</uninitialized>
         <run_address>0x8e01c360</run_address>
         <size>0xa0</size>
         <input_file_ref idref="fl-135"/>
      </object_component>
      <object_component id="oc-2d5">
         <name>.bss:__CIOBUF_</name>
         <uninitialized>true</uninitialized>
         <run_address>0x8e01c240</run_address>
         <size>0x120</size>
         <input_file_ref idref="fl-14c"/>
      </object_component>
      <object_component id="oc-cf">
         <name>.common:currMemPtr</name>
         <uninitialized>true</uninitialized>
         <run_address>0x8e01c408</run_address>
         <size>0x4</size>
      </object_component>
      <object_component id="oc-9c">
         <name>.common:gNandTx</name>
         <uninitialized>true</uninitialized>
         <run_address>0x8e01c410</run_address>
         <size>0x4</size>
      </object_component>
      <object_component id="oc-9e">
         <name>.common:gNandRx</name>
         <uninitialized>true</uninitialized>
         <run_address>0x8e01c40c</run_address>
         <size>0x4</size>
      </object_component>
      <object_component id="oc-2b5">
         <name>.common:parmbuf</name>
         <uninitialized>true</uninitialized>
         <run_address>0x8e01c400</run_address>
         <size>0x8</size>
      </object_component>
      <object_component id="oc-11">
         <name>.stack</name>
         <uninitialized>true</uninitialized>
         <run_address>0x8e00bc88</run_address>
         <size>0x0</size>
         <input_file_ref idref="fl-134"/>
      </object_component>
      <object_component id="oc-2f8">
         <name>.stack</name>
         <uninitialized>true</uninitialized>
         <run_address>0x8e00bc88</run_address>
         <size>0x0</size>
      </object_component>
      <object_component id="oc-9a">
         <name>.data:_ftable</name>
         <load_address>0x8e01c048</load_address>
         <run_address>0x8e01c048</run_address>
         <size>0xf0</size>
         <input_file_ref idref="fl-135"/>
      </object_component>
      <object_component id="oc-1da">
         <name>.data</name>
         <load_address>0x8e01c138</load_address>
         <run_address>0x8e01c138</run_address>
         <size>0xd0</size>
         <input_file_ref idref="fl-13f"/>
      </object_component>
      <object_component id="oc-111">
         <name>.data</name>
         <load_address>0x8e01c208</load_address>
         <run_address>0x8e01c208</run_address>
         <size>0x10</size>
         <input_file_ref idref="fl-135"/>
      </object_component>
      <object_component id="oc-1f0">
         <name>.data</name>
         <load_address>0x8e01c218</load_address>
         <run_address>0x8e01c218</run_address>
         <size>0xc</size>
         <input_file_ref idref="fl-141"/>
      </object_component>
      <object_component id="oc-3a">
         <name>.data</name>
         <load_address>0x8e01c224</load_address>
         <run_address>0x8e01c224</run_address>
         <size>0x8</size>
         <input_file_ref idref="fl-151"/>
      </object_component>
      <object_component id="oc-3c">
         <name>.data</name>
         <load_address>0x8e01c22c</load_address>
         <run_address>0x8e01c22c</run_address>
         <size>0x8</size>
         <input_file_ref idref="fl-136"/>
      </object_component>
      <object_component id="oc-11e">
         <name>.data</name>
         <load_address>0x8e01c234</load_address>
         <run_address>0x8e01c234</run_address>
         <size>0x4</size>
         <input_file_ref idref="fl-159"/>
      </object_component>
      <object_component id="oc-119">
         <name>.data</name>
         <load_address>0x8e01c238</load_address>
         <run_address>0x8e01c238</run_address>
         <size>0x4</size>
         <input_file_ref idref="fl-139"/>
      </object_component>
      <object_component id="oc-22">
         <name>.data</name>
         <load_address>0x8e01c23c</load_address>
         <run_address>0x8e01c23c</run_address>
         <size>0x4</size>
         <input_file_ref idref="fl-145"/>
      </object_component>
      <object_component id="oc-12">
         <name>.sysmem</name>
         <uninitialized>true</uninitialized>
         <run_address>0x8e013c88</run_address>
         <size>0x8</size>
         <input_file_ref idref="fl-141"/>
      </object_component>
      <object_component id="oc-2f9">
         <name>.sysmem</name>
         <uninitialized>true</uninitialized>
         <run_address>0x8e013c88</run_address>
         <size>0x0</size>
      </object_component>
      <object_component id="oc-e">
         <name>.debug_line</name>
         <load_address>0x0</load_address>
         <run_address>0x0</run_address>
         <size>0x48</size>
         <input_file_ref idref="fl-134"/>
      </object_component>
      <object_component id="oc-15">
         <name>.debug_line</name>
         <load_address>0x48</load_address>
         <run_address>0x48</run_address>
         <size>0x7d</size>
         <input_file_ref idref="fl-156"/>
      </object_component>
      <object_component id="oc-1a">
         <name>.debug_line</name>
         <load_address>0xc5</load_address>
         <run_address>0xc5</run_address>
         <size>0x53</size>
         <input_file_ref idref="fl-154"/>
      </object_component>
      <object_component id="oc-21">
         <name>.debug_line</name>
         <load_address>0x118</load_address>
         <run_address>0x118</run_address>
         <size>0x80</size>
         <input_file_ref idref="fl-136"/>
      </object_component>
      <object_component id="oc-26">
         <name>.debug_line</name>
         <load_address>0x198</load_address>
         <run_address>0x198</run_address>
         <size>0x2c</size>
         <input_file_ref idref="fl-141"/>
      </object_component>
      <object_component id="oc-2a">
         <name>.debug_line</name>
         <load_address>0x1c4</load_address>
         <run_address>0x1c4</run_address>
         <size>0x68</size>
         <input_file_ref idref="fl-157"/>
      </object_component>
      <object_component id="oc-30">
         <name>.debug_line</name>
         <load_address>0x22c</load_address>
         <run_address>0x22c</run_address>
         <size>0x21f</size>
         <input_file_ref idref="fl-3"/>
      </object_component>
      <object_component id="oc-36">
         <name>.debug_line</name>
         <load_address>0x44b</load_address>
         <run_address>0x44b</run_address>
         <size>0x20</size>
         <input_file_ref idref="fl-2"/>
      </object_component>
      <object_component id="oc-41">
         <name>.debug_line</name>
         <load_address>0x46b</load_address>
         <run_address>0x46b</run_address>
         <size>0x33</size>
         <input_file_ref idref="fl-145"/>
      </object_component>
      <object_component id="oc-43">
         <name>.debug_line</name>
         <load_address>0x49e</load_address>
         <run_address>0x49e</run_address>
         <size>0x73</size>
         <input_file_ref idref="fl-141"/>
      </object_component>
      <object_component id="oc-46">
         <name>.debug_line</name>
         <load_address>0x511</load_address>
         <run_address>0x511</run_address>
         <size>0x44</size>
         <input_file_ref idref="fl-139"/>
      </object_component>
      <object_component id="oc-4b">
         <name>.debug_line</name>
         <load_address>0x555</load_address>
         <run_address>0x555</run_address>
         <size>0x2c</size>
         <input_file_ref idref="fl-141"/>
      </object_component>
      <object_component id="oc-4f">
         <name>.debug_line</name>
         <load_address>0x581</load_address>
         <run_address>0x581</run_address>
         <size>0x9a</size>
         <input_file_ref idref="fl-140"/>
      </object_component>
      <object_component id="oc-56">
         <name>.debug_line</name>
         <load_address>0x61b</load_address>
         <run_address>0x61b</run_address>
         <size>0x224</size>
         <input_file_ref idref="fl-2"/>
      </object_component>
      <object_component id="oc-5b">
         <name>.debug_line</name>
         <load_address>0x83f</load_address>
         <run_address>0x83f</run_address>
         <size>0x429</size>
         <input_file_ref idref="fl-6"/>
      </object_component>
      <object_component id="oc-60">
         <name>.debug_line</name>
         <load_address>0xc68</load_address>
         <run_address>0xc68</run_address>
         <size>0x120</size>
         <input_file_ref idref="fl-7"/>
      </object_component>
      <object_component id="oc-65">
         <name>.debug_line</name>
         <load_address>0xd88</load_address>
         <run_address>0xd88</run_address>
         <size>0x5d</size>
         <input_file_ref idref="fl-148"/>
      </object_component>
      <object_component id="oc-6a">
         <name>.debug_line</name>
         <load_address>0xde5</load_address>
         <run_address>0xde5</run_address>
         <size>0x875</size>
         <input_file_ref idref="fl-4"/>
      </object_component>
      <object_component id="oc-6f">
         <name>.debug_line</name>
         <load_address>0x165a</load_address>
         <run_address>0x165a</run_address>
         <size>0x5c</size>
         <input_file_ref idref="fl-147"/>
      </object_component>
      <object_component id="oc-74">
         <name>.debug_line</name>
         <load_address>0x16b6</load_address>
         <run_address>0x16b6</run_address>
         <size>0x8f</size>
         <input_file_ref idref="fl-143"/>
      </object_component>
      <object_component id="oc-7a">
         <name>.debug_line</name>
         <load_address>0x1745</load_address>
         <run_address>0x1745</run_address>
         <size>0xb8</size>
         <input_file_ref idref="fl-138"/>
      </object_component>
      <object_component id="oc-7e">
         <name>.debug_line</name>
         <load_address>0x17fd</load_address>
         <run_address>0x17fd</run_address>
         <size>0x161</size>
         <input_file_ref idref="fl-139"/>
      </object_component>
      <object_component id="oc-82">
         <name>.debug_line</name>
         <load_address>0x195e</load_address>
         <run_address>0x195e</run_address>
         <size>0x6f</size>
         <input_file_ref idref="fl-13c"/>
      </object_component>
      <object_component id="oc-88">
         <name>.debug_line</name>
         <load_address>0x19cd</load_address>
         <run_address>0x19cd</run_address>
         <size>0x75</size>
         <input_file_ref idref="fl-13d"/>
      </object_component>
      <object_component id="oc-8f">
         <name>.debug_line</name>
         <load_address>0x1a42</load_address>
         <run_address>0x1a42</run_address>
         <size>0x96</size>
         <input_file_ref idref="fl-137"/>
      </object_component>
      <object_component id="oc-92">
         <name>.debug_line</name>
         <load_address>0x1ad8</load_address>
         <run_address>0x1ad8</run_address>
         <size>0xe6</size>
         <input_file_ref idref="fl-13a"/>
      </object_component>
      <object_component id="oc-96">
         <name>.debug_line</name>
         <load_address>0x1bbe</load_address>
         <run_address>0x1bbe</run_address>
         <size>0xbd</size>
         <input_file_ref idref="fl-14a"/>
      </object_component>
      <object_component id="oc-a2">
         <name>.debug_line</name>
         <load_address>0x1c7b</load_address>
         <run_address>0x1c7b</run_address>
         <size>0x64</size>
         <input_file_ref idref="fl-2"/>
      </object_component>
      <object_component id="oc-a7">
         <name>.debug_line</name>
         <load_address>0x1cdf</load_address>
         <run_address>0x1cdf</run_address>
         <size>0x64</size>
         <input_file_ref idref="fl-3"/>
      </object_component>
      <object_component id="oc-ac">
         <name>.debug_line</name>
         <load_address>0x1d43</load_address>
         <run_address>0x1d43</run_address>
         <size>0x5e</size>
         <input_file_ref idref="fl-3"/>
      </object_component>
      <object_component id="oc-b0">
         <name>.debug_line</name>
         <load_address>0x1da1</load_address>
         <run_address>0x1da1</run_address>
         <size>0x2b</size>
         <input_file_ref idref="fl-154"/>
      </object_component>
      <object_component id="oc-b3">
         <name>.debug_line</name>
         <load_address>0x1dcc</load_address>
         <run_address>0x1dcc</run_address>
         <size>0x2b</size>
         <input_file_ref idref="fl-154"/>
      </object_component>
      <object_component id="oc-b7">
         <name>.debug_line</name>
         <load_address>0x1df7</load_address>
         <run_address>0x1df7</run_address>
         <size>0x64</size>
         <input_file_ref idref="fl-151"/>
      </object_component>
      <object_component id="oc-bc">
         <name>.debug_line</name>
         <load_address>0x1e5b</load_address>
         <run_address>0x1e5b</run_address>
         <size>0x2b</size>
         <input_file_ref idref="fl-151"/>
      </object_component>
      <object_component id="oc-bf">
         <name>.debug_line</name>
         <load_address>0x1e86</load_address>
         <run_address>0x1e86</run_address>
         <size>0x2a</size>
         <input_file_ref idref="fl-136"/>
      </object_component>
      <object_component id="oc-c1">
         <name>.debug_line</name>
         <load_address>0x1eb0</load_address>
         <run_address>0x1eb0</run_address>
         <size>0x43</size>
         <input_file_ref idref="fl-136"/>
      </object_component>
      <object_component id="oc-c4">
         <name>.debug_line</name>
         <load_address>0x1ef3</load_address>
         <run_address>0x1ef3</run_address>
         <size>0x51</size>
         <input_file_ref idref="fl-157"/>
      </object_component>
      <object_component id="oc-c7">
         <name>.debug_line</name>
         <load_address>0x1f44</load_address>
         <run_address>0x1f44</run_address>
         <size>0x44</size>
         <input_file_ref idref="fl-13a"/>
      </object_component>
      <object_component id="oc-cc">
         <name>.debug_line</name>
         <load_address>0x1f88</load_address>
         <run_address>0x1f88</run_address>
         <size>0x45</size>
         <input_file_ref idref="fl-157"/>
      </object_component>
      <object_component id="oc-d3">
         <name>.debug_line</name>
         <load_address>0x1fcd</load_address>
         <run_address>0x1fcd</run_address>
         <size>0x86</size>
         <input_file_ref idref="fl-14d"/>
      </object_component>
      <object_component id="oc-d9">
         <name>.debug_line</name>
         <load_address>0x2053</load_address>
         <run_address>0x2053</run_address>
         <size>0x8f</size>
         <input_file_ref idref="fl-13e"/>
      </object_component>
      <object_component id="oc-e0">
         <name>.debug_line</name>
         <load_address>0x20e2</load_address>
         <run_address>0x20e2</run_address>
         <size>0x60</size>
         <input_file_ref idref="fl-2"/>
      </object_component>
      <object_component id="oc-e5">
         <name>.debug_line</name>
         <load_address>0x2142</load_address>
         <run_address>0x2142</run_address>
         <size>0x1e3</size>
         <input_file_ref idref="fl-13b"/>
      </object_component>
      <object_component id="oc-f9">
         <name>.debug_line</name>
         <load_address>0x2325</load_address>
         <run_address>0x2325</run_address>
         <size>0xba</size>
         <input_file_ref idref="fl-161"/>
      </object_component>
      <object_component id="oc-fc">
         <name>.debug_line</name>
         <load_address>0x23df</load_address>
         <run_address>0x23df</run_address>
         <size>0xf9</size>
         <input_file_ref idref="fl-162"/>
      </object_component>
      <object_component id="oc-102">
         <name>.debug_line</name>
         <load_address>0x24d8</load_address>
         <run_address>0x24d8</run_address>
         <size>0x8d2</size>
         <input_file_ref idref="fl-152"/>
      </object_component>
      <object_component id="oc-109">
         <name>.debug_line</name>
         <load_address>0x2daa</load_address>
         <run_address>0x2daa</run_address>
         <size>0x67</size>
         <input_file_ref idref="fl-3"/>
      </object_component>
      <object_component id="oc-10e">
         <name>.debug_line</name>
         <load_address>0x2e11</load_address>
         <run_address>0x2e11</run_address>
         <size>0x2b3</size>
         <input_file_ref idref="fl-13f"/>
      </object_component>
      <object_component id="oc-118">
         <name>.debug_line</name>
         <load_address>0x30c4</load_address>
         <run_address>0x30c4</run_address>
         <size>0x73</size>
         <input_file_ref idref="fl-142"/>
      </object_component>
      <object_component id="oc-124">
         <name>.debug_line</name>
         <load_address>0x3137</load_address>
         <run_address>0x3137</run_address>
         <size>0x43</size>
         <input_file_ref idref="fl-13d"/>
      </object_component>
      <object_component id="oc-129">
         <name>.debug_line</name>
         <load_address>0x317a</load_address>
         <run_address>0x317a</run_address>
         <size>0x2dd</size>
         <input_file_ref idref="fl-141"/>
      </object_component>
      <object_component id="oc-133">
         <name>.debug_line</name>
         <load_address>0x3457</load_address>
         <run_address>0x3457</run_address>
         <size>0x9d</size>
         <input_file_ref idref="fl-150"/>
      </object_component>
      <object_component id="oc-137">
         <name>.debug_line</name>
         <load_address>0x34f4</load_address>
         <run_address>0x34f4</run_address>
         <size>0x83</size>
         <input_file_ref idref="fl-14f"/>
      </object_component>
      <object_component id="oc-141">
         <name>.debug_line</name>
         <load_address>0x3577</load_address>
         <run_address>0x3577</run_address>
         <size>0x2a</size>
         <input_file_ref idref="fl-135"/>
      </object_component>
      <object_component id="oc-144">
         <name>.debug_line</name>
         <load_address>0x35a1</load_address>
         <run_address>0x35a1</run_address>
         <size>0x20a</size>
         <input_file_ref idref="fl-3"/>
      </object_component>
      <object_component id="oc-147">
         <name>.debug_line</name>
         <load_address>0x37ab</load_address>
         <run_address>0x37ab</run_address>
         <size>0x66</size>
         <input_file_ref idref="fl-3"/>
      </object_component>
      <object_component id="oc-14c">
         <name>.debug_line</name>
         <load_address>0x3811</load_address>
         <run_address>0x3811</run_address>
         <size>0x20</size>
         <input_file_ref idref="fl-151"/>
      </object_component>
      <object_component id="oc-14e">
         <name>.debug_line</name>
         <load_address>0x3831</load_address>
         <run_address>0x3831</run_address>
         <size>0x35</size>
         <input_file_ref idref="fl-2"/>
      </object_component>
      <object_component id="oc-153">
         <name>.debug_line</name>
         <load_address>0x3866</load_address>
         <run_address>0x3866</run_address>
         <size>0x37</size>
         <input_file_ref idref="fl-6"/>
      </object_component>
      <object_component id="oc-155">
         <name>.debug_line</name>
         <load_address>0x389d</load_address>
         <run_address>0x389d</run_address>
         <size>0x5e</size>
         <input_file_ref idref="fl-6"/>
      </object_component>
      <object_component id="oc-158">
         <name>.debug_line</name>
         <load_address>0x38fb</load_address>
         <run_address>0x38fb</run_address>
         <size>0x79</size>
         <input_file_ref idref="fl-14e"/>
      </object_component>
      <object_component id="oc-15d">
         <name>.debug_line</name>
         <load_address>0x3974</load_address>
         <run_address>0x3974</run_address>
         <size>0xb1</size>
         <input_file_ref idref="fl-160"/>
      </object_component>
      <object_component id="oc-161">
         <name>.debug_line</name>
         <load_address>0x3a25</load_address>
         <run_address>0x3a25</run_address>
         <size>0x5dd</size>
         <input_file_ref idref="fl-153"/>
      </object_component>
      <object_component id="oc-168">
         <name>.debug_line</name>
         <load_address>0x4002</load_address>
         <run_address>0x4002</run_address>
         <size>0x66</size>
         <input_file_ref idref="fl-7"/>
      </object_component>
      <object_component id="oc-16a">
         <name>.debug_line</name>
         <load_address>0x4068</load_address>
         <run_address>0x4068</run_address>
         <size>0x20</size>
         <input_file_ref idref="fl-148"/>
      </object_component>
      <object_component id="oc-16c">
         <name>.debug_line</name>
         <load_address>0x4088</load_address>
         <run_address>0x4088</run_address>
         <size>0x3c</size>
         <input_file_ref idref="fl-5"/>
      </object_component>
      <object_component id="oc-170">
         <name>.debug_line</name>
         <load_address>0x40c4</load_address>
         <run_address>0x40c4</run_address>
         <size>0x211</size>
         <input_file_ref idref="fl-5"/>
      </object_component>
      <object_component id="oc-174">
         <name>.debug_line</name>
         <load_address>0x42d5</load_address>
         <run_address>0x42d5</run_address>
         <size>0x3c</size>
         <input_file_ref idref="fl-5"/>
      </object_component>
      <object_component id="oc-176">
         <name>.debug_line</name>
         <load_address>0x4311</load_address>
         <run_address>0x4311</run_address>
         <size>0x3c</size>
         <input_file_ref idref="fl-5"/>
      </object_component>
      <object_component id="oc-178">
         <name>.debug_line</name>
         <load_address>0x434d</load_address>
         <run_address>0x434d</run_address>
         <size>0xb2</size>
         <input_file_ref idref="fl-4"/>
      </object_component>
      <object_component id="oc-17a">
         <name>.debug_line</name>
         <load_address>0x43ff</load_address>
         <run_address>0x43ff</run_address>
         <size>0x20</size>
         <input_file_ref idref="fl-147"/>
      </object_component>
      <object_component id="oc-17e">
         <name>.debug_line</name>
         <load_address>0x441f</load_address>
         <run_address>0x441f</run_address>
         <size>0x5d</size>
         <input_file_ref idref="fl-168"/>
      </object_component>
      <object_component id="oc-184">
         <name>.debug_line</name>
         <load_address>0x447c</load_address>
         <run_address>0x447c</run_address>
         <size>0x65</size>
         <input_file_ref idref="fl-166"/>
      </object_component>
      <object_component id="oc-18a">
         <name>.debug_line</name>
         <load_address>0x44e1</load_address>
         <run_address>0x44e1</run_address>
         <size>0xf9</size>
         <input_file_ref idref="fl-16f"/>
      </object_component>
      <object_component id="oc-18f">
         <name>.debug_line</name>
         <load_address>0x45da</load_address>
         <run_address>0x45da</run_address>
         <size>0x71</size>
         <input_file_ref idref="fl-15b"/>
      </object_component>
      <object_component id="oc-193">
         <name>.debug_line</name>
         <load_address>0x464b</load_address>
         <run_address>0x464b</run_address>
         <size>0x87</size>
         <input_file_ref idref="fl-15d"/>
      </object_component>
      <object_component id="oc-197">
         <name>.debug_line</name>
         <load_address>0x46d2</load_address>
         <run_address>0x46d2</run_address>
         <size>0xa1</size>
         <input_file_ref idref="fl-15c"/>
      </object_component>
      <object_component id="oc-19b">
         <name>.debug_line</name>
         <load_address>0x4773</load_address>
         <run_address>0x4773</run_address>
         <size>0x71</size>
         <input_file_ref idref="fl-15b"/>
      </object_component>
      <object_component id="oc-19f">
         <name>.debug_line</name>
         <load_address>0x47e4</load_address>
         <run_address>0x47e4</run_address>
         <size>0x51</size>
         <input_file_ref idref="fl-15e"/>
      </object_component>
      <object_component id="oc-1a3">
         <name>.debug_line</name>
         <load_address>0x4835</load_address>
         <run_address>0x4835</run_address>
         <size>0x63</size>
         <input_file_ref idref="fl-164"/>
      </object_component>
      <object_component id="oc-1a8">
         <name>.debug_line</name>
         <load_address>0x4898</load_address>
         <run_address>0x4898</run_address>
         <size>0x49</size>
         <input_file_ref idref="fl-163"/>
      </object_component>
      <object_component id="oc-1ab">
         <name>.debug_line</name>
         <load_address>0x48e1</load_address>
         <run_address>0x48e1</run_address>
         <size>0xc2</size>
         <input_file_ref idref="fl-15a"/>
      </object_component>
      <object_component id="oc-1b0">
         <name>.debug_line</name>
         <load_address>0x49a3</load_address>
         <run_address>0x49a3</run_address>
         <size>0x3f</size>
         <input_file_ref idref="fl-170"/>
      </object_component>
      <object_component id="oc-1b4">
         <name>.debug_line</name>
         <load_address>0x49e2</load_address>
         <run_address>0x49e2</run_address>
         <size>0x48</size>
         <input_file_ref idref="fl-165"/>
      </object_component>
      <object_component id="oc-1ba">
         <name>.debug_line</name>
         <load_address>0x4a2a</load_address>
         <run_address>0x4a2a</run_address>
         <size>0x61</size>
         <input_file_ref idref="fl-155"/>
      </object_component>
      <object_component id="oc-1c1">
         <name>.debug_line</name>
         <load_address>0x4a8b</load_address>
         <run_address>0x4a8b</run_address>
         <size>0x44</size>
         <input_file_ref idref="fl-152"/>
      </object_component>
      <object_component id="oc-1c6">
         <name>.debug_line</name>
         <load_address>0x4acf</load_address>
         <run_address>0x4acf</run_address>
         <size>0x2e</size>
         <input_file_ref idref="fl-152"/>
      </object_component>
      <object_component id="oc-1ca">
         <name>.debug_line</name>
         <load_address>0x4afd</load_address>
         <run_address>0x4afd</run_address>
         <size>0x72</size>
         <input_file_ref idref="fl-143"/>
      </object_component>
      <object_component id="oc-1cd">
         <name>.debug_line</name>
         <load_address>0x4b6f</load_address>
         <run_address>0x4b6f</run_address>
         <size>0x43</size>
         <input_file_ref idref="fl-135"/>
      </object_component>
      <object_component id="oc-1d2">
         <name>.debug_line</name>
         <load_address>0x4bb2</load_address>
         <run_address>0x4bb2</run_address>
         <size>0x62</size>
         <input_file_ref idref="fl-146"/>
      </object_component>
      <object_component id="oc-1d7">
         <name>.debug_line</name>
         <load_address>0x4c14</load_address>
         <run_address>0x4c14</run_address>
         <size>0x66</size>
         <input_file_ref idref="fl-149"/>
      </object_component>
      <object_component id="oc-1e0">
         <name>.debug_line</name>
         <load_address>0x4c7a</load_address>
         <run_address>0x4c7a</run_address>
         <size>0x2a</size>
         <input_file_ref idref="fl-13c"/>
      </object_component>
      <object_component id="oc-1e4">
         <name>.debug_line</name>
         <load_address>0x4ca4</load_address>
         <run_address>0x4ca4</run_address>
         <size>0x2a</size>
         <input_file_ref idref="fl-135"/>
      </object_component>
      <object_component id="oc-1e6">
         <name>.debug_line</name>
         <load_address>0x4cce</load_address>
         <run_address>0x4cce</run_address>
         <size>0x7c</size>
         <input_file_ref idref="fl-138"/>
      </object_component>
      <object_component id="oc-1e9">
         <name>.debug_line</name>
         <load_address>0x4d4a</load_address>
         <run_address>0x4d4a</run_address>
         <size>0x9f</size>
         <input_file_ref idref="fl-139"/>
      </object_component>
      <object_component id="oc-1eb">
         <name>.debug_line</name>
         <load_address>0x4de9</load_address>
         <run_address>0x4de9</run_address>
         <size>0x58</size>
         <input_file_ref idref="fl-13c"/>
      </object_component>
      <object_component id="oc-1ed">
         <name>.debug_line</name>
         <load_address>0x4e41</load_address>
         <run_address>0x4e41</run_address>
         <size>0x2b</size>
         <input_file_ref idref="fl-159"/>
      </object_component>
      <object_component id="oc-1ef">
         <name>.debug_line</name>
         <load_address>0x4e6c</load_address>
         <run_address>0x4e6c</run_address>
         <size>0x70</size>
         <input_file_ref idref="fl-13d"/>
      </object_component>
      <object_component id="oc-1f4">
         <name>.debug_line</name>
         <load_address>0x4edc</load_address>
         <run_address>0x4edc</run_address>
         <size>0x2a</size>
         <input_file_ref idref="fl-135"/>
      </object_component>
      <object_component id="oc-1f6">
         <name>.debug_line</name>
         <load_address>0x4f06</load_address>
         <run_address>0x4f06</run_address>
         <size>0xa0</size>
         <input_file_ref idref="fl-137"/>
      </object_component>
      <object_component id="oc-1fa">
         <name>.debug_line</name>
         <load_address>0x4fa6</load_address>
         <run_address>0x4fa6</run_address>
         <size>0xb7</size>
         <input_file_ref idref="fl-167"/>
      </object_component>
      <object_component id="oc-201">
         <name>.debug_line</name>
         <load_address>0x505d</load_address>
         <run_address>0x505d</run_address>
         <size>0x7c</size>
         <input_file_ref idref="fl-13a"/>
      </object_component>
      <object_component id="oc-203">
         <name>.debug_line</name>
         <load_address>0x50d9</load_address>
         <run_address>0x50d9</run_address>
         <size>0x2b</size>
         <input_file_ref idref="fl-158"/>
      </object_component>
      <object_component id="oc-206">
         <name>.debug_line</name>
         <load_address>0x5104</load_address>
         <run_address>0x5104</run_address>
         <size>0x66</size>
         <input_file_ref idref="fl-14a"/>
      </object_component>
      <object_component id="oc-208">
         <name>.debug_line</name>
         <load_address>0x516a</load_address>
         <run_address>0x516a</run_address>
         <size>0x20</size>
         <input_file_ref idref="fl-135"/>
      </object_component>
      <object_component id="oc-20f">
         <name>.debug_line</name>
         <load_address>0x518a</load_address>
         <run_address>0x518a</run_address>
         <size>0xcd</size>
         <input_file_ref idref="fl-16e"/>
      </object_component>
      <object_component id="oc-214">
         <name>.debug_line</name>
         <load_address>0x5257</load_address>
         <run_address>0x5257</run_address>
         <size>0x156</size>
         <input_file_ref idref="fl-16a"/>
      </object_component>
      <object_component id="oc-219">
         <name>.debug_line</name>
         <load_address>0x53ad</load_address>
         <run_address>0x53ad</run_address>
         <size>0x53</size>
         <input_file_ref idref="fl-15f"/>
      </object_component>
      <object_component id="oc-21d">
         <name>.debug_line</name>
         <load_address>0x5400</load_address>
         <run_address>0x5400</run_address>
         <size>0x157</size>
         <input_file_ref idref="fl-16c"/>
      </object_component>
      <object_component id="oc-222">
         <name>.debug_line</name>
         <load_address>0x5557</load_address>
         <run_address>0x5557</run_address>
         <size>0xcf</size>
         <input_file_ref idref="fl-16b"/>
      </object_component>
      <object_component id="oc-227">
         <name>.debug_line</name>
         <load_address>0x5626</load_address>
         <run_address>0x5626</run_address>
         <size>0xee</size>
         <input_file_ref idref="fl-16d"/>
      </object_component>
      <object_component id="oc-22b">
         <name>.debug_line</name>
         <load_address>0x5714</load_address>
         <run_address>0x5714</run_address>
         <size>0x66</size>
         <input_file_ref idref="fl-169"/>
      </object_component>
      <object_component id="oc-234">
         <name>.debug_line</name>
         <load_address>0x577a</load_address>
         <run_address>0x577a</run_address>
         <size>0x2c</size>
         <input_file_ref idref="fl-153"/>
      </object_component>
      <object_component id="oc-238">
         <name>.debug_line</name>
         <load_address>0x57a6</load_address>
         <run_address>0x57a6</run_address>
         <size>0x95</size>
         <input_file_ref idref="fl-13b"/>
      </object_component>
      <object_component id="oc-23a">
         <name>.debug_line</name>
         <load_address>0x583b</load_address>
         <run_address>0x583b</run_address>
         <size>0x20</size>
         <input_file_ref idref="fl-5"/>
      </object_component>
      <object_component id="oc-23d">
         <name>.debug_line</name>
         <load_address>0x585b</load_address>
         <run_address>0x585b</run_address>
         <size>0x7b</size>
         <input_file_ref idref="fl-161"/>
      </object_component>
      <object_component id="oc-243">
         <name>.debug_line</name>
         <load_address>0x58d6</load_address>
         <run_address>0x58d6</run_address>
         <size>0x9f</size>
         <input_file_ref idref="fl-162"/>
      </object_component>
      <object_component id="oc-250">
         <name>.debug_line</name>
         <load_address>0x5975</load_address>
         <run_address>0x5975</run_address>
         <size>0x46</size>
         <input_file_ref idref="fl-171"/>
      </object_component>
      <object_component id="oc-259">
         <name>.debug_line</name>
         <load_address>0x59bb</load_address>
         <run_address>0x59bb</run_address>
         <size>0x98</size>
         <input_file_ref idref="fl-152"/>
      </object_component>
      <object_component id="oc-25c">
         <name>.debug_line</name>
         <load_address>0x5a53</load_address>
         <run_address>0x5a53</run_address>
         <size>0x43</size>
         <input_file_ref idref="fl-13f"/>
      </object_component>
      <object_component id="oc-261">
         <name>.debug_line</name>
         <load_address>0x5a96</load_address>
         <run_address>0x5a96</run_address>
         <size>0x44</size>
         <input_file_ref idref="fl-152"/>
      </object_component>
      <object_component id="oc-26a">
         <name>.debug_line</name>
         <load_address>0x5ada</load_address>
         <run_address>0x5ada</run_address>
         <size>0x1f0</size>
         <input_file_ref idref="fl-14b"/>
      </object_component>
      <object_component id="oc-26e">
         <name>.debug_line</name>
         <load_address>0x5cca</load_address>
         <run_address>0x5cca</run_address>
         <size>0x2c</size>
         <input_file_ref idref="fl-13f"/>
      </object_component>
      <object_component id="oc-270">
         <name>.debug_line</name>
         <load_address>0x5cf6</load_address>
         <run_address>0x5cf6</run_address>
         <size>0x73</size>
         <input_file_ref idref="fl-13f"/>
      </object_component>
      <object_component id="oc-273">
         <name>.debug_line</name>
         <load_address>0x5d69</load_address>
         <run_address>0x5d69</run_address>
         <size>0x2c</size>
         <input_file_ref idref="fl-13f"/>
      </object_component>
      <object_component id="oc-277">
         <name>.debug_line</name>
         <load_address>0x5d95</load_address>
         <run_address>0x5d95</run_address>
         <size>0x2c</size>
         <input_file_ref idref="fl-141"/>
      </object_component>
      <object_component id="oc-27c">
         <name>.debug_line</name>
         <load_address>0x5dc1</load_address>
         <run_address>0x5dc1</run_address>
         <size>0x43</size>
         <input_file_ref idref="fl-14e"/>
      </object_component>
      <object_component id="oc-280">
         <name>.debug_line</name>
         <load_address>0x5e04</load_address>
         <run_address>0x5e04</run_address>
         <size>0x43</size>
         <input_file_ref idref="fl-150"/>
      </object_component>
      <object_component id="oc-282">
         <name>.debug_line</name>
         <load_address>0x5e47</load_address>
         <run_address>0x5e47</run_address>
         <size>0x7e</size>
         <input_file_ref idref="fl-14f"/>
      </object_component>
      <object_component id="oc-284">
         <name>.debug_line</name>
         <load_address>0x5ec5</load_address>
         <run_address>0x5ec5</run_address>
         <size>0x20</size>
         <input_file_ref idref="fl-158"/>
      </object_component>
      <object_component id="oc-286">
         <name>.debug_line</name>
         <load_address>0x5ee5</load_address>
         <run_address>0x5ee5</run_address>
         <size>0x66</size>
         <input_file_ref idref="fl-14e"/>
      </object_component>
      <object_component id="oc-288">
         <name>.debug_line</name>
         <load_address>0x5f4b</load_address>
         <run_address>0x5f4b</run_address>
         <size>0x7b</size>
         <input_file_ref idref="fl-160"/>
      </object_component>
      <object_component id="oc-29f">
         <name>.debug_line</name>
         <load_address>0x5fc6</load_address>
         <run_address>0x5fc6</run_address>
         <size>0x8b</size>
         <input_file_ref idref="fl-153"/>
      </object_component>
      <object_component id="oc-2a1">
         <name>.debug_line</name>
         <load_address>0x6051</load_address>
         <run_address>0x6051</run_address>
         <size>0x20</size>
         <input_file_ref idref="fl-168"/>
      </object_component>
      <object_component id="oc-2a3">
         <name>.debug_line</name>
         <load_address>0x6071</load_address>
         <run_address>0x6071</run_address>
         <size>0x20</size>
         <input_file_ref idref="fl-166"/>
      </object_component>
      <object_component id="oc-2a5">
         <name>.debug_line</name>
         <load_address>0x6091</load_address>
         <run_address>0x6091</run_address>
         <size>0x44</size>
         <input_file_ref idref="fl-164"/>
      </object_component>
      <object_component id="oc-2a9">
         <name>.debug_line</name>
         <load_address>0x60d5</load_address>
         <run_address>0x60d5</run_address>
         <size>0x20</size>
         <input_file_ref idref="fl-165"/>
      </object_component>
      <object_component id="oc-2ab">
         <name>.debug_line</name>
         <load_address>0x60f5</load_address>
         <run_address>0x60f5</run_address>
         <size>0x43</size>
         <input_file_ref idref="fl-155"/>
      </object_component>
      <object_component id="oc-2ad">
         <name>.debug_line</name>
         <load_address>0x6138</load_address>
         <run_address>0x6138</run_address>
         <size>0x20</size>
         <input_file_ref idref="fl-146"/>
      </object_component>
      <object_component id="oc-2af">
         <name>.debug_line</name>
         <load_address>0x6158</load_address>
         <run_address>0x6158</run_address>
         <size>0x20</size>
         <input_file_ref idref="fl-149"/>
      </object_component>
      <object_component id="oc-2b1">
         <name>.debug_line</name>
         <load_address>0x6178</load_address>
         <run_address>0x6178</run_address>
         <size>0x94</size>
         <input_file_ref idref="fl-14c"/>
      </object_component>
      <object_component id="oc-2ba">
         <name>.debug_line</name>
         <load_address>0x620c</load_address>
         <run_address>0x620c</run_address>
         <size>0x42</size>
         <input_file_ref idref="fl-14b"/>
      </object_component>
      <object_component id="oc-2be">
         <name>.debug_line</name>
         <load_address>0x624e</load_address>
         <run_address>0x624e</run_address>
         <size>0x74</size>
         <input_file_ref idref="fl-167"/>
      </object_component>
      <object_component id="oc-2c0">
         <name>.debug_line</name>
         <load_address>0x62c2</load_address>
         <run_address>0x62c2</run_address>
         <size>0x66</size>
         <input_file_ref idref="fl-16e"/>
      </object_component>
      <object_component id="oc-2c2">
         <name>.debug_line</name>
         <load_address>0x6328</load_address>
         <run_address>0x6328</run_address>
         <size>0x2c</size>
         <input_file_ref idref="fl-16a"/>
      </object_component>
      <object_component id="oc-2c4">
         <name>.debug_line</name>
         <load_address>0x6354</load_address>
         <run_address>0x6354</run_address>
         <size>0x2c</size>
         <input_file_ref idref="fl-16a"/>
      </object_component>
      <object_component id="oc-2c6">
         <name>.debug_line</name>
         <load_address>0x6380</load_address>
         <run_address>0x6380</run_address>
         <size>0x8a</size>
         <input_file_ref idref="fl-16a"/>
      </object_component>
      <object_component id="oc-2c8">
         <name>.debug_line</name>
         <load_address>0x640a</load_address>
         <run_address>0x640a</run_address>
         <size>0x2d</size>
         <input_file_ref idref="fl-16c"/>
      </object_component>
      <object_component id="oc-2ca">
         <name>.debug_line</name>
         <load_address>0x6437</load_address>
         <run_address>0x6437</run_address>
         <size>0x2d</size>
         <input_file_ref idref="fl-16c"/>
      </object_component>
      <object_component id="oc-2cc">
         <name>.debug_line</name>
         <load_address>0x6464</load_address>
[...]
         <value>0x8e00b92c</value>
         <object_component_ref idref="oc-1d"/>
      </symbol>
      <symbol id="sm-3ce">
         <name>abort</name>
         <value>0x8e00b934</value>
         <object_component_ref idref="oc-1d"/>
      </symbol>
      <symbol id="sm-3cf">
         <name>exit</name>
         <value>0x8e00b940</value>
         <object_component_ref idref="oc-1d"/>
      </symbol>
      <symbol id="sm-3d0">
         <name>__TI_dtors_ptr</name>
         <value>0x8e01c230</value>
         <object_component_ref idref="oc-3c"/>
      </symbol>
      <symbol id="sm-3d1">
         <name>__TI_cleanup_ptr</name>
         <value>0x8e01c22c</value>
         <object_component_ref idref="oc-3c"/>
      </symbol>
      <symbol id="sm-3e6">
         <name>__TI_closefile</name>
         <value>0x8e00acd0</value>
         <object_component_ref idref="oc-8b"/>
      </symbol>
      <symbol id="sm-3e7">
         <name>fclose</name>
         <value>0x8e00ad7c</value>
         <object_component_ref idref="oc-8b"/>
      </symbol>
      <symbol id="sm-400">
         <name>__TI_doflush</name>
         <value>0x8e00a73c</value>
         <object_component_ref idref="oc-77"/>
      </symbol>
      <symbol id="sm-401">
         <name>fflush</name>
         <value>0x8e00a7c0</value>
         <object_component_ref idref="oc-77"/>
      </symbol>
      <symbol id="sm-436">
         <name>__TI_cleanup</name>
         <value>0x8e008dd4</value>
         <object_component_ref idref="oc-7c"/>
      </symbol>
      <symbol id="sm-437">
         <name>freopen</name>
         <value>0x8e008e20</value>
         <object_component_ref idref="oc-7c"/>
      </symbol>
      <symbol id="sm-438">
         <name>fopen</name>
         <value>0x8e008e6c</value>
         <object_component_ref idref="oc-7c"/>
      </symbol>
      <symbol id="sm-458">
         <name>fread</name>
         <value>0x8e00a2e0</value>
         <object_component_ref idref="oc-90"/>
      </symbol>
      <symbol id="sm-483">
         <name>scanf</name>
         <value>0x8e008b68</value>
         <object_component_ref idref="oc-e3"/>
      </symbol>
      <symbol id="sm-484">
         <name>vscanf</name>
         <value>0x8e008a84</value>
         <object_component_ref idref="oc-e3"/>
      </symbol>
      <symbol id="sm-485">
         <name>fscanf</name>
         <value>0x8e008bec</value>
         <object_component_ref idref="oc-e3"/>
      </symbol>
      <symbol id="sm-486">
         <name>vfscanf</name>
         <value>0x8e008af4</value>
         <object_component_ref idref="oc-e3"/>
      </symbol>
      <symbol id="sm-49c">
         <name>fseek</name>
         <value>0x8e00b47c</value>
         <object_component_ref idref="oc-81"/>
      </symbol>
      <symbol id="sm-4b5">
         <name>ftell</name>
         <value>0x8e00b5cc</value>
         <object_component_ref idref="oc-86"/>
      </symbol>
      <symbol id="sm-4c7">
         <name>__aeabi_idivmod</name>
         <value>0x8e00aaa8</value>
         <object_component_ref idref="oc-d6"/>
      </symbol>
      <symbol id="sm-513">
         <name>open</name>
         <value>0x8e00762c</value>
         <object_component_ref idref="oc-10c"/>
      </symbol>
      <symbol id="sm-514">
         <name>add_device</name>
         <value>0x8e00781c</value>
         <object_component_ref idref="oc-10c"/>
      </symbol>
      <symbol id="sm-515">
         <name>remove_device</name>
         <value>0x8e00759c</value>
         <object_component_ref idref="oc-10c"/>
      </symbol>
      <symbol id="sm-516">
         <name>lseek</name>
         <value>0x8e007744</value>
         <object_component_ref idref="oc-10c"/>
      </symbol>
      <symbol id="sm-517">
         <name>read</name>
         <value>0x8e0075e8</value>
         <object_component_ref idref="oc-10c"/>
      </symbol>
      <symbol id="sm-518">
         <name>rename</name>
         <value>0x8e007530</value>
         <object_component_ref idref="oc-10c"/>
      </symbol>
      <symbol id="sm-519">
         <name>write</name>
         <value>0x8e0073f8</value>
         <object_component_ref idref="oc-10c"/>
      </symbol>
      <symbol id="sm-51a">
         <name>close</name>
         <value>0x8e007788</value>
         <object_component_ref idref="oc-10c"/>
      </symbol>
      <symbol id="sm-51b">
         <name>unlink</name>
         <value>0x8e0074f0</value>
         <object_component_ref idref="oc-10c"/>
      </symbol>
      <symbol id="sm-533">
         <name>memcpy</name>
         <value>0x8e00a468</value>
         <object_component_ref idref="oc-4e"/>
      </symbol>
      <symbol id="sm-534">
         <name>__aeabi_memcpy</name>
         <value>0x8e00a468</value>
         <object_component_ref idref="oc-4e"/>
      </symbol>
      <symbol id="sm-535">
         <name>__aeabi_memcpy8</name>
         <value>0x8e00a468</value>
         <object_component_ref idref="oc-4e"/>
      </symbol>
      <symbol id="sm-536">
         <name>__aeabi_memcpy4</name>
         <value>0x8e00a468</value>
         <object_component_ref idref="oc-4e"/>
      </symbol>
      <symbol id="sm-599">
         <name>_sys_memory</name>
         <value>0x8e013c88</value>
         <object_component_ref idref="oc-12"/>
      </symbol>
      <symbol id="sm-59a">
         <name>free</name>
         <value>0x8e006f84</value>
         <object_component_ref idref="oc-127"/>
      </symbol>
      <symbol id="sm-59b">
         <name>realloc</name>
         <value>0x8e0070d8</value>
         <object_component_ref idref="oc-127"/>
      </symbol>
      <symbol id="sm-59c">
         <name>memalign</name>
         <value>0x8e00725c</value>
         <object_component_ref idref="oc-127"/>
      </symbol>
      <symbol id="sm-59d">
         <name>calloc</name>
         <value>0x8e007394</value>
         <object_component_ref idref="oc-127"/>
      </symbol>
      <symbol id="sm-59e">
         <name>malloc</name>
         <value>0x8e006ed0</value>
         <object_component_ref idref="oc-127"/>
      </symbol>
      <symbol id="sm-59f">
         <name>minit</name>
         <value>0x8e006dd0</value>
         <object_component_ref idref="oc-127"/>
      </symbol>
      <symbol id="sm-5ad">
         <name>__aeabi_memset</name>
         <value>0x8e00b3d0</value>
         <object_component_ref idref="oc-115"/>
      </symbol>
      <symbol id="sm-5ae">
         <name>memset</name>
         <value>0x8e00b3dc</value>
         <object_component_ref idref="oc-115"/>
      </symbol>
      <symbol id="sm-5af">
         <name>__aeabi_memset8</name>
         <value>0x8e00b3d0</value>
         <object_component_ref idref="oc-115"/>
      </symbol>
      <symbol id="sm-5b0">
         <name>__aeabi_memset4</name>
         <value>0x8e00b3d0</value>
         <object_component_ref idref="oc-115"/>
      </symbol>
      <symbol id="sm-5b1">
         <name>__aeabi_memclr8</name>
         <value>0x8e00b3cc</value>
         <object_component_ref idref="oc-115"/>
      </symbol>
      <symbol id="sm-5b2">
         <name>__aeabi_memclr4</name>
         <value>0x8e00b3cc</value>
         <object_component_ref idref="oc-115"/>
      </symbol>
      <symbol id="sm-5b3">
         <name>__aeabi_memclr</name>
         <value>0x8e00b3cc</value>
         <object_component_ref idref="oc-115"/>
      </symbol>
      <symbol id="sm-5cb">
         <name>printf</name>
         <value>0x8e00b678</value>
         <object_component_ref idref="oc-72"/>
      </symbol>
      <symbol id="sm-5d3">
         <name>main_func_sp</name>
         <value>0x8e01c23c</value>
         <object_component_ref idref="oc-22"/>
      </symbol>
      <symbol id="sm-5e1">
         <name>strchr</name>
         <value>0x8e00bba4</value>
         <object_component_ref idref="oc-1d0"/>
      </symbol>
      <symbol id="sm-5ee">
         <name>strcmp</name>
         <value>0x8e00bbcc</value>
         <object_component_ref idref="oc-6d"/>
      </symbol>
      <symbol id="sm-5fb">
         <name>strcpy</name>
         <value>0x8e00bc58</value>
         <object_component_ref idref="oc-63"/>
      </symbol>
      <symbol id="sm-609">
         <name>strncpy</name>
         <value>0x8e00baa0</value>
         <object_component_ref idref="oc-1d5"/>
      </symbol>
      <symbol id="sm-628">
         <name>strtoul</name>
         <value>0x8e009f90</value>
         <object_component_ref idref="oc-95"/>
      </symbol>
      <symbol id="sm-647">
         <name>HOSTgetenv</name>
         <value>0x8e0081dc</value>
         <object_component_ref idref="oc-268"/>
      </symbol>
      <symbol id="sm-648">
         <name>HOSTrename</name>
         <value>0x8e007f94</value>
         <object_component_ref idref="oc-268"/>
      </symbol>
      <symbol id="sm-649">
         <name>HOSTclose</name>
         <value>0x8e008244</value>
         <object_component_ref idref="oc-268"/>
      </symbol>
      <symbol id="sm-64a">
         <name>HOSTunlink</name>
         <value>0x8e007ed0</value>
         <object_component_ref idref="oc-268"/>
      </symbol>
      <symbol id="sm-64b">
         <name>HOSTlseek</name>
         <value>0x8e00813c</value>
         <object_component_ref idref="oc-268"/>
      </symbol>
      <symbol id="sm-64c">
         <name>HOSTopen</name>
         <value>0x8e0080b0</value>
         <object_component_ref idref="oc-268"/>
      </symbol>
      <symbol id="sm-64d">
         <name>HOSTclock</name>
         <value>0x8e0082ac</value>
         <object_component_ref idref="oc-268"/>
      </symbol>
      <symbol id="sm-64e">
         <name>HOSTwrite</name>
         <value>0x8e007e4c</value>
         <object_component_ref idref="oc-268"/>
      </symbol>
      <symbol id="sm-64f">
         <name>HOSTread</name>
         <value>0x8e00802c</value>
         <object_component_ref idref="oc-268"/>
      </symbol>
      <symbol id="sm-650">
         <name>HOSTtime</name>
         <value>0x8e007f34</value>
         <object_component_ref idref="oc-268"/>
      </symbol>
      <symbol id="sm-668">
         <name>__TI_readmsg</name>
         <value>0x8e00b574</value>
         <object_component_ref idref="oc-2b0"/>
      </symbol>
      <symbol id="sm-669">
         <name>C$$IO$$</name>
         <value>0x8e00b56c</value>
         <object_component_ref idref="oc-2b0"/>
      </symbol>
      <symbol id="sm-66a">
         <name>__CIOBUF_</name>
         <value>0x8e01c240</value>
         <object_component_ref idref="oc-2d5"/>
      </symbol>
      <symbol id="sm-66b">
         <name>__TI_writemsg</name>
         <value>0x8e00b524</value>
         <object_component_ref idref="oc-2b0"/>
      </symbol>
      <symbol id="sm-67d">
         <name>__aeabi_uidivmod</name>
         <value>0x8e00adcc</value>
         <object_component_ref idref="oc-d2"/>
      </symbol>
      <symbol id="sm-694">
         <name>ungetc</name>
         <value>0x8e00b304</value>
         <object_component_ref idref="oc-156"/>
      </symbol>
      <symbol id="sm-6ab">
         <name>__TI_buff_read</name>
         <value>0x8e00aec0</value>
         <object_component_ref idref="oc-135"/>
      </symbol>
      <symbol id="sm-6c1">
         <name>__TI_wrt_ok</name>
         <value>0x8e00a990</value>
         <object_component_ref idref="oc-130"/>
      </symbol>
      <symbol id="sm-6c2">
         <name>__TI_rd_ok</name>
         <value>0x8e00aa30</value>
         <object_component_ref idref="oc-130"/>
      </symbol>
      <symbol id="sm-6d9">
         <name>_nop</name>
         <value>0x8e00bc0c</value>
         <object_component_ref idref="oc-b6"/>
      </symbol>
      <symbol id="sm-6da">
         <name>_lock</name>
         <value>0x8e01c224</value>
         <object_component_ref idref="oc-3a"/>
      </symbol>
      <symbol id="sm-6db">
         <name>_unlock</name>
         <value>0x8e01c228</value>
         <object_component_ref idref="oc-3a"/>
      </symbol>
      <symbol id="sm-6dc">
         <name>_register_lock</name>
         <value>0x8e00bc00</value>
         <object_component_ref idref="oc-b6"/>
      </symbol>
      <symbol id="sm-6dd">
         <name>_register_unlock</name>
         <value>0x8e00bbf4</value>
         <object_component_ref idref="oc-b6"/>
      </symbol>
      <symbol id="sm-7bb">
         <name>__TI_printfi</name>
         <value>0x8e003300</value>
         <object_component_ref idref="oc-100"/>
      </symbol>
      <symbol id="sm-846">
         <name>__TI_scanfi</name>
         <value>0x8e005d34</value>
         <object_component_ref idref="oc-160"/>
      </symbol>
      <symbol id="sm-859">
         <name>_args_main</name>
         <value>0x8e00bc18</value>
         <object_component_ref idref="oc-18"/>
      </symbol>
      <symbol id="sm-85a">
         <name>__TI_args_main</name>
         <value>0x1</value>
      </symbol>
      <symbol id="sm-86e">
         <name>atoi</name>
         <value>0x8e00b7a4</value>
         <object_component_ref idref="oc-1b8"/>
      </symbol>
      <symbol id="sm-888">
         <name>__TI_CINIT_Base</name>
         <value>0x0</value>
      </symbol>
      <symbol id="sm-889">
         <name>SHT$$INIT_ARRAY$$Limit</name>
         <value>0x0</value>
      </symbol>
      <symbol id="sm-88a">
         <name>SHT$$INIT_ARRAY$$Base</name>
         <value>0x0</value>
      </symbol>
      <symbol id="sm-88b">
         <name>__TI_auto_init</name>
         <value>0x8e00b090</value>
         <object_component_ref idref="oc-14"/>
      </symbol>
      <symbol id="sm-88c">
         <name>__TI_Handler_Table_Base</name>
         <value>0x0</value>
      </symbol>
      <symbol id="sm-88d">
         <name>__TI_CINIT_Limit</name>
         <value>0x0</value>
      </symbol>
      <symbol id="sm-8a5">
         <name>copy_in</name>
         <value>0x8e00b828</value>
         <object_component_ref idref="oc-28"/>
      </symbol>
      <symbol id="sm-8af">
         <name>_ctypes_</name>
         <value>0x8e01bc88</value>
         <object_component_ref idref="oc-13c"/>
      </symbol>
      <symbol id="sm-8b6">
         <name>_Errno</name>
         <value>0x8e01c234</value>
         <object_component_ref idref="oc-11e"/>
      </symbol>
      <symbol id="sm-8cc">
         <name>__aeabi_dsub</name>
         <value>0x8e0099b0</value>
         <object_component_ref idref="oc-1aa"/>
      </symbol>
      <symbol id="sm-8cd">
         <name>__aeabi_dadd</name>
         <value>0x8e0099bc</value>
         <object_component_ref idref="oc-1aa"/>
      </symbol>
      <symbol id="sm-8ed">
         <name>__aeabi_cdcmpeq</name>
         <value>0x8e00b164</value>
         <object_component_ref idref="oc-18d"/>
      </symbol>
      <symbol id="sm-8ee">
         <name>__aeabi_cdcmple</name>
         <value>0x8e00b164</value>
         <object_component_ref idref="oc-18d"/>
      </symbol>
      <symbol id="sm-8ef">
         <name>__aeabi_cdrcmple</name>
         <value>0x8e00b234</value>
         <object_component_ref idref="oc-199"/>
      </symbol>
      <symbol id="sm-902">
         <name>__aeabi_ddiv</name>
         <value>0x8e00a150</value>
         <object_component_ref idref="oc-195"/>
      </symbol>
      <symbol id="sm-90c">
         <name>__aeabi_dmul</name>
         <value>0x8e00a868</value>
         <object_component_ref idref="oc-191"/>
      </symbol>
      <symbol id="sm-915">
         <name>__aeabi_d2iz</name>
         <value>0x8e00b9a4</value>
         <object_component_ref idref="oc-19d"/>
      </symbol>
      <symbol id="sm-91e">
         <name>__aeabi_d2f</name>
         <value>0x8e00ba00</value>
         <object_component_ref idref="oc-217"/>
      </symbol>
      <symbol id="sm-934">
         <name>getc</name>
         <value>0x8e00b078</value>
         <object_component_ref idref="oc-15b"/>
      </symbol>
      <symbol id="sm-935">
         <name>getchar</name>
         <value>0x8e00b07c</value>
         <object_component_ref idref="oc-15b"/>
      </symbol>
      <symbol id="sm-936">
         <name>fgetc</name>
         <value>0x8e00afac</value>
         <object_component_ref idref="oc-15b"/>
      </symbol>
      <symbol id="sm-94e">
         <name>putc</name>
         <value>0x8e00acb8</value>
         <object_component_ref idref="oc-f6"/>
      </symbol>
      <symbol id="sm-94f">
         <name>fputc</name>
         <value>0x8e00abc0</value>
         <object_component_ref idref="oc-f6"/>
      </symbol>
      <symbol id="sm-950">
         <name>putchar</name>
         <value>0x8e00acbc</value>
         <object_component_ref idref="oc-f6"/>
      </symbol>
      <symbol id="sm-970">
         <name>puts</name>
         <value>0x8e009f58</value>
         <object_component_ref idref="oc-fb"/>
      </symbol>
      <symbol id="sm-971">
         <name>fputs</name>
         <value>0x8e009dbc</value>
         <object_component_ref idref="oc-fb"/>
      </symbol>
      <symbol id="sm-97a">
         <name>__aeabi_i2d</name>
         <value>0x8e00bae8</value>
         <object_component_ref idref="oc-1a6"/>
      </symbol>
      <symbol id="sm-987">
         <name>ltoa</name>
         <value>0x8e00b8ac</value>
         <object_component_ref idref="oc-1a1"/>
      </symbol>
      <symbol id="sm-995">
         <name>memccpy</name>
         <value>0x8e00bb7c</value>
         <object_component_ref idref="oc-1b3"/>
      </symbol>
      <symbol id="sm-9a3">
         <name>memchr</name>
         <value>0x8e00bb24</value>
         <object_component_ref idref="oc-182"/>
      </symbol>
      <symbol id="sm-9bd">
         <name>setvbuf</name>
         <value>0x8e00a5e8</value>
         <object_component_ref idref="oc-1f7"/>
      </symbol>
      <symbol id="sm-9ca">
         <name>strlen</name>
         <value>0x8e00bc38</value>
         <object_component_ref idref="oc-17d"/>
      </symbol>
      <symbol id="sm-9d8">
         <name>strrchr</name>
         <value>0x8e00bb50</value>
         <object_component_ref idref="oc-22a"/>
      </symbol>
      <symbol id="sm-a15">
         <name>strtod</name>
         <value>0x8e008318</value>
         <object_component_ref idref="oc-212"/>
      </symbol>
      <symbol id="sm-a37">
         <name>strtol</name>
         <value>0x8e009bc4</value>
         <object_component_ref idref="oc-220"/>
      </symbol>
      <symbol id="sm-a75">
         <name>strtold</name>
         <value>0x8e008650</value>
         <object_component_ref idref="oc-21b"/>
      </symbol>
      <symbol id="sm-a9b">
         <name>strtoll</name>
         <value>0x8e008f74</value>
         <object_component_ref idref="oc-225"/>
      </symbol>
      <symbol id="sm-abe">
         <name>strtoull</name>
         <value>0x8e00976c</value>
         <object_component_ref idref="oc-20d"/>
      </symbol>
      <symbol id="sm-ad9">
         <name>__aeabi_uldivmod</name>
         <value>0x8e009250</value>
         <object_component_ref idref="oc-189"/>
      </symbol>
      <symbol id="sm-ae2">
         <name>_Dclass</name>
         <value>0x8e00bc74</value>
         <object_component_ref idref="oc-1ae"/>
      </symbol>
      <symbol id="sm-af5">
         <name>_Dtest</name>
         <value>0x8e00b714</value>
         <object_component_ref idref="oc-24e"/>
      </symbol>
      <symbol id="sm-af8">
         <name>remove</name>
         <value>0x8e0074f0</value>
      </symbol>
   </symbol_table>
   <title>Link successful</title>
</link_info>
