<?xml version="1.0"?>
<link_info>
   <banner>TI ARM Linker PC v5.1.1</banner>
   <copyright>Copyright (c) 1996-2013 Texas Instruments Incorporated</copyright>
   <link_time>0x58ce31eb</link_time>
   <link_errors>0x0</link_errors>
   <output_file>cmos_capture_ram.out</output_file>
   <entry_point>
      <name>_c_int00</name>
      <address>0x8e001854</address>
   </entry_point>
   <input_file_list>
      <input_file id="fl-2">
         <path>.\sources\</path>
         <kind>object</kind>
         <file>ov7725.obj</file>
         <name>ov7725.obj</name>
      </input_file>
      <input_file id="fl-3">
         <path>.\sources\</path>
         <kind>object</kind>
         <file>main.obj</file>
         <name>main.obj</name>
      </input_file>
      <input_file id="fl-4">
         <path>.\sources\</path>
         <kind>object</kind>
         <file>isif.obj</file>
         <name>isif.obj</name>
      </input_file>
      <input_file id="fl-5">
         <path>.\sources\</path>
         <kind>object</kind>
         <file>emac_mii_test.obj</file>
         <name>emac_mii_test.obj</name>
      </input_file>
      <input_file id="fl-6">
         <path>.\sources\</path>
         <kind>object</kind>
         <file>emac_isr.obj</file>
         <name>emac_isr.obj</name>
      </input_file>
      <input_file id="fl-7">
         <path>.\sources\</path>
         <kind>object</kind>
         <file>emac_gmii_test.obj</file>
         <name>emac_gmii_test.obj</name>
      </input_file>
      <input_file id="fl-8">
         <path>.\sources\</path>
         <kind>object</kind>
         <file>dm368_uart.obj</file>
         <name>dm368_uart.obj</name>
      </input_file>
      <input_file id="fl-9">
         <path>.\sources\</path>
         <kind>object</kind>
         <file>dm368_psc.obj</file>
         <name>dm368_psc.obj</name>
      </input_file>
      <input_file id="fl-a">
         <path>.\sources\</path>
         <kind>object</kind>
         <file>dm368_nand.obj</file>
         <name>dm368_nand.obj</name>
      </input_file>
      <input_file id="fl-b">
         <path>.\sources\</path>
         <kind>object</kind>
         <file>dm368_init.obj</file>
         <name>dm368_init.obj</name>
      </input_file>
      <input_file id="fl-c">
         <path>.\sources\</path>
         <kind>object</kind>
         <file>dm368_i2c.obj</file>
         <name>dm368_i2c.obj</name>
      </input_file>
      <input_file id="fl-d">
         <path>.\sources\</path>
         <kind>object</kind>
         <file>dm368_gpio.obj</file>
         <name>dm368_gpio.obj</name>
      </input_file>
      <input_file id="fl-e">
         <path>.\sources\</path>
         <kind>object</kind>
         <file>dm368_ddr.obj</file>
         <name>dm368_ddr.obj</name>
      </input_file>
      <input_file id="fl-f">
         <path>.\sources\</path>
         <kind>object</kind>
         <file>dm368.obj</file>
         <name>dm368.obj</name>
      </input_file>
      <input_file id="fl-13c">
         <path>D:\WorkSpace\CCS5.5\ccsv5\tools\compiler\arm_5.1.1\lib\</path>
         <kind>archive</kind>
         <file>rtsv5_A_le_eabi.lib</file>
         <name>boot.obj</name>
      </input_file>
      <input_file id="fl-13d">
         <path>D:\WorkSpace\CCS5.5\ccsv5\tools\compiler\arm_5.1.1\lib\</path>
         <kind>archive</kind>
         <file>rtsv5_A_le_eabi.lib</file>
         <name>copy_decompress_none.obj</name>
      </input_file>
      <input_file id="fl-13e">
         <path>D:\WorkSpace\CCS5.5\ccsv5\tools\compiler\arm_5.1.1\lib\</path>
         <kind>archive</kind>
         <file>rtsv5_A_le_eabi.lib</file>
         <name>copy_decompress_rle.obj</name>
      </input_file>
      <input_file id="fl-13f">
         <path>D:\WorkSpace\CCS5.5\ccsv5\tools\compiler\arm_5.1.1\lib\</path>
         <kind>archive</kind>
         <file>rtsv5_A_le_eabi.lib</file>
         <name>copy_zero_init.obj</name>
      </input_file>
      <input_file id="fl-140">
         <path>D:\WorkSpace\CCS5.5\ccsv5\tools\compiler\arm_5.1.1\lib\</path>
         <kind>archive</kind>
         <file>rtsv5_A_le_eabi.lib</file>
         <name>exit.obj</name>
      </input_file>
      <input_file id="fl-141">
         <path>D:\WorkSpace\CCS5.5\ccsv5\tools\compiler\arm_5.1.1\lib\</path>
         <kind>archive</kind>
         <file>rtsv5_A_le_eabi.lib</file>
         <name>i_div32.obj</name>
      </input_file>
      <input_file id="fl-142">
         <path>D:\WorkSpace\CCS5.5\ccsv5\tools\compiler\arm_5.1.1\lib\</path>
         <kind>archive</kind>
         <file>rtsv5_A_le_eabi.lib</file>
         <name>memcpy32.obj</name>
      </input_file>
      <input_file id="fl-143">
         <path>D:\WorkSpace\CCS5.5\ccsv5\tools\compiler\arm_5.1.1\lib\</path>
         <kind>archive</kind>
         <file>rtsv5_A_le_eabi.lib</file>
         <name>memset32.obj</name>
      </input_file>
      <input_file id="fl-144">
         <path>D:\WorkSpace\CCS5.5\ccsv5\tools\compiler\arm_5.1.1\lib\</path>
         <kind>archive</kind>
         <file>rtsv5_A_le_eabi.lib</file>
         <name>printf.obj</name>
      </input_file>
      <input_file id="fl-145">
         <path>D:\WorkSpace\CCS5.5\ccsv5\tools\compiler\arm_5.1.1\lib\</path>
         <kind>archive</kind>
         <file>rtsv5_A_le_eabi.lib</file>
         <name>stkdepth_vars.obj</name>
      </input_file>
      <input_file id="fl-146">
         <path>D:\WorkSpace\CCS5.5\ccsv5\tools\compiler\arm_5.1.1\lib\</path>
         <kind>archive</kind>
         <file>rtsv5_A_le_eabi.lib</file>
         <name>u_div32.obj</name>
      </input_file>
      <input_file id="fl-147">
         <path>D:\WorkSpace\CCS5.5\ccsv5\tools\compiler\arm_5.1.1\lib\</path>
         <kind>archive</kind>
         <file>rtsv5_A_le_eabi.lib</file>
         <name>_lock.obj</name>
      </input_file>
      <input_file id="fl-148">
         <path>D:\WorkSpace\CCS5.5\ccsv5\tools\compiler\arm_5.1.1\lib\</path>
         <kind>archive</kind>
         <file>rtsv5_A_le_eabi.lib</file>
         <name>_printfi.obj</name>
      </input_file>
      <input_file id="fl-149">
         <path>D:\WorkSpace\CCS5.5\ccsv5\tools\compiler\arm_5.1.1\lib\</path>
         <kind>archive</kind>
         <file>rtsv5_A_le_eabi.lib</file>
         <name>args_main.obj</name>
      </input_file>
      <input_file id="fl-14a">
         <path>D:\WorkSpace\CCS5.5\ccsv5\tools\compiler\arm_5.1.1\lib\</path>
         <kind>archive</kind>
         <file>rtsv5_A_le_eabi.lib</file>
         <name>atoi.obj</name>
      </input_file>
      <input_file id="fl-14b">
         <path>D:\WorkSpace\CCS5.5\ccsv5\tools\compiler\arm_5.1.1\lib\</path>
         <kind>archive</kind>
         <file>rtsv5_A_le_eabi.lib</file>
         <name>auto_init.obj</name>
      </input_file>
      <input_file id="fl-14c">
         <path>D:\WorkSpace\CCS5.5\ccsv5\tools\compiler\arm_5.1.1\lib\</path>
         <kind>archive</kind>
         <file>rtsv5_A_le_eabi.lib</file>
         <name>cpy_tbl.obj</name>
      </input_file>
      <input_file id="fl-14d">
         <path>D:\WorkSpace\CCS5.5\ccsv5\tools\compiler\arm_5.1.1\lib\</path>
         <kind>archive</kind>
         <file>rtsv5_A_le_eabi.lib</file>
         <name>ctype.obj</name>
      </input_file>
      <input_file id="fl-14e">
         <path>D:\WorkSpace\CCS5.5\ccsv5\tools\compiler\arm_5.1.1\lib\</path>
         <kind>archive</kind>
         <file>rtsv5_A_le_eabi.lib</file>
         <name>defs.obj</name>
      </input_file>
      <input_file id="fl-14f">
         <path>D:\WorkSpace\CCS5.5\ccsv5\tools\compiler\arm_5.1.1\lib\</path>
         <kind>archive</kind>
         <file>rtsv5_A_le_eabi.lib</file>
         <name>fd_add32.obj</name>
      </input_file>
      <input_file id="fl-150">
         <path>D:\WorkSpace\CCS5.5\ccsv5\tools\compiler\arm_5.1.1\lib\</path>
         <kind>archive</kind>
         <file>rtsv5_A_le_eabi.lib</file>
         <name>fd_cmp32.obj</name>
      </input_file>
      <input_file id="fl-151">
         <path>D:\WorkSpace\CCS5.5\ccsv5\tools\compiler\arm_5.1.1\lib\</path>
         <kind>archive</kind>
         <file>rtsv5_A_le_eabi.lib</file>
         <name>fd_div32.obj</name>
      </input_file>
      <input_file id="fl-152">
         <path>D:\WorkSpace\CCS5.5\ccsv5\tools\compiler\arm_5.1.1\lib\</path>
         <kind>archive</kind>
         <file>rtsv5_A_le_eabi.lib</file>
         <name>fd_mul32.obj</name>
      </input_file>
      <input_file id="fl-153">
         <path>D:\WorkSpace\CCS5.5\ccsv5\tools\compiler\arm_5.1.1\lib\</path>
         <kind>archive</kind>
         <file>rtsv5_A_le_eabi.lib</file>
         <name>fd_toi32.obj</name>
      </input_file>
      <input_file id="fl-154">
         <path>D:\WorkSpace\CCS5.5\ccsv5\tools\compiler\arm_5.1.1\lib\</path>
         <kind>archive</kind>
         <file>rtsv5_A_le_eabi.lib</file>
         <name>fputc.obj</name>
      </input_file>
      <input_file id="fl-155">
         <path>D:\WorkSpace\CCS5.5\ccsv5\tools\compiler\arm_5.1.1\lib\</path>
         <kind>archive</kind>
         <file>rtsv5_A_le_eabi.lib</file>
         <name>fputs.obj</name>
      </input_file>
      <input_file id="fl-156">
         <path>D:\WorkSpace\CCS5.5\ccsv5\tools\compiler\arm_5.1.1\lib\</path>
         <kind>archive</kind>
         <file>rtsv5_A_le_eabi.lib</file>
         <name>i_tofd32.obj</name>
      </input_file>
      <input_file id="fl-157">
         <path>D:\WorkSpace\CCS5.5\ccsv5\tools\compiler\arm_5.1.1\lib\</path>
         <kind>archive</kind>
         <file>rtsv5_A_le_eabi.lib</file>
         <name>lowlev.obj</name>
      </input_file>
      <input_file id="fl-158">
         <path>D:\WorkSpace\CCS5.5\ccsv5\tools\compiler\arm_5.1.1\lib\</path>
         <kind>archive</kind>
         <file>rtsv5_A_le_eabi.lib</file>
         <name>ltoa.obj</name>
      </input_file>
      <input_file id="fl-159">
         <path>D:\WorkSpace\CCS5.5\ccsv5\tools\compiler\arm_5.1.1\lib\</path>
         <kind>archive</kind>
         <file>rtsv5_A_le_eabi.lib</file>
         <name>memccpy.obj</name>
      </input_file>
      <input_file id="fl-15a">
         <path>D:\WorkSpace\CCS5.5\ccsv5\tools\compiler\arm_5.1.1\lib\</path>
         <kind>archive</kind>
         <file>rtsv5_A_le_eabi.lib</file>
         <name>memchr.obj</name>
      </input_file>
      <input_file id="fl-15b">
         <path>D:\WorkSpace\CCS5.5\ccsv5\tools\compiler\arm_5.1.1\lib\</path>
         <kind>archive</kind>
         <file>rtsv5_A_le_eabi.lib</file>
         <name>strchr.obj</name>
      </input_file>
      <input_file id="fl-15c">
         <path>D:\WorkSpace\CCS5.5\ccsv5\tools\compiler\arm_5.1.1\lib\</path>
         <kind>archive</kind>
         <file>rtsv5_A_le_eabi.lib</file>
         <name>strcmp.obj</name>
      </input_file>
      <input_file id="fl-15d">
         <path>D:\WorkSpace\CCS5.5\ccsv5\tools\compiler\arm_5.1.1\lib\</path>
         <kind>archive</kind>
         <file>rtsv5_A_le_eabi.lib</file>
         <name>strlen.obj</name>
      </input_file>
      <input_file id="fl-15e">
         <path>D:\WorkSpace\CCS5.5\ccsv5\tools\compiler\arm_5.1.1\lib\</path>
         <kind>archive</kind>
         <file>rtsv5_A_le_eabi.lib</file>
         <name>strncpy.obj</name>
      </input_file>
      <input_file id="fl-15f">
         <path>D:\WorkSpace\CCS5.5\ccsv5\tools\compiler\arm_5.1.1\lib\</path>
         <kind>archive</kind>
         <file>rtsv5_A_le_eabi.lib</file>
         <name>trgdrv.obj</name>
      </input_file>
      <input_file id="fl-160">
         <path>D:\WorkSpace\CCS5.5\ccsv5\tools\compiler\arm_5.1.1\lib\</path>
         <kind>archive</kind>
         <file>rtsv5_A_le_eabi.lib</file>
         <name>trgmsg.obj</name>
      </input_file>
      <input_file id="fl-161">
         <path>D:\WorkSpace\CCS5.5\ccsv5\tools\compiler\arm_5.1.1\lib\</path>
         <kind>archive</kind>
         <file>rtsv5_A_le_eabi.lib</file>
         <name>ull_div32.obj</name>
      </input_file>
      <input_file id="fl-162">
         <path>D:\WorkSpace\CCS5.5\ccsv5\tools\compiler\arm_5.1.1\lib\</path>
         <kind>archive</kind>
         <file>rtsv5_A_le_eabi.lib</file>
         <name>xdclass.obj</name>
      </input_file>
      <input_file id="fl-163">
         <path>D:\WorkSpace\CCS5.5\ccsv5\tools\compiler\arm_5.1.1\lib\</path>
         <kind>archive</kind>
         <file>rtsv5_A_le_eabi.lib</file>
         <name>xdtest.obj</name>
      </input_file>
      <input_file id="fl-164">
         <path>D:\WorkSpace\CCS5.5\ccsv5\tools\compiler\arm_5.1.1\lib\</path>
         <kind>archive</kind>
         <file>rtsv5_A_le_eabi.lib</file>
         <name>_io_perm.obj</name>
      </input_file>
      <input_file id="fl-165">
         <path>D:\WorkSpace\CCS5.5\ccsv5\tools\compiler\arm_5.1.1\lib\</path>
         <kind>archive</kind>
         <file>rtsv5_A_le_eabi.lib</file>
         <name>fflush.obj</name>
      </input_file>
      <input_file id="fl-166">
         <path>D:\WorkSpace\CCS5.5\ccsv5\tools\compiler\arm_5.1.1\lib\</path>
         <kind>archive</kind>
         <file>rtsv5_A_le_eabi.lib</file>
         <name>fseek.obj</name>
      </input_file>
      <input_file id="fl-167">
         <path>D:\WorkSpace\CCS5.5\ccsv5\tools\compiler\arm_5.1.1\lib\</path>
         <kind>archive</kind>
         <file>rtsv5_A_le_eabi.lib</file>
         <name>setvbuf.obj</name>
      </input_file>
      <input_file id="fl-168">
         <path>D:\WorkSpace\CCS5.5\ccsv5\tools\compiler\arm_5.1.1\lib\</path>
         <kind>archive</kind>
         <file>rtsv5_A_le_eabi.lib</file>
         <name>strcpy.obj</name>
      </input_file>
      <input_file id="fl-169">
         <path>D:\WorkSpace\CCS5.5\ccsv5\tools\compiler\arm_5.1.1\lib\</path>
         <kind>archive</kind>
         <file>rtsv5_A_le_eabi.lib</file>
         <name>fopen.obj</name>
      </input_file>
      <input_file id="fl-16a">
         <path>D:\WorkSpace\CCS5.5\ccsv5\tools\compiler\arm_5.1.1\lib\</path>
         <kind>archive</kind>
         <file>rtsv5_A_le_eabi.lib</file>
         <name>memory.obj</name>
      </input_file>
      <input_file id="fl-16b">
         <path>D:\WorkSpace\CCS5.5\ccsv5\tools\compiler\arm_5.1.1\lib\</path>
         <kind>archive</kind>
         <file>rtsv5_A_le_eabi.lib</file>
         <name>fclose.obj</name>
      </input_file>
      <input_file id="fl-16c">
         <path>D:\WorkSpace\CCS5.5\ccsv5\tools\compiler\arm_5.1.1\lib\</path>
         <kind>archive</kind>
         <file>rtsv5_A_le_eabi.lib</file>
         <name>remove.obj</name>
      </input_file>
   </input_file_list>
   <object_component_list>
      <object_component id="oc-99">
         <name>.text</name>
         <load_address>0x8e000000</load_address>
         <run_address>0x8e000000</run_address>
         <size>0x6a0</size>
         <input_file_ref idref="fl-f"/>
      </object_component>
      <object_component id="oc-c3">
         <name>.text</name>
         <load_address>0x8e0006a0</load_address>
         <run_address>0x8e0006a0</run_address>
         <size>0x604</size>
         <input_file_ref idref="fl-2"/>
      </object_component>
      <object_component id="oc-be">
         <name>.text</name>
         <load_address>0x8e000ca4</load_address>
         <run_address>0x8e000ca4</run_address>
         <size>0x394</size>
         <input_file_ref idref="fl-c"/>
      </object_component>
      <object_component id="oc-b9">
         <name>.text</name>
         <load_address>0x8e001038</load_address>
         <run_address>0x8e001038</run_address>
         <size>0x254</size>
         <input_file_ref idref="fl-d"/>
      </object_component>
      <object_component id="oc-3e">
         <name>.text</name>
         <load_address>0x8e00128c</load_address>
         <run_address>0x8e00128c</run_address>
         <size>0x180</size>
         <input_file_ref idref="fl-142"/>
      </object_component>
      <object_component id="oc-c8">
         <name>.text</name>
         <load_address>0x8e00140c</load_address>
         <run_address>0x8e00140c</run_address>
         <size>0x130</size>
         <input_file_ref idref="fl-4"/>
      </object_component>
      <object_component id="oc-2d">
         <name>.text</name>
         <load_address>0x8e00153c</load_address>
         <run_address>0x8e00153c</run_address>
         <size>0xd4</size>
         <input_file_ref idref="fl-14b"/>
      </object_component>
      <object_component id="oc-d8">
         <name>.text</name>
         <load_address>0x8e001610</load_address>
         <run_address>0x8e001610</run_address>
         <size>0xb0</size>
         <input_file_ref idref="fl-143"/>
      </object_component>
      <object_component id="oc-50">
         <name>.text</name>
         <load_address>0x8e0016c0</load_address>
         <run_address>0x8e0016c0</run_address>
         <size>0x98</size>
         <input_file_ref idref="fl-13e"/>
      </object_component>
      <object_component id="oc-5f">
         <name>.text</name>
         <load_address>0x8e001758</load_address>
         <run_address>0x8e001758</run_address>
         <size>0x84</size>
         <input_file_ref idref="fl-14c"/>
      </object_component>
      <object_component id="oc-36">
         <name>.text</name>
         <load_address>0x8e0017dc</load_address>
         <run_address>0x8e0017dc</run_address>
         <size>0x78</size>
         <input_file_ref idref="fl-140"/>
      </object_component>
      <object_component id="oc-17">
         <name>.text</name>
         <load_address>0x8e001854</load_address>
         <run_address>0x8e001854</run_address>
         <size>0x48</size>
         <input_file_ref idref="fl-13c"/>
      </object_component>
      <object_component id="oc-65">
         <name>.text</name>
         <load_address>0x8e00189c</load_address>
         <run_address>0x8e00189c</run_address>
         <size>0x34</size>
         <input_file_ref idref="fl-3"/>
      </object_component>
      <object_component id="oc-a6">
         <name>.text</name>
         <load_address>0x8e0018d0</load_address>
         <run_address>0x8e0018d0</run_address>
         <size>0x24</size>
         <input_file_ref idref="fl-147"/>
      </object_component>
      <object_component id="oc-31">
         <name>.text</name>
         <load_address>0x8e0018f4</load_address>
         <run_address>0x8e0018f4</run_address>
         <size>0x20</size>
         <input_file_ref idref="fl-149"/>
      </object_component>
      <object_component id="oc-1b">
         <name>.text:decompress:none</name>
         <load_address>0x8e001914</load_address>
         <run_address>0x8e001914</run_address>
         <size>0x14</size>
         <input_file_ref idref="fl-13d"/>
      </object_component>
      <object_component id="oc-25">
         <name>.text:decompress:rle24</name>
         <load_address>0x8e001928</load_address>
         <run_address>0x8e001928</run_address>
         <size>0x8</size>
         <input_file_ref idref="fl-13e"/>
      </object_component>
      <object_component id="oc-2a">
         <name>.stack</name>
         <uninitialized>true</uninitialized>
         <run_address>0x8e001930</run_address>
         <size>0x0</size>
         <input_file_ref idref="fl-13c"/>
      </object_component>
      <object_component id="oc-115">
         <name>.stack</name>
         <uninitialized>true</uninitialized>
         <run_address>0x8e001930</run_address>
         <size>0x0</size>
      </object_component>
      <object_component id="oc-dc">
         <name>.const:reg_cfg_ycbcr</name>
         <load_address>0x8e002930</load_address>
         <run_address>0x8e002930</run_address>
         <size>0x88</size>
         <input_file_ref idref="fl-2"/>
      </object_component>
      <object_component id="oc-3b">
         <name>.data</name>
         <load_address>0x8e0029cc</load_address>
         <run_address>0x8e0029cc</run_address>
         <size>0x4</size>
         <input_file_ref idref="fl-145"/>
      </object_component>
      <object_component id="oc-71">
         <name>.data</name>
         <load_address>0x8e0029b8</load_address>
         <run_address>0x8e0029b8</run_address>
         <size>0x8</size>
         <input_file_ref idref="fl-147"/>
      </object_component>
      <object_component id="oc-73">
         <name>.data</name>
         <load_address>0x8e0029c0</load_address>
         <run_address>0x8e0029c0</run_address>
         <size>0x8</size>
         <input_file_ref idref="fl-140"/>
      </object_component>
      <object_component id="oc-d4">
         <name>.data</name>
         <load_address>0x8e0029c8</load_address>
         <run_address>0x8e0029c8</run_address>
         <size>0x4</size>
         <input_file_ref idref="fl-c"/>
      </object_component>
      <object_component id="oc-2b">
         <name>.sysmem</name>
         <uninitialized>true</uninitialized>
         <run_address>0x8e002130</run_address>
         <size>0x8</size>
         <input_file_ref idref="fl-16a"/>
      </object_component>
      <object_component id="oc-116">
         <name>.sysmem</name>
         <uninitialized>true</uninitialized>
         <run_address>0x8e002130</run_address>
         <size>0x0</size>
      </object_component>
      <object_component id="oc-114">
         <name>.cinit..data.load</name>
         <load_address>0x8e0029d0</load_address>
         <run_address>0x8e0029d0</run_address>
         <size>0x15</size>
      </object_component>
      <object_component id="oc-112">
         <name>__TI_handler_table</name>
         <load_address>0x8e0029e8</load_address>
         <run_address>0x8e0029e8</run_address>
         <size>0x8</size>
      </object_component>
      <object_component id="oc-113">
         <name>__TI_cinit_table</name>
         <load_address>0x8e0029f0</load_address>
         <run_address>0x8e0029f0</run_address>
         <size>0x8</size>
      </object_component>
      <object_component id="oc-18">
         <name>.debug_info</name>
         <load_address>0x0</load_address>
         <run_address>0x0</run_address>
         <size>0xf3</size>
         <input_file_ref idref="fl-13c"/>
      </object_component>
      <object_component id="oc-1e">
         <name>.debug_info</name>
         <load_address>0xf3</load_address>
         <run_address>0xf3</run_address>
         <size>0x194</size>
         <input_file_ref idref="fl-13d"/>
      </object_component>
      <object_component id="oc-27">
         <name>.debug_info</name>
         <load_address>0x287</load_address>
         <run_address>0x287</run_address>
         <size>0x18e</size>
         <input_file_ref idref="fl-13e"/>
      </object_component>
      <object_component id="oc-2c">
         <name>.debug_info</name>
         <load_address>0x415</load_address>
         <run_address>0x415</run_address>
         <size>0xb6</size>
         <input_file_ref idref="fl-16a"/>
      </object_component>
      <object_component id="oc-2f">
         <name>.debug_info</name>
         <load_address>0x4cb</load_address>
         <run_address>0x4cb</run_address>
         <size>0x140</size>
         <input_file_ref idref="fl-14b"/>
      </object_component>
      <object_component id="oc-33">
         <name>.debug_info</name>
         <load_address>0x60b</load_address>
         <run_address>0x60b</run_address>
         <size>0x11c</size>
         <input_file_ref idref="fl-149"/>
      </object_component>
      <object_component id="oc-37">
         <name>.debug_info</name>
         <load_address>0x727</load_address>
         <run_address>0x727</run_address>
         <size>0x1c2</size>
         <input_file_ref idref="fl-140"/>
      </object_component>
      <object_component id="oc-3c">
         <name>.debug_info</name>
         <load_address>0x8e9</load_address>
         <run_address>0x8e9</run_address>
         <size>0xbe</size>
         <input_file_ref idref="fl-145"/>
      </object_component>
      <object_component id="oc-3f">
         <name>.debug_info</name>
         <load_address>0x9a7</load_address>
         <run_address>0x9a7</run_address>
         <size>0x137</size>
         <input_file_ref idref="fl-142"/>
      </object_component>
      <object_component id="oc-43">
         <name>.debug_info</name>
         <load_address>0xade</load_address>
         <run_address>0xade</run_address>
         <size>0x46</size>
         <input_file_ref idref="fl-13d"/>
      </object_component>
      <object_component id="oc-48">
         <name>.debug_info</name>
         <load_address>0xb24</load_address>
         <run_address>0xb24</run_address>
         <size>0xf2</size>
         <input_file_ref idref="fl-13d"/>
      </object_component>
      <object_component id="oc-52">
         <name>.debug_info</name>
         <load_address>0xc16</load_address>
         <run_address>0xc16</run_address>
         <size>0x1ef</size>
         <input_file_ref idref="fl-13e"/>
      </object_component>
      <object_component id="oc-56">
         <name>.debug_info</name>
         <load_address>0xe05</load_address>
         <run_address>0xe05</run_address>
         <size>0xb7</size>
         <input_file_ref idref="fl-13e"/>
      </object_component>
      <object_component id="oc-57">
         <name>.debug_info</name>
         <load_address>0xebc</load_address>
         <run_address>0xebc</run_address>
         <size>0x39</size>
         <input_file_ref idref="fl-13e"/>
      </object_component>
      <object_component id="oc-5e">
         <name>.debug_info</name>
         <load_address>0xef5</load_address>
         <run_address>0xef5</run_address>
         <size>0x1d7</size>
         <input_file_ref idref="fl-16a"/>
      </object_component>
      <object_component id="oc-60">
         <name>.debug_info</name>
         <load_address>0x10cc</load_address>
         <run_address>0x10cc</run_address>
         <size>0x14b</size>
         <input_file_ref idref="fl-14c"/>
      </object_component>
      <object_component id="oc-66">
         <name>.debug_info</name>
         <load_address>0x1217</load_address>
         <run_address>0x1217</run_address>
         <size>0x144</size>
         <input_file_ref idref="fl-3"/>
      </object_component>
      <object_component id="oc-6b">
         <name>.debug_info</name>
         <load_address>0x135b</load_address>
         <run_address>0x135b</run_address>
         <size>0x84</size>
         <input_file_ref idref="fl-2"/>
      </object_component>
      <object_component id="oc-70">
         <name>.debug_info</name>
         <load_address>0x13df</load_address>
         <run_address>0x13df</run_address>
         <size>0x11b</size>
         <input_file_ref idref="fl-149"/>
      </object_component>
      <object_component id="oc-72">
         <name>.debug_info</name>
         <load_address>0x14fa</load_address>
         <run_address>0x14fa</run_address>
         <size>0xc8</size>
         <input_file_ref idref="fl-147"/>
      </object_component>
      <object_component id="oc-74">
         <name>.debug_info</name>
         <load_address>0x15c2</load_address>
         <run_address>0x15c2</run_address>
         <size>0xeb</size>
         <input_file_ref idref="fl-140"/>
      </object_component>
      <object_component id="oc-76">
         <name>.debug_info</name>
         <load_address>0x16ad</load_address>
         <run_address>0x16ad</run_address>
         <size>0x146</size>
         <input_file_ref idref="fl-140"/>
      </object_component>
      <object_component id="oc-7a">
         <name>.debug_info</name>
         <load_address>0x17f3</load_address>
         <run_address>0x17f3</run_address>
         <size>0x2c</size>
         <input_file_ref idref="fl-13d"/>
      </object_component>
      <object_component id="oc-81">
         <name>.debug_info</name>
         <load_address>0x181f</load_address>
         <run_address>0x181f</run_address>
         <size>0x2c</size>
         <input_file_ref idref="fl-13f"/>
      </object_component>
      <object_component id="oc-8d">
         <name>.debug_info</name>
         <load_address>0x184b</load_address>
         <run_address>0x184b</run_address>
         <size>0x2c</size>
         <input_file_ref idref="fl-169"/>
      </object_component>
      <object_component id="oc-92">
         <name>.debug_info</name>
         <load_address>0x1877</load_address>
         <run_address>0x1877</run_address>
         <size>0x62</size>
         <input_file_ref idref="fl-16a"/>
      </object_component>
      <object_component id="oc-98">
         <name>.debug_info</name>
         <load_address>0x18d9</load_address>
         <run_address>0x18d9</run_address>
         <size>0x148</size>
         <input_file_ref idref="fl-14c"/>
      </object_component>
      <object_component id="oc-9a">
         <name>.debug_info</name>
         <load_address>0x1a21</load_address>
         <run_address>0x1a21</run_address>
         <size>0x725</size>
         <input_file_ref idref="fl-f"/>
      </object_component>
      <object_component id="oc-a1">
         <name>.debug_info</name>
         <load_address>0x2146</load_address>
         <run_address>0x2146</run_address>
         <size>0x5e</size>
         <input_file_ref idref="fl-149"/>
      </object_component>
      <object_component id="oc-a7">
         <name>.debug_info</name>
         <load_address>0x21a4</load_address>
         <run_address>0x21a4</run_address>
         <size>0x1d4</size>
         <input_file_ref idref="fl-147"/>
      </object_component>
      <object_component id="oc-ad">
         <name>.debug_info</name>
         <load_address>0x2378</load_address>
         <run_address>0x2378</run_address>
         <size>0xd9</size>
         <input_file_ref idref="fl-147"/>
      </object_component>
      <object_component id="oc-b4">
         <name>.debug_info</name>
         <load_address>0x2451</load_address>
         <run_address>0x2451</run_address>
         <size>0xcd</size>
         <input_file_ref idref="fl-14c"/>
      </object_component>
      <object_component id="oc-ba">
         <name>.debug_info</name>
         <load_address>0x251e</load_address>
         <run_address>0x251e</run_address>
         <size>0x6d4</size>
         <input_file_ref idref="fl-d"/>
      </object_component>
      <object_component id="oc-bf">
         <name>.debug_info</name>
         <load_address>0x2bf2</load_address>
         <run_address>0x2bf2</run_address>
         <size>0x5fc</size>
         <input_file_ref idref="fl-c"/>
      </object_component>
      <object_component id="oc-c4">
         <name>.debug_info</name>
         <load_address>0x31ee</load_address>
         <run_address>0x31ee</run_address>
         <size>0xa9d</size>
         <input_file_ref idref="fl-2"/>
      </object_component>
      <object_component id="oc-c9">
         <name>.debug_info</name>
         <load_address>0x3c8b</load_address>
         <run_address>0x3c8b</run_address>
         <size>0x17a</size>
         <input_file_ref idref="fl-4"/>
      </object_component>
      <object_component id="oc-ce">
         <name>.debug_info</name>
         <load_address>0x3e05</load_address>
         <run_address>0x3e05</run_address>
         <size>0x23c</size>
         <input_file_ref idref="fl-f"/>
      </object_component>
      <object_component id="oc-d3">
         <name>.debug_info</name>
         <load_address>0x4041</load_address>
         <run_address>0x4041</run_address>
         <size>0xe7</size>
         <input_file_ref idref="fl-d"/>
      </object_component>
      <object_component id="oc-d5">
         <name>.debug_info</name>
         <load_address>0x4128</load_address>
         <run_address>0x4128</run_address>
         <size>0xe0</size>
         <input_file_ref idref="fl-c"/>
      </object_component>
      <object_component id="oc-d7">
         <name>.debug_info</name>
         <load_address>0x4208</load_address>
         <run_address>0x4208</run_address>
         <size>0x115</size>
         <input_file_ref idref="fl-c"/>
      </object_component>
      <object_component id="oc-d9">
         <name>.debug_info</name>
         <load_address>0x431d</load_address>
         <run_address>0x431d</run_address>
         <size>0x101</size>
         <input_file_ref idref="fl-143"/>
      </object_component>
      <object_component id="oc-dd">
         <name>.debug_info</name>
         <load_address>0x441e</load_address>
         <run_address>0x441e</run_address>
         <size>0xe1</size>
         <input_file_ref idref="fl-2"/>
      </object_component>
      <object_component id="oc-df">
         <name>.debug_info</name>
         <load_address>0x44ff</load_address>
         <run_address>0x44ff</run_address>
         <size>0x204</size>
         <input_file_ref idref="fl-2"/>
      </object_component>
      <object_component id="oc-117">
         <name>.debug_info</name>
         <load_address>0x4703</load_address>
         <run_address>0x4703</run_address>
         <size>0xa3</size>
      </object_component>
      <object_component id="oc-19">
         <name>.debug_line</name>
         <load_address>0x0</load_address>
         <run_address>0x0</run_address>
         <size>0x48</size>
         <input_file_ref idref="fl-13c"/>
      </object_component>
      <object_component id="oc-1f">
         <name>.debug_line</name>
         <load_address>0x48</load_address>
         <run_address>0x48</run_address>
         <size>0x52</size>
         <input_file_ref idref="fl-13d"/>
      </object_component>
      <object_component id="oc-29">
         <name>.debug_line</name>
         <load_address>0x9a</load_address>
         <run_address>0x9a</run_address>
         <size>0x4b</size>
         <input_file_ref idref="fl-13e"/>
      </object_component>
      <object_component id="oc-2e">
         <name>.debug_line</name>
         <load_address>0xe5</load_address>
         <run_address>0xe5</run_address>
         <size>0x7d</size>
         <input_file_ref idref="fl-14b"/>
      </object_component>
      <object_component id="oc-32">
         <name>.debug_line</name>
         <load_address>0x162</load_address>
         <run_address>0x162</run_address>
         <size>0x53</size>
         <input_file_ref idref="fl-149"/>
      </object_component>
      <object_component id="oc-38">
         <name>.debug_line</name>
         <load_address>0x1b5</load_address>
         <run_address>0x1b5</run_address>
         <size>0x80</size>
         <input_file_ref idref="fl-140"/>
      </object_component>
      <object_component id="oc-40">
         <name>.debug_line</name>
         <load_address>0x235</load_address>
         <run_address>0x235</run_address>
         <size>0x9a</size>
         <input_file_ref idref="fl-142"/>
      </object_component>
      <object_component id="oc-45">
         <name>.debug_line</name>
         <load_address>0x2cf</load_address>
         <run_address>0x2cf</run_address>
         <size>0x3a</size>
         <input_file_ref idref="fl-13d"/>
      </object_component>
      <object_component id="oc-54">
         <name>.debug_line</name>
         <load_address>0x309</load_address>
         <run_address>0x309</run_address>
         <size>0x91</size>
         <input_file_ref idref="fl-13e"/>
      </object_component>
      <object_component id="oc-59">
         <name>.debug_line</name>
         <load_address>0x39a</load_address>
         <run_address>0x39a</run_address>
         <size>0x39</size>
         <input_file_ref idref="fl-13e"/>
      </object_component>
      <object_component id="oc-5d">
         <name>.debug_line</name>
         <load_address>0x3d3</load_address>
         <run_address>0x3d3</run_address>
         <size>0x2c</size>
         <input_file_ref idref="fl-16a"/>
      </object_component>
      <object_component id="oc-61">
         <name>.debug_line</name>
         <load_address>0x3ff</load_address>
         <run_address>0x3ff</run_address>
         <size>0x68</size>
         <input_file_ref idref="fl-14c"/>
      </object_component>
      <object_component id="oc-67">
         <name>.debug_line</name>
         <load_address>0x467</load_address>
         <run_address>0x467</run_address>
         <size>0x5a</size>
         <input_file_ref idref="fl-3"/>
      </object_component>
      <object_component id="oc-6d">
         <name>.debug_line</name>
         <load_address>0x4c1</load_address>
         <run_address>0x4c1</run_address>
         <size>0x20</size>
         <input_file_ref idref="fl-2"/>
      </object_component>
      <object_component id="oc-78">
         <name>.debug_line</name>
         <load_address>0x4e1</load_address>
         <run_address>0x4e1</run_address>
         <size>0x33</size>
         <input_file_ref idref="fl-145"/>
      </object_component>
      <object_component id="oc-7c">
         <name>.debug_line</name>
         <load_address>0x514</load_address>
         <run_address>0x514</run_address>
         <size>0x44</size>
         <input_file_ref idref="fl-13d"/>
      </object_component>
      <object_component id="oc-80">
         <name>.debug_line</name>
         <load_address>0x558</load_address>
         <run_address>0x558</run_address>
         <size>0x20</size>
         <input_file_ref idref="fl-13d"/>
      </object_component>
      <object_component id="oc-83">
         <name>.debug_line</name>
         <load_address>0x578</load_address>
         <run_address>0x578</run_address>
         <size>0x44</size>
         <input_file_ref idref="fl-13f"/>
      </object_component>
      <object_component id="oc-8a">
         <name>.debug_line</name>
         <load_address>0x5bc</load_address>
         <run_address>0x5bc</run_address>
         <size>0x20</size>
         <input_file_ref idref="fl-13e"/>
      </object_component>
      <object_component id="oc-8c">
         <name>.debug_line</name>
         <load_address>0x5dc</load_address>
         <run_address>0x5dc</run_address>
         <size>0x73</size>
         <input_file_ref idref="fl-16a"/>
      </object_component>
      <object_component id="oc-8f">
         <name>.debug_line</name>
         <load_address>0x64f</load_address>
         <run_address>0x64f</run_address>
         <size>0x44</size>
         <input_file_ref idref="fl-169"/>
      </object_component>
      <object_component id="oc-94">
         <name>.debug_line</name>
         <load_address>0x693</load_address>
         <run_address>0x693</run_address>
         <size>0x2c</size>
         <input_file_ref idref="fl-16a"/>
      </object_component>
      <object_component id="oc-9b">
         <name>.debug_line</name>
         <load_address>0x6bf</load_address>
         <run_address>0x6bf</run_address>
         <size>0x19c</size>
         <input_file_ref idref="fl-f"/>
      </object_component>
      <object_component id="oc-a0">
         <name>.debug_line</name>
         <load_address>0x85b</load_address>
         <run_address>0x85b</run_address>
         <size>0x2b</size>
         <input_file_ref idref="fl-149"/>
      </object_component>
      <object_component id="oc-a3">
         <name>.debug_line</name>
         <load_address>0x886</load_address>
         <run_address>0x886</run_address>
         <size>0x2b</size>
         <input_file_ref idref="fl-149"/>
      </object_component>
      <object_component id="oc-a8">
         <name>.debug_line</name>
         <load_address>0x8b1</load_address>
         <run_address>0x8b1</run_address>
         <size>0x64</size>
         <input_file_ref idref="fl-147"/>
      </object_component>
      <object_component id="oc-ac">
         <name>.debug_line</name>
         <load_address>0x915</load_address>
         <run_address>0x915</run_address>
         <size>0x2b</size>
         <input_file_ref idref="fl-147"/>
      </object_component>
      <object_component id="oc-af">
         <name>.debug_line</name>
         <load_address>0x940</load_address>
         <run_address>0x940</run_address>
         <size>0x2a</size>
         <input_file_ref idref="fl-140"/>
      </object_component>
      <object_component id="oc-b1">
         <name>.debug_line</name>
         <load_address>0x96a</load_address>
         <run_address>0x96a</run_address>
         <size>0x43</size>
         <input_file_ref idref="fl-140"/>
      </object_component>
      <object_component id="oc-b3">
         <name>.debug_line</name>
         <load_address>0x9ad</load_address>
         <run_address>0x9ad</run_address>
         <size>0x51</size>
         <input_file_ref idref="fl-14c"/>
      </object_component>
      <object_component id="oc-b6">
         <name>.debug_line</name>
         <load_address>0x9fe</load_address>
         <run_address>0x9fe</run_address>
         <size>0x45</size>
         <input_file_ref idref="fl-14c"/>
      </object_component>
      <object_component id="oc-bb">
         <name>.debug_line</name>
         <load_address>0xa43</load_address>
         <run_address>0xa43</run_address>
         <size>0x113</size>
         <input_file_ref idref="fl-d"/>
      </object_component>
      <object_component id="oc-c0">
         <name>.debug_line</name>
         <load_address>0xb56</load_address>
         <run_address>0xb56</run_address>
         <size>0x15c</size>
         <input_file_ref idref="fl-c"/>
      </object_component>
      <object_component id="oc-c5">
         <name>.debug_line</name>
         <load_address>0xcb2</load_address>
         <run_address>0xcb2</run_address>
         <size>0x225</size>
         <input_file_ref idref="fl-2"/>
      </object_component>
      <object_component id="oc-ca">
         <name>.debug_line</name>
         <load_address>0xed7</load_address>
         <run_address>0xed7</run_address>
         <size>0x72</size>
         <input_file_ref idref="fl-4"/>
      </object_component>
      <object_component id="oc-d1">
         <name>.debug_line</name>
         <load_address>0xf49</load_address>
         <run_address>0xf49</run_address>
         <size>0x20</size>
         <input_file_ref idref="fl-147"/>
      </object_component>
      <object_component id="oc-da">
         <name>.debug_line</name>
         <load_address>0xf69</load_address>
         <run_address>0xf69</run_address>
         <size>0x73</size>
         <input_file_ref idref="fl-143"/>
      </object_component>
      <object_component id="oc-e2">
         <name>.debug_line</name>
         <load_address>0xfdc</load_address>
         <run_address>0xfdc</run_address>
         <size>0x103</size>
         <input_file_ref idref="fl-f"/>
      </object_component>
      <object_component id="oc-e4">
         <name>.debug_line</name>
         <load_address>0x10df</load_address>
         <run_address>0x10df</run_address>
         <size>0x61</size>
         <input_file_ref idref="fl-d"/>
      </object_component>
      <object_component id="oc-e6">
         <name>.debug_line</name>
         <load_address>0x1140</load_address>
         <run_address>0x1140</run_address>
         <size>0x3a</size>
         <input_file_ref idref="fl-c"/>
      </object_component>
      <object_component id="oc-e8">
         <name>.debug_line</name>
         <load_address>0x117a</load_address>
         <run_address>0x117a</run_address>
         <size>0x61</size>
         <input_file_ref idref="fl-c"/>
      </object_component>
      <object_component id="oc-eb">
         <name>.debug_line</name>
         <load_address>0x11db</load_address>
         <run_address>0x11db</run_address>
         <size>0x62</size>
         <input_file_ref idref="fl-2"/>
      </object_component>
      <object_component id="oc-ed">
         <name>.debug_line</name>
         <load_address>0x123d</load_address>
         <run_address>0x123d</run_address>
         <size>0xec</size>
         <input_file_ref idref="fl-2"/>
      </object_component>
      <object_component id="oc-1a">
         <name>.debug_aranges</name>
         <load_address>0x0</load_address>
         <run_address>0x0</run_address>
         <size>0x20</size>
         <input_file_ref idref="fl-13c"/>
      </object_component>
      <object_component id="oc-1d">
         <name>.debug_aranges</name>
         <load_address>0x20</load_address>
         <run_address>0x20</run_address>
         <size>0x20</size>
         <input_file_ref idref="fl-13d"/>
      </object_component>
      <object_component id="oc-26">
         <name>.debug_aranges</name>
         <load_address>0x40</load_address>
         <run_address>0x40</run_address>
         <size>0x20</size>
         <input_file_ref idref="fl-13e"/>
      </object_component>
      <object_component id="oc-30">
         <name>.debug_aranges</name>
         <load_address>0x60</load_address>
         <run_address>0x60</run_address>
         <size>0x28</size>
         <input_file_ref idref="fl-14b"/>
      </object_component>
      <object_component id="oc-35">
         <name>.debug_aranges</name>
         <load_address>0x88</load_address>
         <run_address>0x88</run_address>
         <size>0x20</size>
         <input_file_ref idref="fl-149"/>
      </object_component>
      <object_component id="oc-3a">
         <name>.debug_aranges</name>
         <load_address>0xa8</load_address>
         <run_address>0xa8</run_address>
         <size>0x30</size>
         <input_file_ref idref="fl-140"/>
      </object_component>
      <object_component id="oc-41">
         <name>.debug_aranges</name>
         <load_address>0xd8</load_address>
         <run_address>0xd8</run_address>
         <size>0x20</size>
         <input_file_ref idref="fl-142"/>
      </object_component>
      <object_component id="oc-51">
         <name>.debug_aranges</name>
         <load_address>0xf8</load_address>
         <run_address>0xf8</run_address>
         <size>0x20</size>
         <input_file_ref idref="fl-13e"/>
      </object_component>
      <object_component id="oc-63">
         <name>.debug_aranges</name>
         <load_address>0x118</load_address>
         <run_address>0x118</run_address>
         <size>0x20</size>
         <input_file_ref idref="fl-14c"/>
      </object_component>
      <object_component id="oc-69">
         <name>.debug_aranges</name>
         <load_address>0x138</load_address>
         <run_address>0x138</run_address>
         <size>0x20</size>
         <input_file_ref idref="fl-3"/>
      </object_component>
      <object_component id="oc-9d">
         <name>.debug_aranges</name>
         <load_address>0x158</load_address>
         <run_address>0x158</run_address>
         <size>0x58</size>
         <input_file_ref idref="fl-f"/>
      </object_component>
      <object_component id="oc-aa">
         <name>.debug_aranges</name>
         <load_address>0x1b0</load_address>
         <run_address>0x1b0</run_address>
         <size>0x30</size>
         <input_file_ref idref="fl-147"/>
      </object_component>
      <object_component id="oc-bd">
         <name>.debug_aranges</name>
         <load_address>0x1e0</load_address>
         <run_address>0x1e0</run_address>
         <size>0x48</size>
         <input_file_ref idref="fl-d"/>
      </object_component>
      <object_component id="oc-c2">
         <name>.debug_aranges</name>
         <load_address>0x228</load_address>
         <run_address>0x228</run_address>
         <size>0x48</size>
         <input_file_ref idref="fl-c"/>
      </object_component>
      <object_component id="oc-c7">
         <name>.debug_aranges</name>
         <load_address>0x270</load_address>
         <run_address>0x270</run_address>
         <size>0x68</size>
         <input_file_ref idref="fl-2"/>
      </object_component>
      <object_component id="oc-cc">
         <name>.debug_aranges</name>
         <load_address>0x2d8</load_address>
         <run_address>0x2d8</run_address>
         <size>0x28</size>
         <input_file_ref idref="fl-4"/>
      </object_component>
      <object_component id="oc-db">
         <name>.debug_aranges</name>
         <load_address>0x300</load_address>
         <run_address>0x300</run_address>
         <size>0x28</size>
         <input_file_ref idref="fl-143"/>
      </object_component>
      <object_component id="oc-1c">
         <name>.debug_frame</name>
         <load_address>0x0</load_address>
         <run_address>0x0</run_address>
         <size>0x3f</size>
         <input_file_ref idref="fl-13d"/>
      </object_component>
      <object_component id="oc-28">
         <name>.debug_frame</name>
         <load_address>0x3f</load_address>
         <run_address>0x3f</run_address>
         <size>0x3f</size>
         <input_file_ref idref="fl-13e"/>
      </object_component>
      <object_component id="oc-34">
         <name>.debug_frame</name>
         <load_address>0x7e</load_address>
         <run_address>0x7e</run_address>
         <size>0x3f</size>
         <input_file_ref idref="fl-149"/>
      </object_component>
      <object_component id="oc-39">
         <name>.debug_frame</name>
         <load_address>0xbd</load_address>
         <run_address>0xbd</run_address>
         <size>0x6f</size>
         <input_file_ref idref="fl-140"/>
      </object_component>
      <object_component id="oc-53">
         <name>.debug_frame</name>
         <load_address>0x12c</load_address>
         <run_address>0x12c</run_address>
         <size>0x46</size>
         <input_file_ref idref="fl-13e"/>
      </object_component>
      <object_component id="oc-62">
         <name>.debug_frame</name>
         <load_address>0x172</load_address>
         <run_address>0x172</run_address>
         <size>0x4a</size>
         <input_file_ref idref="fl-14c"/>
      </object_component>
      <object_component id="oc-68">
         <name>.debug_frame</name>
         <load_address>0x1bc</load_address>
         <run_address>0x1bc</run_address>
         <size>0x46</size>
         <input_file_ref idref="fl-3"/>
      </object_component>
      <object_component id="oc-9c">
         <name>.debug_frame</name>
         <load_address>0x202</load_address>
         <run_address>0x202</run_address>
         <size>0xe5</size>
         <input_file_ref idref="fl-f"/>
      </object_component>
      <object_component id="oc-a9">
         <name>.debug_frame</name>
         <load_address>0x2e7</load_address>
         <run_address>0x2e7</run_address>
         <size>0x61</size>
         <input_file_ref idref="fl-147"/>
      </object_component>
      <object_component id="oc-bc">
         <name>.debug_frame</name>
         <load_address>0x348</load_address>
         <run_address>0x348</run_address>
         <size>0xbb</size>
         <input_file_ref idref="fl-d"/>
      </object_component>
      <object_component id="oc-c1">
         <name>.debug_frame</name>
         <load_address>0x403</load_address>
         <run_address>0x403</run_address>
         <size>0xbc</size>
         <input_file_ref idref="fl-c"/>
      </object_component>
      <object_component id="oc-c6">
         <name>.debug_frame</name>
         <load_address>0x4bf</load_address>
         <run_address>0x4bf</run_address>
         <size>0x12b</size>
         <input_file_ref idref="fl-2"/>
      </object_component>
      <object_component id="oc-cb">
         <name>.debug_frame</name>
         <load_address>0x5ea</load_address>
         <run_address>0x5ea</run_address>
         <size>0x51</size>
         <input_file_ref idref="fl-4"/>
      </object_component>
      <object_component id="oc-3d">
         <name>.debug_abbrev</name>
         <load_address>0x0</load_address>
         <run_address>0x0</run_address>
         <size>0x3d</size>
         <input_file_ref idref="fl-13c"/>
      </object_component>
      <object_component id="oc-42">
         <name>.debug_abbrev</name>
         <load_address>0x3d</load_address>
         <run_address>0x3d</run_address>
         <size>0x74</size>
         <input_file_ref idref="fl-13d"/>
      </object_component>
      <object_component id="oc-44">
         <name>.debug_abbrev</name>
         <load_address>0xb1</load_address>
         <run_address>0xb1</run_address>
         <size>0x24</size>
         <input_file_ref idref="fl-13d"/>
      </object_component>
      <object_component id="oc-55">
         <name>.debug_abbrev</name>
         <load_address>0xd5</load_address>
         <run_address>0xd5</run_address>
         <size>0x74</size>
         <input_file_ref idref="fl-13e"/>
      </object_component>
      <object_component id="oc-58">
         <name>.debug_abbrev</name>
         <load_address>0x149</load_address>
         <run_address>0x149</run_address>
         <size>0x24</size>
         <input_file_ref idref="fl-13e"/>
      </object_component>
      <object_component id="oc-5c">
         <name>.debug_abbrev</name>
         <load_address>0x16d</load_address>
         <run_address>0x16d</run_address>
         <size>0x29</size>
         <input_file_ref idref="fl-16a"/>
      </object_component>
      <object_component id="oc-64">
         <name>.debug_abbrev</name>
         <load_address>0x196</load_address>
         <run_address>0x196</run_address>
         <size>0x82</size>
         <input_file_ref idref="fl-14b"/>
      </object_component>
      <object_component id="oc-6a">
         <name>.debug_abbrev</name>
         <load_address>0x218</load_address>
         <run_address>0x218</run_address>
         <size>0x68</size>
         <input_file_ref idref="fl-149"/>
      </object_component>
      <object_component id="oc-6c">
         <name>.debug_abbrev</name>
         <load_address>0x280</load_address>
         <run_address>0x280</run_address>
         <size>0x1f</size>
         <input_file_ref idref="fl-2"/>
      </object_component>
      <object_component id="oc-75">
         <name>.debug_abbrev</name>
         <load_address>0x29f</load_address>
         <run_address>0x29f</run_address>
         <size>0xba</size>
         <input_file_ref idref="fl-140"/>
      </object_component>
      <object_component id="oc-77">
         <name>.debug_abbrev</name>
         <load_address>0x359</load_address>
         <run_address>0x359</run_address>
         <size>0x27</size>
         <input_file_ref idref="fl-145"/>
      </object_component>
      <object_component id="oc-79">
         <name>.debug_abbrev</name>
         <load_address>0x380</load_address>
         <run_address>0x380</run_address>
         <size>0x4b</size>
         <input_file_ref idref="fl-142"/>
      </object_component>
      <object_component id="oc-7b">
         <name>.debug_abbrev</name>
         <load_address>0x3cb</load_address>
         <run_address>0x3cb</run_address>
         <size>0x24</size>
         <input_file_ref idref="fl-13d"/>
      </object_component>
      <object_component id="oc-7f">
         <name>.debug_abbrev</name>
         <load_address>0x3ef</load_address>
         <run_address>0x3ef</run_address>
         <size>0x4c</size>
         <input_file_ref idref="fl-13d"/>
      </object_component>
      <object_component id="oc-82">
         <name>.debug_abbrev</name>
         <load_address>0x43b</load_address>
         <run_address>0x43b</run_address>
         <size>0x24</size>
         <input_file_ref idref="fl-13f"/>
      </object_component>
      <object_component id="oc-88">
         <name>.debug_abbrev</name>
         <load_address>0x45f</load_address>
         <run_address>0x45f</run_address>
         <size>0x6d</size>
         <input_file_ref idref="fl-13e"/>
      </object_component>
      <object_component id="oc-89">
         <name>.debug_abbrev</name>
         <load_address>0x4cc</load_address>
         <run_address>0x4cc</run_address>
         <size>0x2c</size>
         <input_file_ref idref="fl-13e"/>
      </object_component>
      <object_component id="oc-8b">
         <name>.debug_abbrev</name>
         <load_address>0x4f8</load_address>
         <run_address>0x4f8</run_address>
         <size>0xcb</size>
         <input_file_ref idref="fl-16a"/>
      </object_component>
      <object_component id="oc-8e">
         <name>.debug_abbrev</name>
         <load_address>0x5c3</load_address>
         <run_address>0x5c3</run_address>
         <size>0x24</size>
         <input_file_ref idref="fl-169"/>
      </object_component>
      <object_component id="oc-93">
         <name>.debug_abbrev</name>
         <load_address>0x5e7</load_address>
         <run_address>0x5e7</run_address>
         <size>0x4b</size>
         <input_file_ref idref="fl-16a"/>
      </object_component>
      <object_component id="oc-97">
         <name>.debug_abbrev</name>
         <load_address>0x632</load_address>
         <run_address>0x632</run_address>
         <size>0x8c</size>
         <input_file_ref idref="fl-14c"/>
      </object_component>
      <object_component id="oc-9e">
         <name>.debug_abbrev</name>
         <load_address>0x6be</load_address>
         <run_address>0x6be</run_address>
         <size>0x6e</size>
         <input_file_ref idref="fl-3"/>
      </object_component>
      <object_component id="oc-9f">
         <name>.debug_abbrev</name>
         <load_address>0x72c</load_address>
         <run_address>0x72c</run_address>
         <size>0x8e</size>
         <input_file_ref idref="fl-149"/>
      </object_component>
      <object_component id="oc-a2">
         <name>.debug_abbrev</name>
         <load_address>0x7ba</load_address>
         <run_address>0x7ba</run_address>
         <size>0x49</size>
         <input_file_ref idref="fl-149"/>
      </object_component>
      <object_component id="oc-ab">
         <name>.debug_abbrev</name>
         <load_address>0x803</load_address>
         <run_address>0x803</run_address>
         <size>0x29</size>
         <input_file_ref idref="fl-147"/>
      </object_component>
      <object_component id="oc-ae">
         <name>.debug_abbrev</name>
         <load_address>0x82c</load_address>
         <run_address>0x82c</run_address>
         <size>0x29</size>
         <input_file_ref idref="fl-140"/>
      </object_component>
      <object_component id="oc-b0">
         <name>.debug_abbrev</name>
         <load_address>0x855</load_address>
         <run_address>0x855</run_address>
         <size>0x6b</size>
         <input_file_ref idref="fl-140"/>
      </object_component>
      <object_component id="oc-b2">
         <name>.debug_abbrev</name>
         <load_address>0x8c0</load_address>
         <run_address>0x8c0</run_address>
         <size>0x8c</size>
         <input_file_ref idref="fl-14c"/>
      </object_component>
      <object_component id="oc-b5">
         <name>.debug_abbrev</name>
         <load_address>0x94c</load_address>
         <run_address>0x94c</run_address>
         <size>0x4b</size>
         <input_file_ref idref="fl-14c"/>
      </object_component>
      <object_component id="oc-cd">
         <name>.debug_abbrev</name>
         <load_address>0x997</load_address>
         <run_address>0x997</run_address>
         <size>0x103</size>
         <input_file_ref idref="fl-f"/>
      </object_component>
      <object_component id="oc-cf">
         <name>.debug_abbrev</name>
         <load_address>0xa9a</load_address>
         <run_address>0xa9a</run_address>
         <size>0x6f</size>
         <input_file_ref idref="fl-147"/>
      </object_component>
      <object_component id="oc-d0">
         <name>.debug_abbrev</name>
         <load_address>0xb09</load_address>
         <run_address>0xb09</run_address>
         <size>0x45</size>
         <input_file_ref idref="fl-147"/>
      </object_component>
      <object_component id="oc-d2">
         <name>.debug_abbrev</name>
         <load_address>0xb4e</load_address>
         <run_address>0xb4e</run_address>
         <size>0x7c</size>
         <input_file_ref idref="fl-d"/>
      </object_component>
      <object_component id="oc-d6">
         <name>.debug_abbrev</name>
         <load_address>0xbca</load_address>
         <run_address>0xbca</run_address>
         <size>0x7c</size>
         <input_file_ref idref="fl-c"/>
      </object_component>
      <object_component id="oc-de">
         <name>.debug_abbrev</name>
         <load_address>0xc46</load_address>
         <run_address>0xc46</run_address>
         <size>0x105</size>
         <input_file_ref idref="fl-2"/>
      </object_component>
      <object_component id="oc-e0">
         <name>.debug_abbrev</name>
         <load_address>0xd4b</load_address>
         <run_address>0xd4b</run_address>
         <size>0x50</size>
         <input_file_ref idref="fl-4"/>
      </object_component>
      <object_component id="oc-e1">
         <name>.debug_abbrev</name>
         <load_address>0xd9b</load_address>
         <run_address>0xd9b</run_address>
         <size>0x65</size>
         <input_file_ref idref="fl-f"/>
      </object_component>
      <object_component id="oc-e3">
         <name>.debug_abbrev</name>
         <load_address>0xe00</load_address>
         <run_address>0xe00</run_address>
         <size>0x39</size>
         <input_file_ref idref="fl-d"/>
      </object_component>
      <object_component id="oc-e5">
         <name>.debug_abbrev</name>
         <load_address>0xe39</load_address>
         <run_address>0xe39</run_address>
         <size>0x29</size>
         <input_file_ref idref="fl-c"/>
      </object_component>
      <object_component id="oc-e7">
         <name>.debug_abbrev</name>
         <load_address>0xe62</load_address>
         <run_address>0xe62</run_address>
         <size>0x39</size>
         <input_file_ref idref="fl-c"/>
      </object_component>
      <object_component id="oc-e9">
         <name>.debug_abbrev</name>
         <load_address>0xe9b</load_address>
         <run_address>0xe9b</run_address>
         <size>0x4f</size>
         <input_file_ref idref="fl-143"/>
      </object_component>
      <object_component id="oc-ea">
         <name>.debug_abbrev</name>
         <load_address>0xeea</load_address>
         <run_address>0xeea</run_address>
         <size>0x27</size>
         <input_file_ref idref="fl-2"/>
      </object_component>
      <object_component id="oc-ec">
         <name>.debug_abbrev</name>
         <load_address>0xf11</load_address>
         <run_address>0xf11</run_address>
         <size>0x97</size>
         <input_file_ref idref="fl-2"/>
      </object_component>
      <object_component id="oc-118">
         <name>.debug_abbrev</name>
         <load_address>0xfa8</load_address>
         <run_address>0xfa8</run_address>
         <size>0xf</size>
      </object_component>
      <object_component id="oc-46">
         <name>.debug_str</name>
         <load_address>0x0</load_address>
         <run_address>0x0</run_address>
         <size>0xb5</size>
         <input_file_ref idref="fl-13d"/>
      </object_component>
      <object_component id="oc-5a">
         <name>.debug_str</name>
         <load_address>0xb5</load_address>
         <run_address>0xb5</run_address>
         <size>0xa7</size>
         <input_file_ref idref="fl-13e"/>
      </object_component>
      <object_component id="oc-6e">
         <name>.debug_str</name>
         <load_address>0x15c</load_address>
         <run_address>0x15c</run_address>
         <size>0xf5</size>
         <input_file_ref idref="fl-2"/>
      </object_component>
      <object_component id="oc-7d">
         <name>.debug_str</name>
         <load_address>0x251</load_address>
         <run_address>0x251</run_address>
         <size>0x9c</size>
         <input_file_ref idref="fl-13d"/>
      </object_component>
      <object_component id="oc-84">
         <name>.debug_str</name>
         <load_address>0x2ed</load_address>
         <run_address>0x2ed</run_address>
         <size>0x9c</size>
         <input_file_ref idref="fl-13f"/>
      </object_component>
      <object_component id="oc-90">
         <name>.debug_str</name>
         <load_address>0x389</load_address>
         <run_address>0x389</run_address>
         <size>0x9c</size>
         <input_file_ref idref="fl-169"/>
      </object_component>
      <object_component id="oc-95">
         <name>.debug_str</name>
         <load_address>0x425</load_address>
         <run_address>0x425</run_address>
         <size>0x9e</size>
         <input_file_ref idref="fl-16a"/>
      </object_component>
      <object_component id="oc-a4">
         <name>.debug_str</name>
         <load_address>0x4c3</load_address>
         <run_address>0x4c3</run_address>
         <size>0x8b</size>
         <input_file_ref idref="fl-149"/>
      </object_component>
      <object_component id="oc-b7">
         <name>.debug_str</name>
         <load_address>0x54e</load_address>
         <run_address>0x54e</run_address>
         <size>0xf3</size>
         <input_file_ref idref="fl-14c"/>
      </object_component>
      <object_component id="oc-47">
         <name>.debug_pubtypes</name>
         <load_address>0x0</load_address>
         <run_address>0x0</run_address>
         <size>0x48</size>
         <input_file_ref idref="fl-13d"/>
      </object_component>
      <object_component id="oc-5b">
         <name>.debug_pubtypes</name>
         <load_address>0x48</load_address>
         <run_address>0x48</run_address>
         <size>0x37</size>
         <input_file_ref idref="fl-13e"/>
      </object_component>
      <object_component id="oc-6f">
         <name>.debug_pubtypes</name>
         <load_address>0x7f</load_address>
         <run_address>0x7f</run_address>
         <size>0xed</size>
         <input_file_ref idref="fl-2"/>
      </object_component>
      <object_component id="oc-7e">
         <name>.debug_pubtypes</name>
         <load_address>0x16c</load_address>
         <run_address>0x16c</run_address>
         <size>0x1d</size>
         <input_file_ref idref="fl-13d"/>
      </object_component>
      <object_component id="oc-85">
         <name>.debug_pubtypes</name>
         <load_address>0x189</load_address>
         <run_address>0x189</run_address>
         <size>0x1d</size>
         <input_file_ref idref="fl-13f"/>
      </object_component>
      <object_component id="oc-91">
         <name>.debug_pubtypes</name>
         <load_address>0x1a6</load_address>
         <run_address>0x1a6</run_address>
         <size>0x1d</size>
         <input_file_ref idref="fl-169"/>
      </object_component>
      <object_component id="oc-96">
         <name>.debug_pubtypes</name>
         <load_address>0x1c3</load_address>
         <run_address>0x1c3</run_address>
         <size>0x26</size>
         <input_file_ref idref="fl-16a"/>
      </object_component>
      <object_component id="oc-a5">
         <name>.debug_pubtypes</name>
         <load_address>0x1e9</load_address>
         <run_address>0x1e9</run_address>
         <size>0x1b</size>
         <input_file_ref idref="fl-149"/>
      </object_component>
      <object_component id="oc-b8">
         <name>.debug_pubtypes</name>
         <load_address>0x204</load_address>
         <run_address>0x204</run_address>
         <size>0x50</size>
         <input_file_ref idref="fl-14c"/>
      </object_component>
   </object_component_list>
   <logical_group_list>
      <logical_group id="lg-2" display="no" color="cyan">
         <name>.text</name>
         <load_address>0x8e000000</load_address>
         <run_address>0x8e000000</run_address>
         <size>0x1930</size>
         <contents>
            <object_component_ref idref="oc-99"/>
            <object_component_ref idref="oc-c3"/>
            <object_component_ref idref="oc-be"/>
            <object_component_ref idref="oc-b9"/>
            <object_component_ref idref="oc-3e"/>
            <object_component_ref idref="oc-c8"/>
            <object_component_ref idref="oc-2d"/>
            <object_component_ref idref="oc-d8"/>
            <object_component_ref idref="oc-50"/>
            <object_component_ref idref="oc-5f"/>
            <object_component_ref idref="oc-36"/>
            <object_component_ref idref="oc-17"/>
            <object_component_ref idref="oc-65"/>
            <object_component_ref idref="oc-a6"/>
            <object_component_ref idref="oc-31"/>
            <object_component_ref idref="oc-1b"/>
            <object_component_ref idref="oc-25"/>
         </contents>
      </logical_group>
      <logical_group id="lg-3" display="no" color="cyan">
         <name>.stack</name>
         <run_address>0x8e001930</run_address>
         <size>0x800</size>
         <contents>
            <object_component_ref idref="oc-2a"/>
            <object_component_ref idref="oc-115"/>
         </contents>
      </logical_group>
      <logical_group id="lg-4" display="no" color="cyan">
         <name>.bss</name>
         <run_address>0x0</run_address>
         <size>0x0</size>
         <contents>
         </contents>
      </logical_group>
      <logical_group id="lg-5" display="no" color="cyan">
         <name>.cio</name>
         <run_address>0x0</run_address>
         <size>0x0</size>
         <contents>
         </contents>
      </logical_group>
      <logical_group id="lg-6" display="no" color="cyan">
         <name>.const</name>
         <load_address>0x8e002930</load_address>
         <run_address>0x8e002930</run_address>
         <size>0x88</size>
         <contents>
            <object_component_ref idref="oc-dc"/>
         </contents>
      </logical_group>
      <logical_group id="lg-7" display="no" color="cyan">
         <name>.data</name>
         <run_address>0x8e0029b8</run_address>
         <size>0x18</size>
         <contents>
            <object_component_ref idref="oc-3b"/>
            <object_component_ref idref="oc-71"/>
            <object_component_ref idref="oc-73"/>
            <object_component_ref idref="oc-d4"/>
         </contents>
      </logical_group>
      <logical_group id="lg-8" display="no" color="cyan">
         <name>.switch</name>
         <run_address>0x0</run_address>
         <size>0x0</size>
         <contents>
         </contents>
      </logical_group>
      <logical_group id="lg-9" display="no" color="cyan">
         <name>.sysmem</name>
         <run_address>0x8e002130</run_address>
         <size>0x800</size>
         <contents>
            <object_component_ref idref="oc-2b"/>
            <object_component_ref idref="oc-116"/>
         </contents>
      </logical_group>
      <logical_group id="lg-a" display="no" color="cyan">
         <name>.far</name>
         <run_address>0x0</run_address>
         <size>0x0</size>
         <contents>
         </contents>
      </logical_group>
      <logical_group id="lg-b" display="no" color="cyan">
         <name>.args</name>
         <run_address>0x0</run_address>
         <size>0x0</size>
         <contents>
         </contents>
      </logical_group>
      <logical_group id="lg-c" display="no" color="cyan">
         <name>.ppinfo</name>
         <run_address>0x0</run_address>
         <size>0x0</size>
         <contents>
         </contents>
      </logical_group>
      <logical_group id="lg-d" display="no" color="cyan">
         <name>.ppdata</name>
         <run_address>0x0</run_address>
         <size>0x0</size>
         <contents>
         </contents>
      </logical_group>
      <logical_group id="lg-e" display="no" color="cyan">
         <name>.pinit</name>
         <run_address>0x0</run_address>
         <size>0x0</size>
         <contents>
         </contents>
      </logical_group>
      <logical_group id="lg-f" display="no" color="cyan">
         <name>.cinit</name>
         <load_address>0x8e0029d0</load_address>
         <run_address>0x8e0029d0</run_address>
         <size>0x28</size>
         <contents>
            <object_component_ref idref="oc-114"/>
            <object_component_ref idref="oc-112"/>
            <object_component_ref idref="oc-113"/>
         </contents>
      </logical_group>
      <logical_group id="lg-10" display="no" color="cyan">
         <name>.binit</name>
         <run_address>0x0</run_address>
         <size>0x0</size>
         <contents>
         </contents>
      </logical_group>
      <logical_group id="lg-11" display="no" color="cyan">
         <name>.init_array</name>
         <run_address>0x0</run_address>
         <size>0x0</size>
         <contents>
         </contents>
      </logical_group>
      <logical_group id="lg-12" display="no" color="cyan">
         <name>.neardata</name>
         <run_address>0x0</run_address>
         <size>0x0</size>
         <contents>
         </contents>
      </logical_group>
      <logical_group id="lg-13" display="no" color="cyan">
         <name>.fardata</name>
         <run_address>0x0</run_address>
         <size>0x0</size>
         <contents>
         </contents>
      </logical_group>
      <logical_group id="lg-14" display="no" color="cyan">
         <name>.rodata</name>
         <run_address>0x0</run_address>
         <size>0x0</size>
         <contents>
         </contents>
      </logical_group>
      <logical_group id="lg-15" display="no" color="cyan">
         <name>.c6xabi.exidx</name>
         <run_address>0x0</run_address>
         <size>0x0</size>
         <contents>
         </contents>
      </logical_group>
      <logical_group id="lg-16" display="no" color="cyan">
         <name>.c6xabi.extab</name>
         <run_address>0x0</run_address>
         <size>0x0</size>
         <contents>
         </contents>
      </logical_group>
      <logical_group id="lg-104" display="never" color="cyan">
         <name>.debug_info</name>
         <load_address>0x0</load_address>
         <run_address>0x0</run_address>
         <size>0x47a6</size>
         <contents>
            <object_component_ref idref="oc-18"/>
            <object_component_ref idref="oc-1e"/>
            <object_component_ref idref="oc-27"/>
            <object_component_ref idref="oc-2c"/>
            <object_component_ref idref="oc-2f"/>
            <object_component_ref idref="oc-33"/>
            <object_component_ref idref="oc-37"/>
            <object_component_ref idref="oc-3c"/>
            <object_component_ref idref="oc-3f"/>
            <object_component_ref idref="oc-43"/>
            <object_component_ref idref="oc-48"/>
            <object_component_ref idref="oc-52"/>
            <object_component_ref idref="oc-56"/>
            <object_component_ref idref="oc-57"/>
            <object_component_ref idref="oc-5e"/>
            <object_component_ref idref="oc-60"/>
            <object_component_ref idref="oc-66"/>
            <object_component_ref idref="oc-6b"/>
            <object_component_ref idref="oc-70"/>
            <object_component_ref idref="oc-72"/>
            <object_component_ref idref="oc-74"/>
            <object_component_ref idref="oc-76"/>
            <object_component_ref idref="oc-7a"/>
            <object_component_ref idref="oc-81"/>
            <object_component_ref idref="oc-8d"/>
            <object_component_ref idref="oc-92"/>
            <object_component_ref idref="oc-98"/>
            <object_component_ref idref="oc-9a"/>
            <object_component_ref idref="oc-a1"/>
            <object_component_ref idref="oc-a7"/>
            <object_component_ref idref="oc-ad"/>
            <object_component_ref idref="oc-b4"/>
            <object_component_ref idref="oc-ba"/>
            <object_component_ref idref="oc-bf"/>
            <object_component_ref idref="oc-c4"/>
            <object_component_ref idref="oc-c9"/>
            <object_component_ref idref="oc-ce"/>
            <object_component_ref idref="oc-d3"/>
            <object_component_ref idref="oc-d5"/>
            <object_component_ref idref="oc-d7"/>
            <object_component_ref idref="oc-d9"/>
            <object_component_ref idref="oc-dd"/>
            <object_component_ref idref="oc-df"/>
            <object_component_ref idref="oc-117"/>
         </contents>
      </logical_group>
      <logical_group id="lg-106" display="never" color="cyan">
         <name>.debug_line</name>
         <load_address>0x0</load_address>
         <run_address>0x0</run_address>
         <size>0x1329</size>
         <contents>
            <object_component_ref idref="oc-19"/>
            <object_component_ref idref="oc-1f"/>
            <object_component_ref idref="oc-29"/>
            <object_component_ref idref="oc-2e"/>
            <object_component_ref idref="oc-32"/>
            <object_component_ref idref="oc-38"/>
            <object_component_ref idref="oc-40"/>
            <object_component_ref idref="oc-45"/>
            <object_component_ref idref="oc-54"/>
            <object_component_ref idref="oc-59"/>
            <object_component_ref idref="oc-5d"/>
            <object_component_ref idref="oc-61"/>
            <object_component_ref idref="oc-67"/>
            <object_component_ref idref="oc-6d"/>
            <object_component_ref idref="oc-78"/>
            <object_component_ref idref="oc-7c"/>
            <object_component_ref idref="oc-80"/>
            <object_component_ref idref="oc-83"/>
            <object_component_ref idref="oc-8a"/>
            <object_component_ref idref="oc-8c"/>
            <object_component_ref idref="oc-8f"/>
            <object_component_ref idref="oc-94"/>
            <object_component_ref idref="oc-9b"/>
            <object_component_ref idref="oc-a0"/>
            <object_component_ref idref="oc-a3"/>
            <object_component_ref idref="oc-a8"/>
            <object_component_ref idref="oc-ac"/>
            <object_component_ref idref="oc-af"/>
            <object_component_ref idref="oc-b1"/>
            <object_component_ref idref="oc-b3"/>
            <object_component_ref idref="oc-b6"/>
            <object_component_ref idref="oc-bb"/>
            <object_component_ref idref="oc-c0"/>
            <object_component_ref idref="oc-c5"/>
            <object_component_ref idref="oc-ca"/>
            <object_component_ref idref="oc-d1"/>
            <object_component_ref idref="oc-da"/>
            <object_component_ref idref="oc-e2"/>
            <object_component_ref idref="oc-e4"/>
            <object_component_ref idref="oc-e6"/>
            <object_component_ref idref="oc-e8"/>
            <object_component_ref idref="oc-eb"/>
            <object_component_ref idref="oc-ed"/>
[...]
         <attributes>RWIX</attributes>
         <usage_details>
         </usage_details>
      </memory_area>
      <memory_area display="yes" color="green">
         <name>ARM_IRAM1</name>
         <page_id>0x0</page_id>
         <origin>0x4000</origin>
         <length>0x4000</length>
         <used_space>0x0</used_space>
         <unused_space>0x4000</unused_space>
         <attributes>RWIX</attributes>
         <usage_details>
         </usage_details>
      </memory_area>
      <memory_area display="yes" color="green">
         <name>ARM_IROM</name>
         <page_id>0x0</page_id>
         <origin>0x8000</origin>
         <length>0x4000</length>
         <used_space>0x0</used_space>
         <unused_space>0x4000</unused_space>
         <attributes>RWIX</attributes>
         <usage_details>
         </usage_details>
      </memory_area>
      <memory_area display="yes" color="green">
         <name>ARM_DRAM0</name>
         <page_id>0x0</page_id>
         <origin>0x10000</origin>
         <length>0x4000</length>
         <used_space>0x0</used_space>
         <unused_space>0x4000</unused_space>
         <attributes>RWIX</attributes>
         <usage_details>
         </usage_details>
      </memory_area>
      <memory_area display="yes" color="green">
         <name>ARM_DRAM1</name>
         <page_id>0x0</page_id>
         <origin>0x14000</origin>
         <length>0x4000</length>
         <used_space>0x0</used_space>
         <unused_space>0x4000</unused_space>
         <attributes>RWIX</attributes>
         <usage_details>
         </usage_details>
      </memory_area>
      <memory_area display="yes" color="green">
         <name>ARM_DROM</name>
         <page_id>0x0</page_id>
         <origin>0x18000</origin>
         <length>0x4000</length>
         <used_space>0x0</used_space>
         <unused_space>0x4000</unused_space>
         <attributes>RWIX</attributes>
         <usage_details>
         </usage_details>
      </memory_area>
      <memory_area display="yes" color="green">
         <name>ARM_METB</name>
         <page_id>0x0</page_id>
         <origin>0x1bc0000</origin>
         <length>0x1000</length>
         <used_space>0x0</used_space>
         <unused_space>0x1000</unused_space>
         <attributes>RWIX</attributes>
         <usage_details>
         </usage_details>
      </memory_area>
      <memory_area display="yes" color="green">
         <name>ARM_RETB</name>
         <page_id>0x0</page_id>
         <origin>0x1bc1000</origin>
         <length>0x800</length>
         <used_space>0x0</used_space>
         <unused_space>0x800</unused_space>
         <attributes>RWIX</attributes>
         <usage_details>
         </usage_details>
      </memory_area>
      <memory_area display="yes" color="green">
         <name>ARM_ICECRSH</name>
         <page_id>0x0</page_id>
         <origin>0x1bc1800</origin>
         <length>0x100</length>
         <used_space>0x0</used_space>
         <unused_space>0x100</unused_space>
         <attributes>RWIX</attributes>
         <usage_details>
         </usage_details>
      </memory_area>
      <memory_area display="yes" color="green">
         <name>ARM_CFGBUS</name>
         <page_id>0x0</page_id>
         <origin>0x1c00000</origin>
         <length>0x400000</length>
         <used_space>0x0</used_space>
         <unused_space>0x400000</unused_space>
         <attributes>RWIX</attributes>
         <usage_details>
         </usage_details>
      </memory_area>
      <memory_area display="yes" color="green">
         <name>ARM_DAEMIF</name>
         <page_id>0x0</page_id>
         <origin>0x2000000</origin>
         <length>0x8000000</length>
         <used_space>0x0</used_space>
         <unused_space>0x8000000</unused_space>
         <attributes>RWIX</attributes>
         <usage_details>
         </usage_details>
      </memory_area>
      <memory_area display="yes" color="green">
         <name>ARM_MJCPD</name>
         <page_id>0x0</page_id>
         <origin>0x11f00000</origin>
         <length>0x20000</length>
         <used_space>0x0</used_space>
         <unused_space>0x20000</unused_space>
         <attributes>RWIX</attributes>
         <usage_details>
         </usage_details>
      </memory_area>
      <memory_area display="yes" color="green">
         <name>ARM_HDVICPD</name>
         <page_id>0x0</page_id>
         <origin>0x12000000</origin>
         <length>0x80000</length>
         <used_space>0x0</used_space>
         <unused_space>0x80000</unused_space>
         <attributes>RWIX</attributes>
         <usage_details>
         </usage_details>
      </memory_area>
      <memory_area display="yes" color="green">
         <name>ARM_RDDR</name>
         <page_id>0x0</page_id>
         <origin>0x20000000</origin>
         <length>0x8000</length>
         <used_space>0x0</used_space>
         <unused_space>0x8000</unused_space>
         <attributes>RWIX</attributes>
         <usage_details>
         </usage_details>
      </memory_area>
      <memory_area display="yes" color="green">
         <name>ARM_DDR</name>
         <page_id>0x0</page_id>
         <origin>0x8e000000</origin>
         <length>0x1000000</length>
         <used_space>0x29f8</used_space>
         <unused_space>0xffd608</unused_space>
         <attributes>RWIX</attributes>
         <usage_details>
            <allocated_space>
               <start_address>0x8e000000</start_address>
               <size>0x1930</size>
               <logical_group_ref idref="lg-2"/>
            </allocated_space>
            <allocated_space>
               <start_address>0x8e001930</start_address>
               <size>0x800</size>
               <logical_group_ref idref="lg-3"/>
            </allocated_space>
            <allocated_space>
               <start_address>0x8e002130</start_address>
               <size>0x800</size>
               <logical_group_ref idref="lg-9"/>
            </allocated_space>
            <allocated_space>
               <start_address>0x8e002930</start_address>
               <size>0x88</size>
               <logical_group_ref idref="lg-6"/>
            </allocated_space>
            <allocated_space>
               <start_address>0x8e0029b8</start_address>
               <size>0x18</size>
               <logical_group_ref idref="lg-7"/>
            </allocated_space>
            <allocated_space>
               <start_address>0x8e0029d0</start_address>
               <size>0x28</size>
               <logical_group_ref idref="lg-f"/>
            </allocated_space>
            <available_space>
               <start_address>0x8e0029f8</start_address>
               <size>0xffd608</size>
            </available_space>
         </usage_details>
      </memory_area>
   </placement_map>
   <cptbl_list>
      <cptbl>
         <name>__TI_cinit_table</name>
         <cprec>
            <name>.data</name>
            <load_address>0x8e0029d0</load_address>
            <load_size>0x15</load_size>
            <run_address>0x8e0029b8</run_address>
            <run_size>0x18</run_size>
            <compression>rle</compression>
         </cprec>
      </cptbl>
   </cptbl_list>
   <handler_table>
      <handler_table_name>__TI_handler_table</handler_table_name>
      <handler>
         <index>0x0</index>
         <name>__TI_decompress_rle24</name>
      </handler>
      <handler>
         <index>0x1</index>
         <name>__TI_decompress_none</name>
      </handler>
   </handler_table>
   <symbol_table>
      <symbol id="sm-1">
         <name>__TI_CINIT_Base</name>
         <value>0x8e0029f0</value>
      </symbol>
      <symbol id="sm-2">
         <name>__TI_CINIT_Limit</name>
         <value>0x8e0029f8</value>
      </symbol>
      <symbol id="sm-3">
         <name>__TI_Handler_Table_Base</name>
         <value>0x8e0029e8</value>
      </symbol>
      <symbol id="sm-4">
         <name>__TI_Handler_Table_Limit</name>
         <value>0x8e0029f0</value>
      </symbol>
      <symbol id="sm-5">
         <name>binit</name>
         <value>0xffffffff</value>
      </symbol>
      <symbol id="sm-6">
         <name>__binit__</name>
         <value>0xffffffff</value>
      </symbol>
      <symbol id="sm-7">
         <name>__STACK_SIZE</name>
         <value>0x800</value>
      </symbol>
      <symbol id="sm-8">
         <name>__STACK_END</name>
         <value>0x8e002130</value>
      </symbol>
      <symbol id="sm-9">
         <name>__SYSMEM_SIZE</name>
         <value>0x800</value>
      </symbol>
      <symbol id="sm-a">
         <name>__c_args__</name>
         <value>0xffffffff</value>
      </symbol>
      <symbol id="sm-70">
         <name>ov7725_brightness</name>
         <value>0x8e0009a0</value>
         <object_component_ref idref="oc-c3"/>
      </symbol>
      <symbol id="sm-71">
         <name>ov7725_special_effects</name>
         <value>0x8e000ac4</value>
         <object_component_ref idref="oc-c3"/>
      </symbol>
      <symbol id="sm-72">
         <name>ov7725_contrast</name>
         <value>0x8e000a4c</value>
         <object_component_ref idref="oc-c3"/>
      </symbol>
      <symbol id="sm-73">
         <name>ov7725_color_saturation</name>
         <value>0x8e0008cc</value>
         <object_component_ref idref="oc-c3"/>
      </symbol>
      <symbol id="sm-74">
         <name>ov7725_light_mode</name>
         <value>0x8e0007ec</value>
         <object_component_ref idref="oc-c3"/>
      </symbol>
      <symbol id="sm-75">
         <name>sccb_write_reg</name>
         <value>0x8e00079c</value>
         <object_component_ref idref="oc-c3"/>
      </symbol>
      <symbol id="sm-76">
         <name>ov7725_reg_init</name>
         <value>0x8e000bec</value>
         <object_component_ref idref="oc-c3"/>
      </symbol>
      <symbol id="sm-77">
         <name>ov7725_init</name>
         <value>0x8e0006a0</value>
         <object_component_ref idref="oc-c3"/>
      </symbol>
      <symbol id="sm-78">
         <name>camera_reset</name>
         <value>0x8e00070c</value>
         <object_component_ref idref="oc-c3"/>
      </symbol>
      <symbol id="sm-79">
         <name>sccb_read_reg</name>
         <value>0x8e000734</value>
         <object_component_ref idref="oc-c3"/>
      </symbol>
      <symbol id="sm-85">
         <name>main</name>
         <value>0x8e00189c</value>
         <object_component_ref idref="oc-65"/>
      </symbol>
      <symbol id="sm-a4">
         <name>isif_init</name>
         <value>0x8e00140c</value>
         <object_component_ref idref="oc-c8"/>
      </symbol>
      <symbol id="sm-a5">
         <name>face_detection_init</name>
         <value>0x8e0014d0</value>
         <object_component_ref idref="oc-c8"/>
      </symbol>
      <symbol id="sm-e1">
         <name>dm368_i2c_init</name>
         <value>0x8e000ca4</value>
         <object_component_ref idref="oc-be"/>
      </symbol>
      <symbol id="sm-e2">
         <name>dm368_i2c_reset</name>
         <value>0x8e000d00</value>
         <object_component_ref idref="oc-be"/>
      </symbol>
      <symbol id="sm-e3">
         <name>dm368_i2c_close</name>
         <value>0x8e000cec</value>
         <object_component_ref idref="oc-be"/>
      </symbol>
      <symbol id="sm-e4">
         <name>dm368_i2c_read_variable</name>
         <value>0x8e000f04</value>
         <object_component_ref idref="oc-be"/>
      </symbol>
      <symbol id="sm-e5">
         <name>dm368_i2c_write</name>
         <value>0x8e000d14</value>
         <object_component_ref idref="oc-be"/>
      </symbol>
      <symbol id="sm-e6">
         <name>dm368_i2c_read</name>
         <value>0x8e000e0c</value>
         <object_component_ref idref="oc-be"/>
      </symbol>
      <symbol id="sm-e7">
         <name>i2c_timeout</name>
         <value>0x8e0029c8</value>
         <object_component_ref idref="oc-d4"/>
      </symbol>
      <symbol id="sm-101">
         <name>dm368_led_on</name>
         <value>0x8e001254</value>
         <object_component_ref idref="oc-b9"/>
      </symbol>
      <symbol id="sm-102">
         <name>dm368_gpio_setOutput</name>
         <value>0x8e001140</value>
         <object_component_ref idref="oc-b9"/>
      </symbol>
      <symbol id="sm-103">
         <name>dm368_gpio_getInput</name>
         <value>0x8e0011c8</value>
         <object_component_ref idref="oc-b9"/>
      </symbol>
      <symbol id="sm-104">
         <name>dm368_gpio_setDirection</name>
         <value>0x8e0010b8</value>
         <object_component_ref idref="oc-b9"/>
      </symbol>
      <symbol id="sm-105">
         <name>dm368_led_off</name>
         <value>0x8e00122c</value>
         <object_component_ref idref="oc-b9"/>
      </symbol>
      <symbol id="sm-106">
         <name>dm368_gpio_init</name>
         <value>0x8e001038</value>
         <object_component_ref idref="oc-b9"/>
      </symbol>
      <symbol id="sm-161">
         <name>pll2_cfg</name>
         <value>0x8e000260</value>
         <object_component_ref idref="oc-99"/>
      </symbol>
      <symbol id="sm-162">
         <name>pwm_output</name>
         <value>0x8e000524</value>
         <object_component_ref idref="oc-99"/>
      </symbol>
      <symbol id="sm-163">
         <name>dm368_waitusec</name>
         <value>0x8e00004c</value>
         <object_component_ref idref="oc-99"/>
      </symbol>
      <symbol id="sm-164">
         <name>pin_mux_cfg</name>
         <value>0x8e000068</value>
         <object_component_ref idref="oc-99"/>
      </symbol>
      <symbol id="sm-165">
         <name>dm368_wait</name>
         <value>0x8e000000</value>
         <object_component_ref idref="oc-99"/>
      </symbol>
      <symbol id="sm-166">
         <name>dm368_init</name>
         <value>0x8e0003b4</value>
         <object_component_ref idref="oc-99"/>
      </symbol>
      <symbol id="sm-167">
         <name>led_shining</name>
         <value>0x8e00049c</value>
         <object_component_ref idref="oc-99"/>
      </symbol>
      <symbol id="sm-168">
         <name>pll1_cfg</name>
         <value>0x8e0000b8</value>
         <object_component_ref idref="oc-99"/>
      </symbol>
      <symbol id="sm-176">
         <name>_c_int00</name>
         <value>0x8e001854</value>
         <object_component_ref idref="oc-17"/>
      </symbol>
      <symbol id="sm-177">
         <name>__stack</name>
         <value>0x8e001930</value>
         <object_component_ref idref="oc-2a"/>
      </symbol>
      <symbol id="sm-18d">
         <name>__TI_decompress_none</name>
         <value>0x8e001914</value>
         <object_component_ref idref="oc-1b"/>
      </symbol>
      <symbol id="sm-1af">
         <name>__TI_decompress_rle24</name>
         <value>0x8e001928</value>
         <object_component_ref idref="oc-25"/>
      </symbol>
      <symbol id="sm-1d2">
         <name>C$$EXIT</name>
         <value>0x8e0017dc</value>
         <object_component_ref idref="oc-36"/>
      </symbol>
      <symbol id="sm-1d3">
         <name>abort</name>
         <value>0x8e0017e4</value>
         <object_component_ref idref="oc-36"/>
      </symbol>
      <symbol id="sm-1d4">
         <name>exit</name>
         <value>0x8e0017f0</value>
         <object_component_ref idref="oc-36"/>
      </symbol>
      <symbol id="sm-1d5">
         <name>__TI_dtors_ptr</name>
         <value>0x8e0029c4</value>
         <object_component_ref idref="oc-73"/>
      </symbol>
      <symbol id="sm-1d6">
         <name>__TI_cleanup_ptr</name>
         <value>0x8e0029c0</value>
         <object_component_ref idref="oc-73"/>
      </symbol>
      <symbol id="sm-1ef">
         <name>memcpy</name>
         <value>0x8e00128c</value>
         <object_component_ref idref="oc-3e"/>
      </symbol>
      <symbol id="sm-1f0">
         <name>__aeabi_memcpy</name>
         <value>0x8e00128c</value>
         <object_component_ref idref="oc-3e"/>
      </symbol>
      <symbol id="sm-1f1">
         <name>__aeabi_memcpy8</name>
         <value>0x8e00128c</value>
         <object_component_ref idref="oc-3e"/>
      </symbol>
      <symbol id="sm-1f2">
         <name>__aeabi_memcpy4</name>
         <value>0x8e00128c</value>
         <object_component_ref idref="oc-3e"/>
      </symbol>
      <symbol id="sm-200">
         <name>__aeabi_memset</name>
         <value>0x8e001614</value>
         <object_component_ref idref="oc-d8"/>
      </symbol>
      <symbol id="sm-201">
         <name>memset</name>
         <value>0x8e001620</value>
         <object_component_ref idref="oc-d8"/>
      </symbol>
      <symbol id="sm-202">
         <name>__aeabi_memset8</name>
         <value>0x8e001614</value>
         <object_component_ref idref="oc-d8"/>
      </symbol>
      <symbol id="sm-203">
         <name>__aeabi_memset4</name>
         <value>0x8e001614</value>
         <object_component_ref idref="oc-d8"/>
      </symbol>
      <symbol id="sm-204">
         <name>__aeabi_memclr8</name>
         <value>0x8e001610</value>
         <object_component_ref idref="oc-d8"/>
      </symbol>
      <symbol id="sm-205">
         <name>__aeabi_memclr4</name>
         <value>0x8e001610</value>
         <object_component_ref idref="oc-d8"/>
      </symbol>
      <symbol id="sm-206">
         <name>__aeabi_memclr</name>
         <value>0x8e001610</value>
         <object_component_ref idref="oc-d8"/>
      </symbol>
      <symbol id="sm-20e">
         <name>main_func_sp</name>
         <value>0x8e0029cc</value>
         <object_component_ref idref="oc-3b"/>
      </symbol>
      <symbol id="sm-226">
         <name>_nop</name>
         <value>0x8e0018e8</value>
         <object_component_ref idref="oc-a6"/>
      </symbol>
      <symbol id="sm-227">
         <name>_lock</name>
         <value>0x8e0029b8</value>
         <object_component_ref idref="oc-71"/>
      </symbol>
      <symbol id="sm-228">
         <name>_unlock</name>
         <value>0x8e0029bc</value>
         <object_component_ref idref="oc-71"/>
      </symbol>
      <symbol id="sm-229">
         <name>_register_lock</name>
         <value>0x8e0018dc</value>
         <object_component_ref idref="oc-a6"/>
      </symbol>
      <symbol id="sm-22a">
         <name>_register_unlock</name>
         <value>0x8e0018d0</value>
         <object_component_ref idref="oc-a6"/>
      </symbol>
      <symbol id="sm-23e">
         <name>_args_main</name>
         <value>0x8e0018f4</value>
         <object_component_ref idref="oc-31"/>
      </symbol>
      <symbol id="sm-259">
         <name>__TI_auto_init</name>
         <value>0x8e00153c</value>
         <object_component_ref idref="oc-2d"/>
      </symbol>
      <symbol id="sm-271">
         <name>copy_in</name>
         <value>0x8e001758</value>
         <object_component_ref idref="oc-5f"/>
      </symbol>
      <symbol id="sm-2a1">
         <name>_sys_memory</name>
         <value>0x8e002130</value>
         <object_component_ref idref="oc-2b"/>
      </symbol>
      <symbol id="sm-2a4">
         <name>__TI_static_base__</name>
         <value>0x8e0029d0</value>
      </symbol>
      <symbol id="sm-2a5">
         <name>__TI_args_main</name>
         <value>0x1</value>
      </symbol>
      <symbol id="sm-2a6">
         <name>SHT$$INIT_ARRAY$$Limit</name>
         <value>0x0</value>
      </symbol>
      <symbol id="sm-2a7">
         <name>SHT$$INIT_ARRAY$$Base</name>
         <value>0x0</value>
      </symbol>
   </symbol_table>
   <title>Link successful</title>
</link_info>
