<?xml version="1.0"?>
<link_info>
   <banner>TI ARM Linker PC v5.1.1</banner>
   <copyright>Copyright (c) 1996-2013 Texas Instruments Incorporated</copyright>
   <link_time>0x58c28b78</link_time>
   <link_errors>0x0</link_errors>
   <output_file>peri_test.out</output_file>
   <entry_point>
      <name>_c_int00</name>
      <address>0x8e0157a4</address>
   </entry_point>
   <input_file_list>
      <input_file id="fl-2">
         <path>.\sources\</path>
         <kind>object</kind>
         <file>ov7725.obj</file>
         <name>ov7725.obj</name>
      </input_file>
      <input_file id="fl-3">
         <path>.\sources\</path>
         <kind>object</kind>
         <file>main.obj</file>
         <name>main.obj</name>
      </input_file>
      <input_file id="fl-4">
         <path>.\sources\</path>
         <kind>object</kind>
         <file>isif.obj</file>
         <name>isif.obj</name>
      </input_file>
      <input_file id="fl-5">
         <path>.\sources\</path>
         <kind>object</kind>
         <file>emac_mii_test.obj</file>
         <name>emac_mii_test.obj</name>
      </input_file>
      <input_file id="fl-6">
         <path>.\sources\</path>
         <kind>object</kind>
         <file>emac_isr.obj</file>
         <name>emac_isr.obj</name>
      </input_file>
      <input_file id="fl-7">
         <path>.\sources\</path>
         <kind>object</kind>
         <file>emac_gmii_test.obj</file>
         <name>emac_gmii_test.obj</name>
      </input_file>
      <input_file id="fl-8">
         <path>.\sources\</path>
         <kind>object</kind>
         <file>dm368_uart.obj</file>
         <name>dm368_uart.obj</name>
      </input_file>
      <input_file id="fl-9">
         <path>.\sources\</path>
         <kind>object</kind>
         <file>dm368_psc.obj</file>
         <name>dm368_psc.obj</name>
      </input_file>
      <input_file id="fl-a">
         <path>.\sources\</path>
         <kind>object</kind>
         <file>dm368_nand.obj</file>
         <name>dm368_nand.obj</name>
      </input_file>
      <input_file id="fl-b">
         <path>.\sources\</path>
         <kind>object</kind>
         <file>dm368_init.obj</file>
         <name>dm368_init.obj</name>
      </input_file>
      <input_file id="fl-c">
         <path>.\sources\</path>
         <kind>object</kind>
         <file>dm368_i2c.obj</file>
         <name>dm368_i2c.obj</name>
      </input_file>
      <input_file id="fl-d">
         <path>.\sources\</path>
         <kind>object</kind>
         <file>dm368_gpio.obj</file>
         <name>dm368_gpio.obj</name>
      </input_file>
      <input_file id="fl-e">
         <path>.\sources\</path>
         <kind>object</kind>
         <file>dm368_ddr.obj</file>
         <name>dm368_ddr.obj</name>
      </input_file>
      <input_file id="fl-f">
         <path>.\sources\</path>
         <kind>object</kind>
         <file>dm368.obj</file>
         <name>dm368.obj</name>
      </input_file>
      <input_file id="fl-13c">
         <path>D:\WorkSpace\CCS5.5\ccsv5\tools\compiler\arm_5.1.1\lib\</path>
         <kind>archive</kind>
         <file>rtsv5_A_le_eabi.lib</file>
         <name>boot.obj</name>
      </input_file>
      <input_file id="fl-13d">
         <path>D:\WorkSpace\CCS5.5\ccsv5\tools\compiler\arm_5.1.1\lib\</path>
         <kind>archive</kind>
         <file>rtsv5_A_le_eabi.lib</file>
         <name>exit.obj</name>
      </input_file>
      <input_file id="fl-13e">
         <path>D:\WorkSpace\CCS5.5\ccsv5\tools\compiler\arm_5.1.1\lib\</path>
         <kind>archive</kind>
         <file>rtsv5_A_le_eabi.lib</file>
         <name>fclose.obj</name>
      </input_file>
      <input_file id="fl-13f">
         <path>D:\WorkSpace\CCS5.5\ccsv5\tools\compiler\arm_5.1.1\lib\</path>
         <kind>archive</kind>
         <file>rtsv5_A_le_eabi.lib</file>
         <name>fflush.obj</name>
      </input_file>
      <input_file id="fl-140">
         <path>D:\WorkSpace\CCS5.5\ccsv5\tools\compiler\arm_5.1.1\lib\</path>
         <kind>archive</kind>
         <file>rtsv5_A_le_eabi.lib</file>
         <name>fopen.obj</name>
      </input_file>
      <input_file id="fl-141">
         <path>D:\WorkSpace\CCS5.5\ccsv5\tools\compiler\arm_5.1.1\lib\</path>
         <kind>archive</kind>
         <file>rtsv5_A_le_eabi.lib</file>
         <name>fseek.obj</name>
      </input_file>
      <input_file id="fl-142">
         <path>D:\WorkSpace\CCS5.5\ccsv5\tools\compiler\arm_5.1.1\lib\</path>
         <kind>archive</kind>
         <file>rtsv5_A_le_eabi.lib</file>
         <name>fwrite.obj</name>
      </input_file>
      <input_file id="fl-143">
         <path>D:\WorkSpace\CCS5.5\ccsv5\tools\compiler\arm_5.1.1\lib\</path>
         <kind>archive</kind>
         <file>rtsv5_A_le_eabi.lib</file>
         <name>i_div32.obj</name>
      </input_file>
      <input_file id="fl-144">
         <path>D:\WorkSpace\CCS5.5\ccsv5\tools\compiler\arm_5.1.1\lib\</path>
         <kind>archive</kind>
         <file>rtsv5_A_le_eabi.lib</file>
         <name>lowlev.obj</name>
      </input_file>
      <input_file id="fl-145">
         <path>D:\WorkSpace\CCS5.5\ccsv5\tools\compiler\arm_5.1.1\lib\</path>
         <kind>archive</kind>
         <file>rtsv5_A_le_eabi.lib</file>
         <name>memchr.obj</name>
      </input_file>
      <input_file id="fl-146">
         <path>D:\WorkSpace\CCS5.5\ccsv5\tools\compiler\arm_5.1.1\lib\</path>
         <kind>archive</kind>
         <file>rtsv5_A_le_eabi.lib</file>
         <name>memcpy32.obj</name>
      </input_file>
      <input_file id="fl-147">
         <path>D:\WorkSpace\CCS5.5\ccsv5\tools\compiler\arm_5.1.1\lib\</path>
         <kind>archive</kind>
         <file>rtsv5_A_le_eabi.lib</file>
         <name>memory.obj</name>
      </input_file>
      <input_file id="fl-148">
         <path>D:\WorkSpace\CCS5.5\ccsv5\tools\compiler\arm_5.1.1\lib\</path>
         <kind>archive</kind>
         <file>rtsv5_A_le_eabi.lib</file>
         <name>memset32.obj</name>
      </input_file>
      <input_file id="fl-149">
         <path>D:\WorkSpace\CCS5.5\ccsv5\tools\compiler\arm_5.1.1\lib\</path>
         <kind>archive</kind>
         <file>rtsv5_A_le_eabi.lib</file>
         <name>printf.obj</name>
      </input_file>
      <input_file id="fl-14a">
         <path>D:\WorkSpace\CCS5.5\ccsv5\tools\compiler\arm_5.1.1\lib\</path>
         <kind>archive</kind>
         <file>rtsv5_A_le_eabi.lib</file>
         <name>remove.obj</name>
      </input_file>
      <input_file id="fl-14b">
         <path>D:\WorkSpace\CCS5.5\ccsv5\tools\compiler\arm_5.1.1\lib\</path>
         <kind>archive</kind>
         <file>rtsv5_A_le_eabi.lib</file>
         <name>stkdepth_vars.obj</name>
      </input_file>
      <input_file id="fl-14c">
         <path>D:\WorkSpace\CCS5.5\ccsv5\tools\compiler\arm_5.1.1\lib\</path>
         <kind>archive</kind>
         <file>rtsv5_A_le_eabi.lib</file>
         <name>strchr.obj</name>
      </input_file>
      <input_file id="fl-14d">
         <path>D:\WorkSpace\CCS5.5\ccsv5\tools\compiler\arm_5.1.1\lib\</path>
         <kind>archive</kind>
         <file>rtsv5_A_le_eabi.lib</file>
         <name>strcmp.obj</name>
      </input_file>
      <input_file id="fl-14e">
         <path>D:\WorkSpace\CCS5.5\ccsv5\tools\compiler\arm_5.1.1\lib\</path>
         <kind>archive</kind>
         <file>rtsv5_A_le_eabi.lib</file>
         <name>strncpy.obj</name>
      </input_file>
      <input_file id="fl-14f">
         <path>D:\WorkSpace\CCS5.5\ccsv5\tools\compiler\arm_5.1.1\lib\</path>
         <kind>archive</kind>
         <file>rtsv5_A_le_eabi.lib</file>
         <name>trgdrv.obj</name>
      </input_file>
      <input_file id="fl-150">
         <path>D:\WorkSpace\CCS5.5\ccsv5\tools\compiler\arm_5.1.1\lib\</path>
         <kind>archive</kind>
         <file>rtsv5_A_le_eabi.lib</file>
         <name>trgmsg.obj</name>
      </input_file>
      <input_file id="fl-151">
         <path>D:\WorkSpace\CCS5.5\ccsv5\tools\compiler\arm_5.1.1\lib\</path>
         <kind>archive</kind>
         <file>rtsv5_A_le_eabi.lib</file>
         <name>u_div32.obj</name>
      </input_file>
      <input_file id="fl-152">
         <path>D:\WorkSpace\CCS5.5\ccsv5\tools\compiler\arm_5.1.1\lib\</path>
         <kind>archive</kind>
         <file>rtsv5_A_le_eabi.lib</file>
         <name>_io_perm.obj</name>
      </input_file>
      <input_file id="fl-153">
         <path>D:\WorkSpace\CCS5.5\ccsv5\tools\compiler\arm_5.1.1\lib\</path>
         <kind>archive</kind>
         <file>rtsv5_A_le_eabi.lib</file>
         <name>_lock.obj</name>
      </input_file>
      <input_file id="fl-154">
         <path>D:\WorkSpace\CCS5.5\ccsv5\tools\compiler\arm_5.1.1\lib\</path>
         <kind>archive</kind>
         <file>rtsv5_A_le_eabi.lib</file>
         <name>_printfi.obj</name>
      </input_file>
      <input_file id="fl-155">
         <path>D:\WorkSpace\CCS5.5\ccsv5\tools\compiler\arm_5.1.1\lib\</path>
         <kind>archive</kind>
         <file>rtsv5_A_le_eabi.lib</file>
         <name>args_main.obj</name>
      </input_file>
      <input_file id="fl-156">
         <path>D:\WorkSpace\CCS5.5\ccsv5\tools\compiler\arm_5.1.1\lib\</path>
         <kind>archive</kind>
         <file>rtsv5_A_le_eabi.lib</file>
         <name>atoi.obj</name>
      </input_file>
      <input_file id="fl-157">
         <path>D:\WorkSpace\CCS5.5\ccsv5\tools\compiler\arm_5.1.1\lib\</path>
         <kind>archive</kind>
         <file>rtsv5_A_le_eabi.lib</file>
         <name>auto_init.obj</name>
      </input_file>
      <input_file id="fl-158">
         <path>D:\WorkSpace\CCS5.5\ccsv5\tools\compiler\arm_5.1.1\lib\</path>
         <kind>archive</kind>
         <file>rtsv5_A_le_eabi.lib</file>
         <name>cpy_tbl.obj</name>
      </input_file>
      <input_file id="fl-159">
         <path>D:\WorkSpace\CCS5.5\ccsv5\tools\compiler\arm_5.1.1\lib\</path>
         <kind>archive</kind>
         <file>rtsv5_A_le_eabi.lib</file>
         <name>ctype.obj</name>
      </input_file>
      <input_file id="fl-15a">
         <path>D:\WorkSpace\CCS5.5\ccsv5\tools\compiler\arm_5.1.1\lib\</path>
         <kind>archive</kind>
         <file>rtsv5_A_le_eabi.lib</file>
         <name>defs.obj</name>
      </input_file>
      <input_file id="fl-15b">
         <path>D:\WorkSpace\CCS5.5\ccsv5\tools\compiler\arm_5.1.1\lib\</path>
         <kind>archive</kind>
         <file>rtsv5_A_le_eabi.lib</file>
         <name>fd_add32.obj</name>
      </input_file>
      <input_file id="fl-15c">
         <path>D:\WorkSpace\CCS5.5\ccsv5\tools\compiler\arm_5.1.1\lib\</path>
         <kind>archive</kind>
         <file>rtsv5_A_le_eabi.lib</file>
         <name>fd_cmp32.obj</name>
      </input_file>
      <input_file id="fl-15d">
         <path>D:\WorkSpace\CCS5.5\ccsv5\tools\compiler\arm_5.1.1\lib\</path>
         <kind>archive</kind>
         <file>rtsv5_A_le_eabi.lib</file>
         <name>fd_div32.obj</name>
      </input_file>
      <input_file id="fl-15e">
         <path>D:\WorkSpace\CCS5.5\ccsv5\tools\compiler\arm_5.1.1\lib\</path>
         <kind>archive</kind>
         <file>rtsv5_A_le_eabi.lib</file>
         <name>fd_mul32.obj</name>
      </input_file>
      <input_file id="fl-15f">
         <path>D:\WorkSpace\CCS5.5\ccsv5\tools\compiler\arm_5.1.1\lib\</path>
         <kind>archive</kind>
         <file>rtsv5_A_le_eabi.lib</file>
         <name>fd_toi32.obj</name>
      </input_file>
      <input_file id="fl-160">
         <path>D:\WorkSpace\CCS5.5\ccsv5\tools\compiler\arm_5.1.1\lib\</path>
         <kind>archive</kind>
         <file>rtsv5_A_le_eabi.lib</file>
         <name>fputc.obj</name>
      </input_file>
      <input_file id="fl-161">
         <path>D:\WorkSpace\CCS5.5\ccsv5\tools\compiler\arm_5.1.1\lib\</path>
         <kind>archive</kind>
         <file>rtsv5_A_le_eabi.lib</file>
         <name>fputs.obj</name>
      </input_file>
      <input_file id="fl-162">
         <path>D:\WorkSpace\CCS5.5\ccsv5\tools\compiler\arm_5.1.1\lib\</path>
         <kind>archive</kind>
         <file>rtsv5_A_le_eabi.lib</file>
         <name>i_tofd32.obj</name>
      </input_file>
      <input_file id="fl-163">
         <path>D:\WorkSpace\CCS5.5\ccsv5\tools\compiler\arm_5.1.1\lib\</path>
         <kind>archive</kind>
         <file>rtsv5_A_le_eabi.lib</file>
         <name>ltoa.obj</name>
      </input_file>
      <input_file id="fl-164">
         <path>D:\WorkSpace\CCS5.5\ccsv5\tools\compiler\arm_5.1.1\lib\</path>
         <kind>archive</kind>
         <file>rtsv5_A_le_eabi.lib</file>
         <name>memccpy.obj</name>
      </input_file>
      <input_file id="fl-165">
         <path>D:\WorkSpace\CCS5.5\ccsv5\tools\compiler\arm_5.1.1\lib\</path>
         <kind>archive</kind>
         <file>rtsv5_A_le_eabi.lib</file>
         <name>setvbuf.obj</name>
      </input_file>
      <input_file id="fl-166">
         <path>D:\WorkSpace\CCS5.5\ccsv5\tools\compiler\arm_5.1.1\lib\</path>
         <kind>archive</kind>
         <file>rtsv5_A_le_eabi.lib</file>
         <name>strcpy.obj</name>
      </input_file>
      <input_file id="fl-167">
         <path>D:\WorkSpace\CCS5.5\ccsv5\tools\compiler\arm_5.1.1\lib\</path>
         <kind>archive</kind>
         <file>rtsv5_A_le_eabi.lib</file>
         <name>strlen.obj</name>
      </input_file>
      <input_file id="fl-168">
         <path>D:\WorkSpace\CCS5.5\ccsv5\tools\compiler\arm_5.1.1\lib\</path>
         <kind>archive</kind>
         <file>rtsv5_A_le_eabi.lib</file>
         <name>ull_div32.obj</name>
      </input_file>
      <input_file id="fl-169">
         <path>D:\WorkSpace\CCS5.5\ccsv5\tools\compiler\arm_5.1.1\lib\</path>
         <kind>archive</kind>
         <file>rtsv5_A_le_eabi.lib</file>
         <name>xdclass.obj</name>
      </input_file>
      <input_file id="fl-16a">
         <path>D:\WorkSpace\CCS5.5\ccsv5\tools\compiler\arm_5.1.1\lib\</path>
         <kind>archive</kind>
         <file>rtsv5_A_le_eabi.lib</file>
         <name>xdtest.obj</name>
      </input_file>
   </input_file_list>
   <object_component_list>
      <object_component id="oc-9f">
         <name>.text</name>
         <load_address>0x8e010000</load_address>
         <run_address>0x8e010000</run_address>
         <size>0x16c4</size>
         <input_file_ref idref="fl-154"/>
      </object_component>
      <object_component id="oc-196">
         <name>.text</name>
         <load_address>0x8e0116c4</load_address>
         <run_address>0x8e0116c4</run_address>
         <size>0x628</size>
         <input_file_ref idref="fl-147"/>
      </object_component>
      <object_component id="oc-89">
         <name>.text</name>
         <load_address>0x8e011cec</load_address>
         <run_address>0x8e011cec</run_address>
         <size>0x5f4</size>
         <input_file_ref idref="fl-2"/>
      </object_component>
      <object_component id="oc-54">
         <name>.text</name>
         <load_address>0x8e0122e0</load_address>
         <run_address>0x8e0122e0</run_address>
         <size>0x5e0</size>
         <input_file_ref idref="fl-f"/>
      </object_component>
      <object_component id="oc-cb">
         <name>.text</name>
         <load_address>0x8e0128c0</load_address>
         <run_address>0x8e0128c0</run_address>
         <size>0x54c</size>
         <input_file_ref idref="fl-144"/>
      </object_component>
      <object_component id="oc-1b3">
         <name>.text</name>
         <load_address>0x8e012e0c</load_address>
         <run_address>0x8e012e0c</run_address>
         <size>0x4cc</size>
         <input_file_ref idref="fl-14f"/>
      </object_component>
      <object_component id="oc-84">
         <name>.text</name>
         <load_address>0x8e0132d8</load_address>
         <run_address>0x8e0132d8</run_address>
         <size>0x394</size>
         <input_file_ref idref="fl-c"/>
      </object_component>
      <object_component id="oc-19b">
         <name>.text</name>
         <load_address>0x8e01366c</load_address>
         <run_address>0x8e01366c</run_address>
         <size>0x2e0</size>
         <input_file_ref idref="fl-140"/>
      </object_component>
      <object_component id="oc-de">
         <name>.text</name>
         <load_address>0x8e01394c</load_address>
         <run_address>0x8e01394c</run_address>
         <size>0x2b8</size>
         <input_file_ref idref="fl-168"/>
      </object_component>
      <object_component id="oc-7f">
         <name>.text</name>
         <load_address>0x8e013c04</load_address>
         <run_address>0x8e013c04</run_address>
         <size>0x274</size>
         <input_file_ref idref="fl-d"/>
      </object_component>
      <object_component id="oc-103">
         <name>.text</name>
         <load_address>0x8e013e78</load_address>
         <run_address>0x8e013e78</run_address>
         <size>0x214</size>
         <input_file_ref idref="fl-15b"/>
      </object_component>
      <object_component id="oc-9a">
         <name>.text</name>
         <load_address>0x8e01408c</load_address>
         <run_address>0x8e01408c</run_address>
         <size>0x1d4</size>
         <input_file_ref idref="fl-161"/>
      </object_component>
      <object_component id="oc-ee">
         <name>.text</name>
         <load_address>0x8e014260</load_address>
         <run_address>0x8e014260</run_address>
         <size>0x190</size>
         <input_file_ref idref="fl-15d"/>
      </object_component>
      <object_component id="oc-4e">
         <name>.text</name>
         <load_address>0x8e0143f0</load_address>
         <run_address>0x8e0143f0</run_address>
         <size>0x180</size>
         <input_file_ref idref="fl-146"/>
      </object_component>
      <object_component id="oc-13d">
         <name>.text</name>
         <load_address>0x8e014570</load_address>
         <run_address>0x8e014570</run_address>
         <size>0x154</size>
         <input_file_ref idref="fl-165"/>
      </object_component>
      <object_component id="oc-c6">
         <name>.text</name>
         <load_address>0x8e0146c4</load_address>
         <run_address>0x8e0146c4</run_address>
         <size>0x12c</size>
         <input_file_ref idref="fl-13f"/>
      </object_component>
      <object_component id="oc-ea">
         <name>.text</name>
         <load_address>0x8e0147f0</load_address>
         <run_address>0x8e0147f0</run_address>
         <size>0x128</size>
         <input_file_ref idref="fl-15e"/>
      </object_component>
      <object_component id="oc-c1">
         <name>.text</name>
         <load_address>0x8e014918</load_address>
         <run_address>0x8e014918</run_address>
         <size>0x118</size>
         <input_file_ref idref="fl-152"/>
      </object_component>
      <object_component id="oc-16f">
         <name>.text</name>
         <load_address>0x8e014a30</load_address>
         <run_address>0x8e014a30</run_address>
         <size>0x118</size>
         <input_file_ref idref="fl-143"/>
      </object_component>
      <object_component id="oc-8e">
         <name>.text</name>
         <load_address>0x8e014b48</load_address>
         <run_address>0x8e014b48</run_address>
         <size>0x110</size>
         <input_file_ref idref="fl-4"/>
      </object_component>
      <object_component id="oc-95">
         <name>.text</name>
         <load_address>0x8e014c58</load_address>
         <run_address>0x8e014c58</run_address>
         <size>0x110</size>
         <input_file_ref idref="fl-160"/>
      </object_component>
      <object_component id="oc-1d8">
         <name>.text</name>
         <load_address>0x8e014d68</load_address>
         <run_address>0x8e014d68</run_address>
         <size>0xfc</size>
         <input_file_ref idref="fl-13e"/>
      </object_component>
      <object_component id="oc-e2">
         <name>.text</name>
         <load_address>0x8e014e64</load_address>
         <run_address>0x8e014e64</run_address>
         <size>0xf4</size>
         <input_file_ref idref="fl-151"/>
      </object_component>
      <object_component id="oc-14">
         <name>.text</name>
         <load_address>0x8e014f58</load_address>
         <run_address>0x8e014f58</run_address>
         <size>0xd4</size>
         <input_file_ref idref="fl-157"/>
      </object_component>
      <object_component id="oc-e6">
         <name>.text:__aeabi_cdcmple</name>
         <load_address>0x8e01502c</load_address>
         <run_address>0x8e01502c</run_address>
         <size>0xd0</size>
         <input_file_ref idref="fl-15c"/>
      </object_component>
      <object_component id="oc-f2">
         <name>.text:__aeabi_cdrcmple</name>
         <load_address>0x8e0150fc</load_address>
         <run_address>0x8e0150fc</run_address>
         <size>0xd0</size>
         <input_file_ref idref="fl-15c"/>
      </object_component>
      <object_component id="oc-b6">
         <name>.text</name>
         <load_address>0x8e0151cc</load_address>
         <run_address>0x8e0151cc</run_address>
         <size>0xb0</size>
         <input_file_ref idref="fl-148"/>
      </object_component>
      <object_component id="oc-138">
         <name>.text</name>
         <load_address>0x8e01527c</load_address>
         <run_address>0x8e01527c</run_address>
         <size>0xa8</size>
         <input_file_ref idref="fl-141"/>
      </object_component>
      <object_component id="oc-1e9">
         <name>.text</name>
         <load_address>0x8e015324</load_address>
         <run_address>0x8e015324</run_address>
         <size>0xa8</size>
         <input_file_ref idref="fl-150"/>
      </object_component>
      <object_component id="oc-59">
         <name>.text</name>
         <load_address>0x8e0153cc</load_address>
         <run_address>0x8e0153cc</run_address>
         <size>0xa4</size>
         <input_file_ref idref="fl-149"/>
      </object_component>
      <object_component id="oc-177">
         <name>.text</name>
         <load_address>0x8e015470</load_address>
         <run_address>0x8e015470</run_address>
         <size>0x90</size>
         <input_file_ref idref="fl-16a"/>
      </object_component>
      <object_component id="oc-111">
         <name>.text</name>
         <load_address>0x8e015500</load_address>
         <run_address>0x8e015500</run_address>
         <size>0x84</size>
         <input_file_ref idref="fl-156"/>
      </object_component>
      <object_component id="oc-28">
         <name>.text</name>
         <load_address>0x8e015584</load_address>
         <run_address>0x8e015584</run_address>
         <size>0x84</size>
         <input_file_ref idref="fl-158"/>
      </object_component>
      <object_component id="oc-fa">
         <name>.text</name>
         <load_address>0x8e015608</load_address>
         <run_address>0x8e015608</run_address>
         <size>0x80</size>
         <input_file_ref idref="fl-163"/>
      </object_component>
      <object_component id="oc-1d">
         <name>.text</name>
         <load_address>0x8e015688</load_address>
         <run_address>0x8e015688</run_address>
         <size>0x78</size>
         <input_file_ref idref="fl-13d"/>
      </object_component>
      <object_component id="oc-f6">
         <name>.text</name>
         <load_address>0x8e015700</load_address>
         <run_address>0x8e015700</run_address>
         <size>0x5c</size>
         <input_file_ref idref="fl-15f"/>
      </object_component>
      <object_component id="oc-2e">
         <name>.text</name>
         <load_address>0x8e01575c</load_address>
         <run_address>0x8e01575c</run_address>
         <size>0x48</size>
         <input_file_ref idref="fl-3"/>
      </object_component>
      <object_component id="oc-d">
         <name>.text</name>
         <load_address>0x8e0157a4</load_address>
         <run_address>0x8e0157a4</run_address>
         <size>0x48</size>
         <input_file_ref idref="fl-13c"/>
      </object_component>
      <object_component id="oc-152">
         <name>.text</name>
         <load_address>0x8e0157ec</load_address>
         <run_address>0x8e0157ec</run_address>
         <size>0x48</size>
         <input_file_ref idref="fl-14e"/>
      </object_component>
      <object_component id="oc-ff">
         <name>.text</name>
         <load_address>0x8e015834</load_address>
         <run_address>0x8e015834</run_address>
         <size>0x3c</size>
         <input_file_ref idref="fl-162"/>
      </object_component>
      <object_component id="oc-d7">
         <name>.text</name>
         <load_address>0x8e015870</load_address>
         <run_address>0x8e015870</run_address>
         <size>0x2c</size>
         <input_file_ref idref="fl-145"/>
      </object_component>
      <object_component id="oc-10c">
         <name>.text</name>
         <load_address>0x8e01589c</load_address>
         <run_address>0x8e01589c</run_address>
         <size>0x28</size>
         <input_file_ref idref="fl-164"/>
      </object_component>
      <object_component id="oc-14d">
         <name>.text</name>
         <load_address>0x8e0158c4</load_address>
         <run_address>0x8e0158c4</run_address>
         <size>0x28</size>
         <input_file_ref idref="fl-14c"/>
      </object_component>
      <object_component id="oc-148">
         <name>.text</name>
         <load_address>0x8e0158ec</load_address>
         <run_address>0x8e0158ec</run_address>
         <size>0x28</size>
         <input_file_ref idref="fl-14d"/>
      </object_component>
      <object_component id="oc-66">
         <name>.text</name>
         <load_address>0x8e015914</load_address>
         <run_address>0x8e015914</run_address>
         <size>0x24</size>
         <input_file_ref idref="fl-153"/>
      </object_component>
      <object_component id="oc-18">
         <name>.text</name>
         <load_address>0x8e015938</load_address>
         <run_address>0x8e015938</run_address>
         <size>0x20</size>
         <input_file_ref idref="fl-155"/>
      </object_component>
      <object_component id="oc-d2">
         <name>.text</name>
         <load_address>0x8e015958</load_address>
         <run_address>0x8e015958</run_address>
         <size>0x20</size>
         <input_file_ref idref="fl-167"/>
      </object_component>
      <object_component id="oc-1ee">
         <name>.text</name>
         <load_address>0x8e015978</load_address>
         <run_address>0x8e015978</run_address>
         <size>0x1c</size>
         <input_file_ref idref="fl-166"/>
      </object_component>
      <object_component id="oc-107">
         <name>.text</name>
         <load_address>0x8e015994</load_address>
         <run_address>0x8e015994</run_address>
         <size>0x14</size>
         <input_file_ref idref="fl-169"/>
      </object_component>
      <object_component id="oc-17f">
         <name>.const:.string:_ctypes_</name>
         <load_address>0x8e015d68</load_address>
         <run_address>0x8e015d68</run_address>
         <size>0x104</size>
         <input_file_ref idref="fl-159"/>
      </object_component>
      <object_component id="oc-ba">
         <name>.const</name>
         <load_address>0x8e015e6c</load_address>
         <run_address>0x8e015e6c</run_address>
         <size>0x1e</size>
         <input_file_ref idref="fl-2"/>
      </object_component>
      <object_component id="oc-201">
         <name>.bss:__TI_tmpnams</name>
         <uninitialized>true</uninitialized>
         <run_address>0x8e015cc0</run_address>
         <size>0xa0</size>
         <input_file_ref idref="fl-15a"/>
      </object_component>
      <object_component id="oc-208">
         <name>.bss:__CIOBUF_</name>
         <uninitialized>true</uninitialized>
         <run_address>0x8e015ba0</run_address>
         <size>0x120</size>
         <input_file_ref idref="fl-150"/>
      </object_component>
      <object_component id="oc-1f3">
         <name>.common:parmbuf</name>
         <uninitialized>true</uninitialized>
         <run_address>0x8e015d60</run_address>
         <size>0x8</size>
      </object_component>
      <object_component id="oc-11">
         <name>.stack</name>
         <uninitialized>true</uninitialized>
         <run_address>0x8e000000</run_address>
         <size>0x0</size>
         <input_file_ref idref="fl-13c"/>
      </object_component>
      <object_component id="oc-231">
         <name>.stack</name>
         <uninitialized>true</uninitialized>
         <run_address>0x8e000000</run_address>
         <size>0x0</size>
      </object_component>
      <object_component id="oc-a4">
         <name>.data:_ftable</name>
         <load_address>0x8e0159a8</load_address>
         <run_address>0x8e0159a8</run_address>
         <size>0xf0</size>
         <input_file_ref idref="fl-15a"/>
      </object_component>
      <object_component id="oc-157">
         <name>.data</name>
         <load_address>0x8e015a98</load_address>
         <run_address>0x8e015a98</run_address>
         <size>0xd0</size>
         <input_file_ref idref="fl-144"/>
      </object_component>
      <object_component id="oc-144">
         <name>.data</name>
         <load_address>0x8e015b68</load_address>
         <run_address>0x8e015b68</run_address>
         <size>0x10</size>
         <input_file_ref idref="fl-15a"/>
      </object_component>
      <object_component id="oc-1d5">
         <name>.data</name>
         <load_address>0x8e015b78</load_address>
         <run_address>0x8e015b78</run_address>
         <size>0xc</size>
         <input_file_ref idref="fl-147"/>
      </object_component>
      <object_component id="oc-3a">
         <name>.data</name>
         <load_address>0x8e015b84</load_address>
         <run_address>0x8e015b84</run_address>
         <size>0x8</size>
         <input_file_ref idref="fl-153"/>
      </object_component>
      <object_component id="oc-3c">
         <name>.data</name>
         <load_address>0x8e015b8c</load_address>
         <run_address>0x8e015b8c</run_address>
         <size>0x8</size>
         <input_file_ref idref="fl-13d"/>
      </object_component>
      <object_component id="oc-b2">
         <name>.data</name>
         <load_address>0x8e015b94</load_address>
         <run_address>0x8e015b94</run_address>
         <size>0x4</size>
         <input_file_ref idref="fl-c"/>
      </object_component>
      <object_component id="oc-1dd">
         <name>.data</name>
         <load_address>0x8e015b98</load_address>
         <run_address>0x8e015b98</run_address>
         <size>0x4</size>
         <input_file_ref idref="fl-140"/>
      </object_component>
      <object_component id="oc-22">
         <name>.data</name>
         <load_address>0x8e015b9c</load_address>
         <run_address>0x8e015b9c</run_address>
         <size>0x4</size>
         <input_file_ref idref="fl-14b"/>
      </object_component>
      <object_component id="oc-12">
         <name>.sysmem</name>
         <uninitialized>true</uninitialized>
         <run_address>0x8e008000</run_address>
         <size>0x8</size>
         <input_file_ref idref="fl-147"/>
      </object_component>
      <object_component id="oc-232">
         <name>.sysmem</name>
         <uninitialized>true</uninitialized>
         <run_address>0x8e008000</run_address>
         <size>0x0</size>
      </object_component>
      <object_component id="oc-e">
         <name>.debug_info</name>
         <load_address>0x0</load_address>
         <run_address>0x0</run_address>
         <size>0xf3</size>
         <input_file_ref idref="fl-13c"/>
      </object_component>
      <object_component id="oc-13">
         <name>.debug_info</name>
         <load_address>0xf3</load_address>
         <run_address>0xf3</run_address>
         <size>0xb6</size>
         <input_file_ref idref="fl-147"/>
      </object_component>
      <object_component id="oc-15">
         <name>.debug_info</name>
         <load_address>0x1a9</load_address>
         <run_address>0x1a9</run_address>
         <size>0x140</size>
         <input_file_ref idref="fl-157"/>
      </object_component>
      <object_component id="oc-1b">
         <name>.debug_info</name>
         <load_address>0x2e9</load_address>
         <run_address>0x2e9</run_address>
         <size>0x11c</size>
         <input_file_ref idref="fl-155"/>
      </object_component>
      <object_component id="oc-20">
         <name>.debug_info</name>
         <load_address>0x405</load_address>
         <run_address>0x405</run_address>
         <size>0x1c2</size>
         <input_file_ref idref="fl-13d"/>
      </object_component>
      <object_component id="oc-23">
         <name>.debug_info</name>
         <load_address>0x5c7</load_address>
         <run_address>0x5c7</run_address>
         <size>0xbe</size>
         <input_file_ref idref="fl-14b"/>
      </object_component>
      <object_component id="oc-27">
         <name>.debug_info</name>
         <load_address>0x685</load_address>
         <run_address>0x685</run_address>
         <size>0x1d7</size>
         <input_file_ref idref="fl-147"/>
      </object_component>
      <object_component id="oc-29">
         <name>.debug_info</name>
         <load_address>0x85c</load_address>
         <run_address>0x85c</run_address>
         <size>0x14b</size>
         <input_file_ref idref="fl-158"/>
      </object_component>
      <object_component id="oc-2f">
         <name>.debug_info</name>
         <load_address>0x9a7</load_address>
         <run_address>0x9a7</run_address>
         <size>0x144</size>
         <input_file_ref idref="fl-3"/>
      </object_component>
      <object_component id="oc-34">
         <name>.debug_info</name>
         <load_address>0xaeb</load_address>
         <run_address>0xaeb</run_address>
         <size>0x84</size>
         <input_file_ref idref="fl-2"/>
      </object_component>
      <object_component id="oc-39">
         <name>.debug_info</name>
         <load_address>0xb6f</load_address>
         <run_address>0xb6f</run_address>
         <size>0x11b</size>
         <input_file_ref idref="fl-155"/>
      </object_component>
      <object_component id="oc-3b">
         <name>.debug_info</name>
         <load_address>0xc8a</load_address>
         <run_address>0xc8a</run_address>
         <size>0xc8</size>
         <input_file_ref idref="fl-153"/>
      </object_component>
      <object_component id="oc-3d">
         <name>.debug_info</name>
         <load_address>0xd52</load_address>
         <run_address>0xd52</run_address>
         <size>0xeb</size>
         <input_file_ref idref="fl-13d"/>
      </object_component>
      <object_component id="oc-3f">
         <name>.debug_info</name>
         <load_address>0xe3d</load_address>
         <run_address>0xe3d</run_address>
         <size>0x146</size>
         <input_file_ref idref="fl-13d"/>
      </object_component>
      <object_component id="oc-44">
         <name>.debug_info</name>
         <load_address>0xf83</load_address>
         <run_address>0xf83</run_address>
         <size>0x2c</size>
         <input_file_ref idref="fl-140"/>
      </object_component>
      <object_component id="oc-49">
         <name>.debug_info</name>
         <load_address>0xfaf</load_address>
         <run_address>0xfaf</run_address>
         <size>0x62</size>
         <input_file_ref idref="fl-147"/>
      </object_component>
      <object_component id="oc-4f">
         <name>.debug_info</name>
         <load_address>0x1011</load_address>
         <run_address>0x1011</run_address>
         <size>0x137</size>
         <input_file_ref idref="fl-146"/>
      </object_component>
      <object_component id="oc-53">
         <name>.debug_info</name>
         <load_address>0x1148</load_address>
         <run_address>0x1148</run_address>
         <size>0x148</size>
         <input_file_ref idref="fl-158"/>
      </object_component>
      <object_component id="oc-55">
         <name>.debug_info</name>
         <load_address>0x1290</load_address>
         <run_address>0x1290</run_address>
         <size>0x6b1</size>
         <input_file_ref idref="fl-f"/>
      </object_component>
      <object_component id="oc-5a">
         <name>.debug_info</name>
         <load_address>0x1941</load_address>
         <run_address>0x1941</run_address>
         <size>0x26d</size>
         <input_file_ref idref="fl-149"/>
      </object_component>
      <object_component id="oc-61">
         <name>.debug_info</name>
         <load_address>0x1bae</load_address>
         <run_address>0x1bae</run_address>
         <size>0x5e</size>
         <input_file_ref idref="fl-155"/>
      </object_component>
      <object_component id="oc-69">
         <name>.debug_info</name>
         <load_address>0x1c0c</load_address>
         <run_address>0x1c0c</run_address>
         <size>0x1d4</size>
         <input_file_ref idref="fl-153"/>
      </object_component>
      <object_component id="oc-6d">
         <name>.debug_info</name>
         <load_address>0x1de0</load_address>
         <run_address>0x1de0</run_address>
         <size>0xd9</size>
         <input_file_ref idref="fl-153"/>
      </object_component>
      <object_component id="oc-75">
         <name>.debug_info</name>
         <load_address>0x1eb9</load_address>
         <run_address>0x1eb9</run_address>
         <size>0x2c</size>
         <input_file_ref idref="fl-145"/>
      </object_component>
      <object_component id="oc-7a">
         <name>.debug_info</name>
         <load_address>0x1ee5</load_address>
         <run_address>0x1ee5</run_address>
         <size>0xcd</size>
         <input_file_ref idref="fl-158"/>
      </object_component>
      <object_component id="oc-80">
         <name>.debug_info</name>
         <load_address>0x1fb2</load_address>
         <run_address>0x1fb2</run_address>
         <size>0x717</size>
         <input_file_ref idref="fl-d"/>
      </object_component>
      <object_component id="oc-85">
         <name>.debug_info</name>
         <load_address>0x26c9</load_address>
         <run_address>0x26c9</run_address>
         <size>0x5f5</size>
         <input_file_ref idref="fl-c"/>
      </object_component>
      <object_component id="oc-8a">
         <name>.debug_info</name>
         <load_address>0x2cbe</load_address>
         <run_address>0x2cbe</run_address>
         <size>0xa73</size>
         <input_file_ref idref="fl-2"/>
      </object_component>
      <object_component id="oc-8f">
         <name>.debug_info</name>
         <load_address>0x3731</load_address>
         <run_address>0x3731</run_address>
         <size>0x173</size>
         <input_file_ref idref="fl-4"/>
      </object_component>
      <object_component id="oc-94">
         <name>.debug_info</name>
         <load_address>0x38a4</load_address>
         <run_address>0x38a4</run_address>
         <size>0x234</size>
         <input_file_ref idref="fl-f"/>
      </object_component>
      <object_component id="oc-96">
         <name>.debug_info</name>
         <load_address>0x3ad8</load_address>
         <run_address>0x3ad8</run_address>
         <size>0x28d</size>
         <input_file_ref idref="fl-160"/>
      </object_component>
      <object_component id="oc-9c">
         <name>.debug_info</name>
         <load_address>0x3d65</load_address>
         <run_address>0x3d65</run_address>
         <size>0x318</size>
         <input_file_ref idref="fl-161"/>
      </object_component>
      <object_component id="oc-a0">
         <name>.debug_info</name>
         <load_address>0x407d</load_address>
         <run_address>0x407d</run_address>
         <size>0x1294</size>
         <input_file_ref idref="fl-154"/>
      </object_component>
      <object_component id="oc-a5">
         <name>.debug_info</name>
         <load_address>0x5311</load_address>
         <run_address>0x5311</run_address>
         <size>0xac</size>
         <input_file_ref idref="fl-15a"/>
      </object_component>
      <object_component id="oc-a7">
         <name>.debug_info</name>
         <load_address>0x53bd</load_address>
         <run_address>0x53bd</run_address>
         <size>0x1eb</size>
         <input_file_ref idref="fl-149"/>
      </object_component>
      <object_component id="oc-a8">
         <name>.debug_info</name>
         <load_address>0x55a8</load_address>
         <run_address>0x55a8</run_address>
         <size>0x4e</size>
         <input_file_ref idref="fl-3"/>
      </object_component>
      <object_component id="oc-b1">
         <name>.debug_info</name>
         <load_address>0x55f6</load_address>
         <run_address>0x55f6</run_address>
         <size>0xe0</size>
         <input_file_ref idref="fl-d"/>
      </object_component>
      <object_component id="oc-b3">
         <name>.debug_info</name>
         <load_address>0x56d6</load_address>
         <run_address>0x56d6</run_address>
         <size>0xd9</size>
         <input_file_ref idref="fl-c"/>
      </object_component>
      <object_component id="oc-b5">
         <name>.debug_info</name>
         <load_address>0x57af</load_address>
         <run_address>0x57af</run_address>
         <size>0x10e</size>
         <input_file_ref idref="fl-c"/>
      </object_component>
      <object_component id="oc-b8">
         <name>.debug_info</name>
         <load_address>0x58bd</load_address>
         <run_address>0x58bd</run_address>
         <size>0x101</size>
         <input_file_ref idref="fl-148"/>
      </object_component>
      <object_component id="oc-bb">
         <name>.debug_info</name>
         <load_address>0x59be</load_address>
         <run_address>0x59be</run_address>
         <size>0xcd</size>
         <input_file_ref idref="fl-2"/>
      </object_component>
      <object_component id="oc-bd">
         <name>.debug_info</name>
         <load_address>0x5a8b</load_address>
         <run_address>0x5a8b</run_address>
         <size>0x1fd</size>
         <input_file_ref idref="fl-2"/>
      </object_component>
      <object_component id="oc-c2">
         <name>.debug_info</name>
         <load_address>0x5c88</load_address>
         <run_address>0x5c88</run_address>
         <size>0x1e5</size>
         <input_file_ref idref="fl-152"/>
      </object_component>
      <object_component id="oc-c9">
         <name>.debug_info</name>
         <load_address>0x5e6d</load_address>
         <run_address>0x5e6d</run_address>
         <size>0x20f</size>
         <input_file_ref idref="fl-13f"/>
      </object_component>
      <object_component id="oc-cd">
         <name>.debug_info</name>
         <load_address>0x607c</load_address>
         <run_address>0x607c</run_address>
         <size>0xb71</size>
         <input_file_ref idref="fl-144"/>
      </object_component>
      <object_component id="oc-d1">
         <name>.debug_info</name>
         <load_address>0x6bed</load_address>
         <run_address>0x6bed</run_address>
         <size>0x193</size>
         <input_file_ref idref="fl-160"/>
      </object_component>
      <object_component id="oc-d3">
         <name>.debug_info</name>
         <load_address>0x6d80</load_address>
         <run_address>0x6d80</run_address>
         <size>0x153</size>
         <input_file_ref idref="fl-167"/>
      </object_component>
      <object_component id="oc-d9">
         <name>.debug_info</name>
         <load_address>0x6ed3</load_address>
         <run_address>0x6ed3</run_address>
         <size>0x16b</size>
         <input_file_ref idref="fl-145"/>
      </object_component>
      <object_component id="oc-dd">
         <name>.debug_info</name>
         <load_address>0x703e</load_address>
         <run_address>0x703e</run_address>
         <size>0x224</size>
         <input_file_ref idref="fl-161"/>
      </object_component>
      <object_component id="oc-e0">
         <name>.debug_info</name>
         <load_address>0x7262</load_address>
         <run_address>0x7262</run_address>
         <size>0x13f</size>
         <input_file_ref idref="fl-168"/>
      </object_component>
      <object_component id="oc-e3">
         <name>.debug_info</name>
         <load_address>0x73a1</load_address>
         <run_address>0x73a1</run_address>
         <size>0x13d</size>
         <input_file_ref idref="fl-151"/>
      </object_component>
      <object_component id="oc-e7">
         <name>.debug_info</name>
         <load_address>0x74de</load_address>
         <run_address>0x74de</run_address>
         <size>0xdd</size>
         <input_file_ref idref="fl-15c"/>
      </object_component>
      <object_component id="oc-eb">
         <name>.debug_info</name>
         <load_address>0x75bb</load_address>
         <run_address>0x75bb</run_address>
         <size>0xfb</size>
         <input_file_ref idref="fl-15e"/>
      </object_component>
      <object_component id="oc-ef">
         <name>.debug_info</name>
         <load_address>0x76b6</load_address>
         <run_address>0x76b6</run_address>
         <size>0xfb</size>
         <input_file_ref idref="fl-15d"/>
      </object_component>
      <object_component id="oc-f3">
         <name>.debug_info</name>
         <load_address>0x77b1</load_address>
         <run_address>0x77b1</run_address>
         <size>0xdf</size>
         <input_file_ref idref="fl-15c"/>
      </object_component>
      <object_component id="oc-f7">
         <name>.debug_info</name>
         <load_address>0x7890</load_address>
         <run_address>0x7890</run_address>
         <size>0xe9</size>
         <input_file_ref idref="fl-15f"/>
      </object_component>
      <object_component id="oc-fb">
         <name>.debug_info</name>
         <load_address>0x7979</load_address>
         <run_address>0x7979</run_address>
         <size>0x18f</size>
         <input_file_ref idref="fl-163"/>
      </object_component>
      <object_component id="oc-100">
         <name>.debug_info</name>
         <load_address>0x7b08</load_address>
         <run_address>0x7b08</run_address>
         <size>0xde</size>
         <input_file_ref idref="fl-162"/>
      </object_component>
      <object_component id="oc-105">
         <name>.debug_info</name>
         <load_address>0x7be6</load_address>
         <run_address>0x7be6</run_address>
         <size>0x116</size>
         <input_file_ref idref="fl-15b"/>
      </object_component>
      <object_component id="oc-108">
         <name>.debug_info</name>
         <load_address>0x7cfc</load_address>
         <run_address>0x7cfc</run_address>
         <size>0x110</size>
         <input_file_ref idref="fl-169"/>
      </object_component>
      <object_component id="oc-10e">
         <name>.debug_info</name>
         <load_address>0x7e0c</load_address>
         <run_address>0x7e0c</run_address>
         <size>0x160</size>
         <input_file_ref idref="fl-164"/>
      </object_component>
      <object_component id="oc-112">
         <name>.debug_info</name>
         <load_address>0x7f6c</load_address>
         <run_address>0x7f6c</run_address>
         <size>0x126</size>
         <input_file_ref idref="fl-156"/>
      </object_component>
      <object_component id="oc-117">
         <name>.debug_info</name>
         <load_address>0x8092</load_address>
         <run_address>0x8092</run_address>
         <size>0x26b</size>
         <input_file_ref idref="fl-154"/>
      </object_component>
      <object_component id="oc-118">
         <name>.debug_info</name>
         <load_address>0x82fd</load_address>
         <run_address>0x82fd</run_address>
         <size>0x86</size>
         <input_file_ref idref="fl-154"/>
      </object_component>
      <object_component id="oc-11d">
         <name>.debug_info</name>
         <load_address>0x8383</load_address>
         <run_address>0x8383</run_address>
         <size>0x39</size>
         <input_file_ref idref="fl-154"/>
      </object_component>
      <object_component id="oc-124">
         <name>.debug_info</name>
         <load_address>0x83bc</load_address>
         <run_address>0x83bc</run_address>
         <size>0xc5</size>
         <input_file_ref idref="fl-15a"/>
      </object_component>
      <object_component id="oc-127">
         <name>.debug_info</name>
         <load_address>0x8481</load_address>
         <run_address>0x8481</run_address>
         <size>0xae</size>
         <input_file_ref idref="fl-13e"/>
      </object_component>
      <object_component id="oc-12c">
         <name>.debug_info</name>
         <load_address>0x852f</load_address>
         <run_address>0x852f</run_address>
         <size>0x127</size>
         <input_file_ref idref="fl-3"/>
      </object_component>
      <object_component id="oc-139">
         <name>.debug_info</name>
         <load_address>0x8656</load_address>
         <run_address>0x8656</run_address>
         <size>0x196</size>
         <input_file_ref idref="fl-141"/>
      </object_component>
      <object_component id="oc-13e">
         <name>.debug_info</name>
         <load_address>0x87ec</load_address>
         <run_address>0x87ec</run_address>
         <size>0x1b5</size>
         <input_file_ref idref="fl-165"/>
      </object_component>
      <object_component id="oc-143">
         <name>.debug_info</name>
         <load_address>0x89a1</load_address>
         <run_address>0x89a1</run_address>
         <size>0x106</size>
         <input_file_ref idref="fl-152"/>
      </object_component>
      <object_component id="oc-145">
         <name>.debug_info</name>
         <load_address>0x8aa7</load_address>
         <run_address>0x8aa7</run_address>
         <size>0x139</size>
         <input_file_ref idref="fl-15a"/>
      </object_component>
      <object_component id="oc-147">
         <name>.debug_info</name>
         <load_address>0x8be0</load_address>
         <run_address>0x8be0</run_address>
         <size>0x157</size>
         <input_file_ref idref="fl-13f"/>
      </object_component>
      <object_component id="oc-149">
         <name>.debug_info</name>
         <load_address>0x8d37</load_address>
         <run_address>0x8d37</run_address>
         <size>0x17e</size>
         <input_file_ref idref="fl-14d"/>
      </object_component>
      <object_component id="oc-14e">
         <name>.debug_info</name>
         <load_address>0x8eb5</load_address>
         <run_address>0x8eb5</run_address>
         <size>0x16d</size>
         <input_file_ref idref="fl-14c"/>
      </object_component>
      <object_component id="oc-153">
         <name>.debug_info</name>
         <load_address>0x9022</load_address>
         <run_address>0x9022</run_address>
         <size>0x182</size>
         <input_file_ref idref="fl-14e"/>
      </object_component>
      <object_component id="oc-158">
         <name>.debug_info</name>
         <load_address>0x91a4</load_address>
         <run_address>0x91a4</run_address>
         <size>0xcb</size>
         <input_file_ref idref="fl-144"/>
      </object_component>
      <object_component id="oc-15a">
         <name>.debug_info</name>
         <load_address>0x926f</load_address>
         <run_address>0x926f</run_address>
         <size>0x45a</size>
         <input_file_ref idref="fl-144"/>
      </object_component>
      <object_component id="oc-15b">
         <name>.debug_info</name>
         <load_address>0x96c9</load_address>
         <run_address>0x96c9</run_address>
         <size>0x2c</size>
         <input_file_ref idref="fl-141"/>
      </object_component>
      <object_component id="oc-163">
         <name>.debug_info</name>
         <load_address>0x96f5</load_address>
         <run_address>0x96f5</run_address>
         <size>0x9f</size>
         <input_file_ref idref="fl-167"/>
      </object_component>
      <object_component id="oc-165">
         <name>.debug_info</name>
         <load_address>0x9794</load_address>
         <run_address>0x9794</run_address>
         <size>0xb5</size>
         <input_file_ref idref="fl-145"/>
      </object_component>
      <object_component id="oc-170">
         <name>.debug_info</name>
         <load_address>0x9849</load_address>
         <run_address>0x9849</run_address>
         <size>0x13b</size>
         <input_file_ref idref="fl-143"/>
      </object_component>
      <object_component id="oc-174">
         <name>.debug_info</name>
         <load_address>0x9984</load_address>
         <run_address>0x9984</run_address>
         <size>0x101</size>
         <input_file_ref idref="fl-163"/>
      </object_component>
      <object_component id="oc-178">
         <name>.debug_info</name>
         <load_address>0x9a85</load_address>
         <run_address>0x9a85</run_address>
         <size>0x10f</size>
         <input_file_ref idref="fl-16a"/>
      </object_component>
      <object_component id="oc-17e">
         <name>.debug_info</name>
         <load_address>0x9b94</load_address>
         <run_address>0x9b94</run_address>
         <size>0xa6</size>
         <input_file_ref idref="fl-164"/>
      </object_component>
      <object_component id="oc-180">
         <name>.debug_info</name>
         <load_address>0x9c3a</load_address>
         <run_address>0x9c3a</run_address>
         <size>0xaf</size>
         <input_file_ref idref="fl-159"/>
      </object_component>
      <object_component id="oc-182">
         <name>.debug_info</name>
         <load_address>0x9ce9</load_address>
         <run_address>0x9ce9</run_address>
         <size>0xc5</size>
         <input_file_ref idref="fl-156"/>
      </object_component>
      <object_component id="oc-185">
         <name>.debug_info</name>
         <load_address>0x9dae</load_address>
         <run_address>0x9dae</run_address>
         <size>0x2c</size>
         <input_file_ref idref="fl-144"/>
      </object_component>
      <object_component id="oc-18a">
         <name>.debug_info</name>
         <load_address>0x9dda</load_address>
         <run_address>0x9dda</run_address>
         <size>0x46</size>
         <input_file_ref idref="fl-154"/>
      </object_component>
      <object_component id="oc-191">
         <name>.debug_info</name>
         <load_address>0x9e20</load_address>
         <run_address>0x9e20</run_address>
         <size>0x1b5</size>
         <input_file_ref idref="fl-13e"/>
      </object_component>
      <object_component id="oc-195">
         <name>.debug_info</name>
         <load_address>0x9fd5</load_address>
         <run_address>0x9fd5</run_address>
         <size>0x134</size>
         <input_file_ref idref="fl-141"/>
      </object_component>
      <object_component id="oc-197">
         <name>.debug_info</name>
         <load_address>0xa109</load_address>
         <run_address>0xa109</run_address>
         <size>0x855</size>
         <input_file_ref idref="fl-147"/>
      </object_component>
      <object_component id="oc-19c">
         <name>.debug_info</name>
         <load_address>0xa95e</load_address>
         <run_address>0xa95e</run_address>
         <size>0x40a</size>
         <input_file_ref idref="fl-140"/>
      </object_component>
      <object_component id="oc-1a1">
         <name>.debug_info</name>
         <load_address>0xad68</load_address>
         <run_address>0xad68</run_address>
         <size>0x175</size>
         <input_file_ref idref="fl-165"/>
      </object_component>
      <object_component id="oc-1a2">
         <name>.debug_info</name>
         <load_address>0xaedd</load_address>
         <run_address>0xaedd</run_address>
         <size>0xbb</size>
         <input_file_ref idref="fl-142"/>
      </object_component>
      <object_component id="oc-1ae">
         <name>.debug_info</name>
         <load_address>0xaf98</load_address>
         <run_address>0xaf98</run_address>
         <size>0x9a</size>
         <input_file_ref idref="fl-14d"/>
      </object_component>
      <object_component id="oc-1b0">
         <name>.debug_info</name>
         <load_address>0xb032</load_address>
         <run_address>0xb032</run_address>
         <size>0xaa</size>
         <input_file_ref idref="fl-14c"/>
      </object_component>
      <object_component id="oc-1b2">
         <name>.debug_info</name>
         <load_address>0xb0dc</load_address>
         <run_address>0xb0dc</run_address>
         <size>0xab</size>
         <input_file_ref idref="fl-14e"/>
      </object_component>
      <object_component id="oc-1b5">
         <name>.debug_info</name>
         <load_address>0xb187</load_address>
         <run_address>0xb187</run_address>
         <size>0x9e2</size>
         <input_file_ref idref="fl-14f"/>
      </object_component>
      <object_component id="oc-1bc">
         <name>.debug_info</name>
         <load_address>0xbb69</load_address>
         <run_address>0xbb69</run_address>
         <size>0x120</size>
         <input_file_ref idref="fl-144"/>
      </object_component>
      <object_component id="oc-1c9">
         <name>.debug_info</name>
         <load_address>0xbc89</load_address>
         <run_address>0xbc89</run_address>
         <size>0x9a</size>
         <input_file_ref idref="fl-16a"/>
      </object_component>
      <object_component id="oc-1ce">
         <name>.debug_info</name>
         <load_address>0xbd23</load_address>
         <run_address>0xbd23</run_address>
         <size>0xa3</size>
         <input_file_ref idref="fl-159"/>
      </object_component>
      <object_component id="oc-1d6">
         <name>.debug_info</name>
         <load_address>0xbdc6</load_address>
         <run_address>0xbdc6</run_address>
         <size>0x101</size>
         <input_file_ref idref="fl-147"/>
      </object_component>
      <object_component id="oc-1da">
         <name>.debug_info</name>
         <load_address>0xbec7</load_address>
         <run_address>0xbec7</run_address>
         <size>0x24d</size>
         <input_file_ref idref="fl-13e"/>
      </object_component>
      <object_component id="oc-1df">
         <name>.debug_info</name>
         <load_address>0xc114</load_address>
         <run_address>0xc114</run_address>
         <size>0x1f1</size>
         <input_file_ref idref="fl-140"/>
      </object_component>
      <object_component id="oc-1e2">
         <name>.debug_info</name>
         <load_address>0xc305</load_address>
         <run_address>0xc305</run_address>
         <size>0x1da</size>
         <input_file_ref idref="fl-142"/>
      </object_component>
      <object_component id="oc-1ec">
         <name>.debug_info</name>
         <load_address>0xc4df</load_address>
         <run_address>0xc4df</run_address>
         <size>0x236</size>
         <input_file_ref idref="fl-150"/>
      </object_component>
      <object_component id="oc-1ef">
         <name>.debug_info</name>
         <load_address>0xc715</load_address>
         <run_address>0xc715</run_address>
         <size>0x169</size>
         <input_file_ref idref="fl-166"/>
      </object_component>
      <object_component id="oc-1f4">
         <name>.debug_info</name>
         <load_address>0xc87e</load_address>
         <run_address>0xc87e</run_address>
         <size>0x1ef</size>
         <input_file_ref idref="fl-14f"/>
      </object_component>
      <object_component id="oc-1f6">
         <name>.debug_info</name>
         <load_address>0xca6d</load_address>
         <run_address>0xca6d</run_address>
         <size>0x39</size>
         <input_file_ref idref="fl-14f"/>
      </object_component>
      <object_component id="oc-202">
         <name>.debug_info</name>
         <load_address>0xcaa6</load_address>
         <run_address>0xcaa6</run_address>
         <size>0xb6</size>
         <input_file_ref idref="fl-15a"/>
      </object_component>
      <object_component id="oc-209">
         <name>.debug_info</name>
         <load_address>0xcb5c</load_address>
         <run_address>0xcb5c</run_address>
         <size>0xb2</size>
         <input_file_ref idref="fl-150"/>
      </object_component>
      <object_component id="oc-20b">
         <name>.debug_info</name>
         <load_address>0xcc0e</load_address>
         <run_address>0xcc0e</run_address>
         <size>0xca</size>
         <input_file_ref idref="fl-150"/>
      </object_component>
      <object_component id="oc-20d">
         <name>.debug_info</name>
         <load_address>0xccd8</load_address>
         <run_address>0xccd8</run_address>
         <size>0xaa</size>
         <input_file_ref idref="fl-166"/>
      </object_component>
      <object_component id="oc-233">
         <name>.debug_info</name>
         <load_address>0xcd82</load_address>
         <run_address>0xcd82</run_address>
         <size>0x9c</size>
      </object_component>
      <object_component id="oc-f">
         <name>.debug_line</name>
         <load_address>0x0</load_address>
         <run_address>0x0</run_address>
         <size>0x48</size>
         <input_file_ref idref="fl-13c"/>
      </object_component>
      <object_component id="oc-16">
         <name>.debug_line</name>
         <load_address>0x48</load_address>
         <run_address>0x48</run_address>
         <size>0x7d</size>
         <input_file_ref idref="fl-157"/>
      </object_component>
      <object_component id="oc-1c">
         <name>.debug_line</name>
         <load_address>0xc5</load_address>
         <run_address>0xc5</run_address>
         <size>0x53</size>
         <input_file_ref idref="fl-155"/>
      </object_component>
      <object_component id="oc-21">
         <name>.debug_line</name>
         <load_address>0x118</load_address>
         <run_address>0x118</run_address>
         <size>0x80</size>
         <input_file_ref idref="fl-13d"/>
      </object_component>
      <object_component id="oc-26">
         <name>.debug_line</name>
         <load_address>0x198</load_address>
         <run_address>0x198</run_address>
         <size>0x2c</size>
         <input_file_ref idref="fl-147"/>
      </object_component>
      <object_component id="oc-2a">
         <name>.debug_line</name>
         <load_address>0x1c4</load_address>
         <run_address>0x1c4</run_address>
         <size>0x68</size>
         <input_file_ref idref="fl-158"/>
      </object_component>
      <object_component id="oc-30">
         <name>.debug_line</name>
         <load_address>0x22c</load_address>
         <run_address>0x22c</run_address>
         <size>0x57</size>
         <input_file_ref idref="fl-3"/>
      </object_component>
      <object_component id="oc-36">
         <name>.debug_line</name>
         <load_address>0x283</load_address>
         <run_address>0x283</run_address>
         <size>0x20</size>
         <input_file_ref idref="fl-2"/>
      </object_component>
      <object_component id="oc-41">
         <name>.debug_line</name>
         <load_address>0x2a3</load_address>
         <run_address>0x2a3</run_address>
         <size>0x33</size>
         <input_file_ref idref="fl-14b"/>
      </object_component>
      <object_component id="oc-43">
         <name>.debug_line</name>
         <load_address>0x2d6</load_address>
         <run_address>0x2d6</run_address>
         <size>0x73</size>
         <input_file_ref idref="fl-147"/>
      </object_component>
      <object_component id="oc-46">
         <name>.debug_line</name>
         <load_address>0x349</load_address>
         <run_address>0x349</run_address>
         <size>0x44</size>
         <input_file_ref idref="fl-140"/>
      </object_component>
      <object_component id="oc-4b">
         <name>.debug_line</name>
         <load_address>0x38d</load_address>
         <run_address>0x38d</run_address>
         <size>0x2c</size>
         <input_file_ref idref="fl-147"/>
      </object_component>
      <object_component id="oc-50">
         <name>.debug_line</name>
         <load_address>0x3b9</load_address>
         <run_address>0x3b9</run_address>
         <size>0x9a</size>
         <input_file_ref idref="fl-146"/>
      </object_component>
      <object_component id="oc-56">
         <name>.debug_line</name>
         <load_address>0x453</load_address>
         <run_address>0x453</run_address>
         <size>0x174</size>
         <input_file_ref idref="fl-f"/>
      </object_component>
      <object_component id="oc-5b">
         <name>.debug_line</name>
         <load_address>0x5c7</load_address>
         <run_address>0x5c7</run_address>
         <size>0x8f</size>
         <input_file_ref idref="fl-149"/>
      </object_component>
      <object_component id="oc-60">
         <name>.debug_line</name>
         <load_address>0x656</load_address>
         <run_address>0x656</run_address>
         <size>0x2b</size>
         <input_file_ref idref="fl-155"/>
      </object_component>
      <object_component id="oc-63">
         <name>.debug_line</name>
         <load_address>0x681</load_address>
         <run_address>0x681</run_address>
         <size>0x2b</size>
         <input_file_ref idref="fl-155"/>
      </object_component>
      <object_component id="oc-68">
         <name>.debug_line</name>
         <load_address>0x6ac</load_address>
         <run_address>0x6ac</run_address>
         <size>0x64</size>
         <input_file_ref idref="fl-153"/>
      </object_component>
      <object_component id="oc-6c">
         <name>.debug_line</name>
         <load_address>0x710</load_address>
         <run_address>0x710</run_address>
         <size>0x2b</size>
         <input_file_ref idref="fl-153"/>
      </object_component>
      <object_component id="oc-6f">
         <name>.debug_line</name>
         <load_address>0x73b</load_address>
         <run_address>0x73b</run_address>
         <size>0x2a</size>
         <input_file_ref idref="fl-13d"/>
      </object_component>
      <object_component id="oc-71">
         <name>.debug_line</name>
         <load_address>0x765</load_address>
         <run_address>0x765</run_address>
         <size>0x43</size>
         <input_file_ref idref="fl-13d"/>
      </object_component>
      <object_component id="oc-74">
         <name>.debug_line</name>
         <load_address>0x7a8</load_address>
         <run_address>0x7a8</run_address>
         <size>0x51</size>
         <input_file_ref idref="fl-158"/>
      </object_component>
      <object_component id="oc-77">
         <name>.debug_line</name>
         <load_address>0x7f9</load_address>
         <run_address>0x7f9</run_address>
         <size>0x44</size>
         <input_file_ref idref="fl-145"/>
      </object_component>
      <object_component id="oc-7c">
         <name>.debug_line</name>
         <load_address>0x83d</load_address>
         <run_address>0x83d</run_address>
         <size>0x45</size>
         <input_file_ref idref="fl-158"/>
      </object_component>
      <object_component id="oc-81">
         <name>.debug_line</name>
         <load_address>0x882</load_address>
         <run_address>0x882</run_address>
         <size>0x118</size>
         <input_file_ref idref="fl-d"/>
      </object_component>
      <object_component id="oc-86">
         <name>.debug_line</name>
         <load_address>0x99a</load_address>
         <run_address>0x99a</run_address>
         <size>0x15c</size>
         <input_file_ref idref="fl-c"/>
      </object_component>
      <object_component id="oc-8b">
         <name>.debug_line</name>
         <load_address>0xaf6</load_address>
         <run_address>0xaf6</run_address>
         <size>0x222</size>
         <input_file_ref idref="fl-2"/>
      </object_component>
      <object_component id="oc-90">
         <name>.debug_line</name>
         <load_address>0xd18</load_address>
         <run_address>0xd18</run_address>
         <size>0x72</size>
         <input_file_ref idref="fl-4"/>
      </object_component>
      <object_component id="oc-97">
         <name>.debug_line</name>
         <load_address>0xd8a</load_address>
         <run_address>0xd8a</run_address>
         <size>0xba</size>
         <input_file_ref idref="fl-160"/>
      </object_component>
      <object_component id="oc-9b">
         <name>.debug_line</name>
         <load_address>0xe44</load_address>
         <run_address>0xe44</run_address>
         <size>0xf9</size>
         <input_file_ref idref="fl-161"/>
      </object_component>
      <object_component id="oc-a1">
         <name>.debug_line</name>
         <load_address>0xf3d</load_address>
         <run_address>0xf3d</run_address>
         <size>0x8d2</size>
         <input_file_ref idref="fl-154"/>
      </object_component>
      <object_component id="oc-aa">
         <name>.debug_line</name>
         <load_address>0x180f</load_address>
         <run_address>0x180f</run_address>
         <size>0x67</size>
         <input_file_ref idref="fl-3"/>
      </object_component>
      <object_component id="oc-af">
         <name>.debug_line</name>
         <load_address>0x1876</load_address>
         <run_address>0x1876</run_address>
         <size>0x20</size>
         <input_file_ref idref="fl-153"/>
      </object_component>
      <object_component id="oc-b7">
         <name>.debug_line</name>
         <load_address>0x1896</load_address>
         <run_address>0x1896</run_address>
         <size>0x73</size>
         <input_file_ref idref="fl-148"/>
      </object_component>
      <object_component id="oc-c0">
         <name>.debug_line</name>
         <load_address>0x1909</load_address>
         <run_address>0x1909</run_address>
         <size>0xee</size>
         <input_file_ref idref="fl-f"/>
      </object_component>
      <object_component id="oc-c3">
         <name>.debug_line</name>
         <load_address>0x19f7</load_address>
         <run_address>0x19f7</run_address>
         <size>0x9d</size>
         <input_file_ref idref="fl-152"/>
      </object_component>
      <object_component id="oc-c8">
         <name>.debug_line</name>
         <load_address>0x1a94</load_address>
         <run_address>0x1a94</run_address>
         <size>0xb8</size>
         <input_file_ref idref="fl-13f"/>
      </object_component>
      <object_component id="oc-cc">
         <name>.debug_line</name>
         <load_address>0x1b4c</load_address>
         <run_address>0x1b4c</run_address>
         <size>0x2b3</size>
         <input_file_ref idref="fl-144"/>
      </object_component>
      <object_component id="oc-d4">
         <name>.debug_line</name>
         <load_address>0x1dff</load_address>
         <run_address>0x1dff</run_address>
         <size>0x5d</size>
         <input_file_ref idref="fl-167"/>
      </object_component>
      <object_component id="oc-d8">
         <name>.debug_line</name>
         <load_address>0x1e5c</load_address>
         <run_address>0x1e5c</run_address>
         <size>0x65</size>
         <input_file_ref idref="fl-145"/>
      </object_component>
      <object_component id="oc-df">
         <name>.debug_line</name>
         <load_address>0x1ec1</load_address>
         <run_address>0x1ec1</run_address>
         <size>0xf9</size>
         <input_file_ref idref="fl-168"/>
      </object_component>
      <object_component id="oc-e4">
         <name>.debug_line</name>
         <load_address>0x1fba</load_address>
         <run_address>0x1fba</run_address>
         <size>0x86</size>
         <input_file_ref idref="fl-151"/>
      </object_component>
      <object_component id="oc-e8">
         <name>.debug_line</name>
         <load_address>0x2040</load_address>
         <run_address>0x2040</run_address>
         <size>0x71</size>
         <input_file_ref idref="fl-15c"/>
      </object_component>
      <object_component id="oc-ec">
         <name>.debug_line</name>
         <load_address>0x20b1</load_address>
         <run_address>0x20b1</run_address>
         <size>0x87</size>
         <input_file_ref idref="fl-15e"/>
      </object_component>
      <object_component id="oc-f0">
         <name>.debug_line</name>
         <load_address>0x2138</load_address>
         <run_address>0x2138</run_address>
         <size>0xa1</size>
         <input_file_ref idref="fl-15d"/>
      </object_component>
      <object_component id="oc-f4">
         <name>.debug_line</name>
         <load_address>0x21d9</load_address>
         <run_address>0x21d9</run_address>
         <size>0x71</size>
         <input_file_ref idref="fl-15c"/>
      </object_component>
      <object_component id="oc-f8">
         <name>.debug_line</name>
         <load_address>0x224a</load_address>
         <run_address>0x224a</run_address>
         <size>0x51</size>
         <input_file_ref idref="fl-15f"/>
      </object_component>
      <object_component id="oc-fc">
         <name>.debug_line</name>
         <load_address>0x229b</load_address>
         <run_address>0x229b</run_address>
         <size>0x63</size>
         <input_file_ref idref="fl-163"/>
      </object_component>
      <object_component id="oc-101">
         <name>.debug_line</name>
         <load_address>0x22fe</load_address>
         <run_address>0x22fe</run_address>
         <size>0x49</size>
         <input_file_ref idref="fl-162"/>
      </object_component>
      <object_component id="oc-104">
         <name>.debug_line</name>
         <load_address>0x2347</load_address>
         <run_address>0x2347</run_address>
         <size>0xc2</size>
         <input_file_ref idref="fl-15b"/>
      </object_component>
      <object_component id="oc-109">
         <name>.debug_line</name>
         <load_address>0x2409</load_address>
         <run_address>0x2409</run_address>
         <size>0x3f</size>
         <input_file_ref idref="fl-169"/>
      </object_component>
      <object_component id="oc-10d">
         <name>.debug_line</name>
         <load_address>0x2448</load_address>
         <run_address>0x2448</run_address>
         <size>0x48</size>
         <input_file_ref idref="fl-164"/>
      </object_component>
      <object_component id="oc-113">
         <name>.debug_line</name>
         <load_address>0x2490</load_address>
         <run_address>0x2490</run_address>
         <size>0x61</size>
         <input_file_ref idref="fl-156"/>
      </object_component>
      <object_component id="oc-11a">
         <name>.debug_line</name>
         <load_address>0x24f1</load_address>
         <run_address>0x24f1</run_address>
         <size>0x44</size>
         <input_file_ref idref="fl-154"/>
      </object_component>
      <object_component id="oc-11f">
         <name>.debug_line</name>
         <load_address>0x2535</load_address>
         <run_address>0x2535</run_address>
         <size>0x2e</size>
         <input_file_ref idref="fl-154"/>
      </object_component>
      <object_component id="oc-123">
         <name>.debug_line</name>
         <load_address>0x2563</load_address>
         <run_address>0x2563</run_address>
         <size>0x2a</size>
         <input_file_ref idref="fl-15a"/>
      </object_component>
      <object_component id="oc-126">
         <name>.debug_line</name>
         <load_address>0x258d</load_address>
         <run_address>0x258d</run_address>
         <size>0x72</size>
         <input_file_ref idref="fl-149"/>
      </object_component>
      <object_component id="oc-129">
         <name>.debug_line</name>
         <load_address>0x25ff</load_address>
         <run_address>0x25ff</run_address>
         <size>0x43</size>
         <input_file_ref idref="fl-13e"/>
      </object_component>
      <object_component id="oc-12e">
         <name>.debug_line</name>
         <load_address>0x2642</load_address>
         <run_address>0x2642</run_address>
         <size>0x5a</size>
         <input_file_ref idref="fl-d"/>
      </object_component>
      <object_component id="oc-130">
         <name>.debug_line</name>
         <load_address>0x269c</load_address>
         <run_address>0x269c</run_address>
         <size>0x3a</size>
         <input_file_ref idref="fl-c"/>
      </object_component>
      <object_component id="oc-132">
         <name>.debug_line</name>
         <load_address>0x26d6</load_address>
         <run_address>0x26d6</run_address>
         <size>0x5a</size>
         <input_file_ref idref="fl-c"/>
      </object_component>
      <object_component id="oc-135">
         <name>.debug_line</name>
         <load_address>0x2730</load_address>
         <run_address>0x2730</run_address>
         <size>0x5b</size>
         <input_file_ref idref="fl-2"/>
      </object_component>
      <object_component id="oc-137">
         <name>.debug_line</name>
         <load_address>0x278b</load_address>
         <run_address>0x278b</run_address>
         <size>0xd7</size>
         <input_file_ref idref="fl-2"/>
      </object_component>
      <object_component id="oc-13a">
         <name>.debug_line</name>
         <load_address>0x2862</load_address>
         <run_address>0x2862</run_address>
         <size>0x6f</size>
         <input_file_ref idref="fl-141"/>
      </object_component>
      <object_component id="oc-13f">
         <name>.debug_line</name>
         <load_address>0x28d1</load_address>
         <run_address>0x28d1</run_address>
         <size>0xb7</size>
         <input_file_ref idref="fl-165"/>
      </object_component>
      <object_component id="oc-14a">
         <name>.debug_line</name>
         <load_address>0x2988</load_address>
         <run_address>0x2988</run_address>
         <size>0x5c</size>
         <input_file_ref idref="fl-14d"/>
      </object_component>
      <object_component id="oc-14f">
         <name>.debug_line</name>
         <load_address>0x29e4</load_address>
         <run_address>0x29e4</run_address>
         <size>0x62</size>
         <input_file_ref idref="fl-14c"/>
      </object_component>
      <object_component id="oc-154">
         <name>.debug_line</name>
         <load_address>0x2a46</load_address>
         <run_address>0x2a46</run_address>
         <size>0x66</size>
         <input_file_ref idref="fl-14e"/>
      </object_component>
      <object_component id="oc-15d">
         <name>.debug_line</name>
         <load_address>0x2aac</load_address>
         <run_address>0x2aac</run_address>
         <size>0x2a</size>
         <input_file_ref idref="fl-141"/>
      </object_component>
      <object_component id="oc-161">
         <name>.debug_line</name>
         <load_address>0x2ad6</load_address>
         <run_address>0x2ad6</run_address>
         <size>0x7b</size>
         <input_file_ref idref="fl-160"/>
      </object_component>
      <object_component id="oc-167">
[...]
      </symbol>
      <symbol id="sm-fd">
         <name>dm368_gpio_setOutput</name>
         <value>0x8e013d2c</value>
         <object_component_ref idref="oc-7f"/>
      </symbol>
      <symbol id="sm-fe">
         <name>dm368_gpio_getInput</name>
         <value>0x8e013db4</value>
         <object_component_ref idref="oc-7f"/>
      </symbol>
      <symbol id="sm-ff">
         <name>dm368_gpio_setDirection</name>
         <value>0x8e013ca4</value>
         <object_component_ref idref="oc-7f"/>
      </symbol>
      <symbol id="sm-100">
         <name>dm368_led_off</name>
         <value>0x8e013e18</value>
         <object_component_ref idref="oc-7f"/>
      </symbol>
      <symbol id="sm-101">
         <name>dm368_gpio_init</name>
         <value>0x8e013c04</value>
         <object_component_ref idref="oc-7f"/>
      </symbol>
      <symbol id="sm-150">
         <name>pll2_cfg</name>
         <value>0x8e012530</value>
         <object_component_ref idref="oc-54"/>
      </symbol>
      <symbol id="sm-151">
         <name>dm368_waitusec</name>
         <value>0x8e01232c</value>
         <object_component_ref idref="oc-54"/>
      </symbol>
      <symbol id="sm-152">
         <name>pin_mux_cfg</name>
         <value>0x8e012348</value>
         <object_component_ref idref="oc-54"/>
      </symbol>
      <symbol id="sm-153">
         <name>dm368_wait</name>
         <value>0x8e0122e0</value>
         <object_component_ref idref="oc-54"/>
      </symbol>
      <symbol id="sm-154">
         <name>dm368_init</name>
         <value>0x8e012684</value>
         <object_component_ref idref="oc-54"/>
      </symbol>
      <symbol id="sm-155">
         <name>led_shining</name>
         <value>0x8e012768</value>
         <object_component_ref idref="oc-54"/>
      </symbol>
      <symbol id="sm-156">
         <name>pll1_cfg</name>
         <value>0x8e012388</value>
         <object_component_ref idref="oc-54"/>
      </symbol>
      <symbol id="sm-164">
         <name>_c_int00</name>
         <value>0x8e0157a4</value>
         <object_component_ref idref="oc-d"/>
      </symbol>
      <symbol id="sm-165">
         <name>__stack</name>
         <value>0x8e000000</value>
         <object_component_ref idref="oc-11"/>
      </symbol>
      <symbol id="sm-182">
         <name>C$$EXIT</name>
         <value>0x8e015688</value>
         <object_component_ref idref="oc-1d"/>
      </symbol>
      <symbol id="sm-183">
         <name>abort</name>
         <value>0x8e015690</value>
         <object_component_ref idref="oc-1d"/>
      </symbol>
      <symbol id="sm-184">
         <name>exit</name>
         <value>0x8e01569c</value>
         <object_component_ref idref="oc-1d"/>
      </symbol>
      <symbol id="sm-185">
         <name>__TI_dtors_ptr</name>
         <value>0x8e015b90</value>
         <object_component_ref idref="oc-3c"/>
      </symbol>
      <symbol id="sm-186">
         <name>__TI_cleanup_ptr</name>
         <value>0x8e015b8c</value>
         <object_component_ref idref="oc-3c"/>
      </symbol>
      <symbol id="sm-1a0">
         <name>__TI_closefile</name>
         <value>0x8e014d68</value>
         <object_component_ref idref="oc-1d8"/>
      </symbol>
      <symbol id="sm-1a1">
         <name>fclose</name>
         <value>0x8e014e14</value>
         <object_component_ref idref="oc-1d8"/>
      </symbol>
      <symbol id="sm-1ba">
         <name>__TI_doflush</name>
         <value>0x8e0146c4</value>
         <object_component_ref idref="oc-c6"/>
      </symbol>
      <symbol id="sm-1bb">
         <name>fflush</name>
         <value>0x8e014748</value>
         <object_component_ref idref="oc-c6"/>
      </symbol>
      <symbol id="sm-1f0">
         <name>__TI_cleanup</name>
         <value>0x8e0137ac</value>
         <object_component_ref idref="oc-19b"/>
      </symbol>
      <symbol id="sm-1f1">
         <name>freopen</name>
         <value>0x8e0137f8</value>
         <object_component_ref idref="oc-19b"/>
      </symbol>
      <symbol id="sm-1f2">
         <name>fopen</name>
         <value>0x8e013844</value>
         <object_component_ref idref="oc-19b"/>
      </symbol>
      <symbol id="sm-208">
         <name>fseek</name>
         <value>0x8e01527c</value>
         <object_component_ref idref="oc-138"/>
      </symbol>
      <symbol id="sm-223">
         <name>__aeabi_idivmod</name>
         <value>0x8e014a30</value>
         <object_component_ref idref="oc-16f"/>
      </symbol>
      <symbol id="sm-26f">
         <name>open</name>
         <value>0x8e012af4</value>
         <object_component_ref idref="oc-cb"/>
      </symbol>
      <symbol id="sm-270">
         <name>add_device</name>
         <value>0x8e012ce4</value>
         <object_component_ref idref="oc-cb"/>
      </symbol>
      <symbol id="sm-271">
         <name>remove_device</name>
         <value>0x8e012a64</value>
         <object_component_ref idref="oc-cb"/>
      </symbol>
      <symbol id="sm-272">
         <name>lseek</name>
         <value>0x8e012c0c</value>
         <object_component_ref idref="oc-cb"/>
      </symbol>
      <symbol id="sm-273">
         <name>read</name>
         <value>0x8e012ab0</value>
         <object_component_ref idref="oc-cb"/>
      </symbol>
      <symbol id="sm-274">
         <name>rename</name>
         <value>0x8e0129f8</value>
         <object_component_ref idref="oc-cb"/>
      </symbol>
      <symbol id="sm-275">
         <name>write</name>
         <value>0x8e0128c0</value>
         <object_component_ref idref="oc-cb"/>
      </symbol>
      <symbol id="sm-276">
         <name>close</name>
         <value>0x8e012c50</value>
         <object_component_ref idref="oc-cb"/>
      </symbol>
      <symbol id="sm-277">
         <name>unlink</name>
         <value>0x8e0129b8</value>
         <object_component_ref idref="oc-cb"/>
      </symbol>
      <symbol id="sm-28a">
         <name>memchr</name>
         <value>0x8e015870</value>
         <object_component_ref idref="oc-d7"/>
      </symbol>
      <symbol id="sm-2a2">
         <name>memcpy</name>
         <value>0x8e0143f0</value>
         <object_component_ref idref="oc-4e"/>
      </symbol>
      <symbol id="sm-2a3">
         <name>__aeabi_memcpy</name>
         <value>0x8e0143f0</value>
         <object_component_ref idref="oc-4e"/>
      </symbol>
      <symbol id="sm-2a4">
         <name>__aeabi_memcpy8</name>
         <value>0x8e0143f0</value>
         <object_component_ref idref="oc-4e"/>
      </symbol>
      <symbol id="sm-2a5">
         <name>__aeabi_memcpy4</name>
         <value>0x8e0143f0</value>
         <object_component_ref idref="oc-4e"/>
      </symbol>
      <symbol id="sm-308">
         <name>_sys_memory</name>
         <value>0x8e008000</value>
         <object_component_ref idref="oc-12"/>
      </symbol>
      <symbol id="sm-309">
         <name>free</name>
         <value>0x8e011878</value>
         <object_component_ref idref="oc-196"/>
      </symbol>
      <symbol id="sm-30a">
         <name>realloc</name>
         <value>0x8e0119cc</value>
         <object_component_ref idref="oc-196"/>
      </symbol>
      <symbol id="sm-30b">
         <name>memalign</name>
         <value>0x8e011b50</value>
         <object_component_ref idref="oc-196"/>
      </symbol>
      <symbol id="sm-30c">
         <name>calloc</name>
         <value>0x8e011c88</value>
         <object_component_ref idref="oc-196"/>
      </symbol>
      <symbol id="sm-30d">
         <name>malloc</name>
         <value>0x8e0117c4</value>
         <object_component_ref idref="oc-196"/>
      </symbol>
      <symbol id="sm-30e">
         <name>minit</name>
         <value>0x8e0116c4</value>
         <object_component_ref idref="oc-196"/>
      </symbol>
      <symbol id="sm-31c">
         <name>__aeabi_memset</name>
         <value>0x8e0151d0</value>
         <object_component_ref idref="oc-b6"/>
      </symbol>
      <symbol id="sm-31d">
         <name>memset</name>
         <value>0x8e0151dc</value>
         <object_component_ref idref="oc-b6"/>
      </symbol>
      <symbol id="sm-31e">
         <name>__aeabi_memset8</name>
         <value>0x8e0151d0</value>
         <object_component_ref idref="oc-b6"/>
      </symbol>
      <symbol id="sm-31f">
         <name>__aeabi_memset4</name>
         <value>0x8e0151d0</value>
         <object_component_ref idref="oc-b6"/>
      </symbol>
      <symbol id="sm-320">
         <name>__aeabi_memclr8</name>
         <value>0x8e0151cc</value>
         <object_component_ref idref="oc-b6"/>
      </symbol>
      <symbol id="sm-321">
         <name>__aeabi_memclr4</name>
         <value>0x8e0151cc</value>
         <object_component_ref idref="oc-b6"/>
      </symbol>
      <symbol id="sm-322">
         <name>__aeabi_memclr</name>
         <value>0x8e0151cc</value>
         <object_component_ref idref="oc-b6"/>
      </symbol>
      <symbol id="sm-33a">
         <name>printf</name>
         <value>0x8e0153d4</value>
         <object_component_ref idref="oc-59"/>
      </symbol>
      <symbol id="sm-342">
         <name>main_func_sp</name>
         <value>0x8e015b9c</value>
         <object_component_ref idref="oc-22"/>
      </symbol>
      <symbol id="sm-350">
         <name>strchr</name>
         <value>0x8e0158c4</value>
         <object_component_ref idref="oc-14d"/>
      </symbol>
      <symbol id="sm-35d">
         <name>strcmp</name>
         <value>0x8e0158ec</value>
         <object_component_ref idref="oc-148"/>
      </symbol>
      <symbol id="sm-36b">
         <name>strncpy</name>
         <value>0x8e0157ec</value>
         <object_component_ref idref="oc-152"/>
      </symbol>
      <symbol id="sm-38a">
         <name>HOSTgetenv</name>
         <value>0x8e01319c</value>
         <object_component_ref idref="oc-1b3"/>
      </symbol>
      <symbol id="sm-38b">
         <name>HOSTrename</name>
         <value>0x8e012f54</value>
         <object_component_ref idref="oc-1b3"/>
      </symbol>
      <symbol id="sm-38c">
         <name>HOSTclose</name>
         <value>0x8e013204</value>
         <object_component_ref idref="oc-1b3"/>
      </symbol>
      <symbol id="sm-38d">
         <name>HOSTunlink</name>
         <value>0x8e012e90</value>
         <object_component_ref idref="oc-1b3"/>
      </symbol>
      <symbol id="sm-38e">
         <name>HOSTlseek</name>
         <value>0x8e0130fc</value>
         <object_component_ref idref="oc-1b3"/>
      </symbol>
      <symbol id="sm-38f">
         <name>HOSTopen</name>
         <value>0x8e013070</value>
         <object_component_ref idref="oc-1b3"/>
      </symbol>
      <symbol id="sm-390">
         <name>HOSTclock</name>
         <value>0x8e01326c</value>
         <object_component_ref idref="oc-1b3"/>
      </symbol>
      <symbol id="sm-391">
         <name>HOSTwrite</name>
         <value>0x8e012e0c</value>
         <object_component_ref idref="oc-1b3"/>
      </symbol>
      <symbol id="sm-392">
         <name>HOSTread</name>
         <value>0x8e012fec</value>
         <object_component_ref idref="oc-1b3"/>
      </symbol>
      <symbol id="sm-393">
         <name>HOSTtime</name>
         <value>0x8e012ef4</value>
         <object_component_ref idref="oc-1b3"/>
      </symbol>
      <symbol id="sm-3ab">
         <name>__TI_readmsg</name>
         <value>0x8e015374</value>
         <object_component_ref idref="oc-1e9"/>
      </symbol>
      <symbol id="sm-3ac">
         <name>C$$IO$$</name>
         <value>0x8e01536c</value>
         <object_component_ref idref="oc-1e9"/>
      </symbol>
      <symbol id="sm-3ad">
         <name>__CIOBUF_</name>
         <value>0x8e015ba0</value>
         <object_component_ref idref="oc-208"/>
      </symbol>
      <symbol id="sm-3ae">
         <name>__TI_writemsg</name>
         <value>0x8e015324</value>
         <object_component_ref idref="oc-1e9"/>
      </symbol>
      <symbol id="sm-3c0">
         <name>__aeabi_uidivmod</name>
         <value>0x8e014e64</value>
         <object_component_ref idref="oc-e2"/>
      </symbol>
      <symbol id="sm-3d6">
         <name>__TI_wrt_ok</name>
         <value>0x8e014918</value>
         <object_component_ref idref="oc-c1"/>
      </symbol>
      <symbol id="sm-3d7">
         <name>__TI_rd_ok</name>
         <value>0x8e0149b8</value>
         <object_component_ref idref="oc-c1"/>
      </symbol>
      <symbol id="sm-3ee">
         <name>_nop</name>
         <value>0x8e01592c</value>
         <object_component_ref idref="oc-66"/>
      </symbol>
      <symbol id="sm-3ef">
         <name>_lock</name>
         <value>0x8e015b84</value>
         <object_component_ref idref="oc-3a"/>
      </symbol>
      <symbol id="sm-3f0">
         <name>_unlock</name>
         <value>0x8e015b88</value>
         <object_component_ref idref="oc-3a"/>
      </symbol>
      <symbol id="sm-3f1">
         <name>_register_lock</name>
         <value>0x8e015920</value>
         <object_component_ref idref="oc-66"/>
      </symbol>
      <symbol id="sm-3f2">
         <name>_register_unlock</name>
         <value>0x8e015914</value>
         <object_component_ref idref="oc-66"/>
      </symbol>
      <symbol id="sm-4d0">
         <name>__TI_printfi</name>
         <value>0x8e0111b4</value>
         <object_component_ref idref="oc-9f"/>
      </symbol>
      <symbol id="sm-4e3">
         <name>_args_main</name>
         <value>0x8e015938</value>
         <object_component_ref idref="oc-18"/>
      </symbol>
      <symbol id="sm-4e4">
         <name>__TI_args_main</name>
         <value>0x1</value>
      </symbol>
      <symbol id="sm-4f8">
         <name>atoi</name>
         <value>0x8e015500</value>
         <object_component_ref idref="oc-111"/>
      </symbol>
      <symbol id="sm-512">
         <name>__TI_CINIT_Base</name>
         <value>0x0</value>
      </symbol>
      <symbol id="sm-513">
         <name>SHT$$INIT_ARRAY$$Limit</name>
         <value>0x0</value>
      </symbol>
      <symbol id="sm-514">
         <name>SHT$$INIT_ARRAY$$Base</name>
         <value>0x0</value>
      </symbol>
      <symbol id="sm-515">
         <name>__TI_auto_init</name>
         <value>0x8e014f58</value>
         <object_component_ref idref="oc-14"/>
      </symbol>
      <symbol id="sm-516">
         <name>__TI_Handler_Table_Base</name>
         <value>0x0</value>
      </symbol>
      <symbol id="sm-517">
         <name>__TI_CINIT_Limit</name>
         <value>0x0</value>
      </symbol>
      <symbol id="sm-52f">
         <name>copy_in</name>
         <value>0x8e015584</value>
         <object_component_ref idref="oc-28"/>
      </symbol>
      <symbol id="sm-539">
         <name>_ctypes_</name>
         <value>0x8e015d68</value>
         <object_component_ref idref="oc-17f"/>
      </symbol>
      <symbol id="sm-54f">
         <name>__aeabi_stdout</name>
         <value>0x8e015b70</value>
         <object_component_ref idref="oc-144"/>
      </symbol>
      <symbol id="sm-550">
         <name>__TI_tmpnams</name>
         <value>0x8e015cc0</value>
         <object_component_ref idref="oc-201"/>
      </symbol>
      <symbol id="sm-551">
         <name>__aeabi_stderr</name>
         <value>0x8e015b74</value>
         <object_component_ref idref="oc-144"/>
      </symbol>
      <symbol id="sm-552">
         <name>__aeabi_stdin</name>
         <value>0x8e015b6c</value>
         <object_component_ref idref="oc-144"/>
      </symbol>
      <symbol id="sm-553">
         <name>_ftable</name>
         <value>0x8e0159a8</value>
         <object_component_ref idref="oc-a4"/>
      </symbol>
      <symbol id="sm-554">
         <name>__TI_ft_end</name>
         <value>0x8e015b68</value>
         <object_component_ref idref="oc-144"/>
      </symbol>
      <symbol id="sm-56a">
         <name>__aeabi_dsub</name>
         <value>0x8e013e78</value>
         <object_component_ref idref="oc-103"/>
      </symbol>
      <symbol id="sm-56b">
         <name>__aeabi_dadd</name>
         <value>0x8e013e84</value>
         <object_component_ref idref="oc-103"/>
      </symbol>
      <symbol id="sm-58b">
         <name>__aeabi_cdcmpeq</name>
         <value>0x8e01502c</value>
         <object_component_ref idref="oc-e6"/>
      </symbol>
      <symbol id="sm-58c">
         <name>__aeabi_cdcmple</name>
         <value>0x8e01502c</value>
         <object_component_ref idref="oc-e6"/>
      </symbol>
      <symbol id="sm-58d">
         <name>__aeabi_cdrcmple</name>
         <value>0x8e0150fc</value>
         <object_component_ref idref="oc-f2"/>
      </symbol>
      <symbol id="sm-5a0">
         <name>__aeabi_ddiv</name>
         <value>0x8e014260</value>
         <object_component_ref idref="oc-ee"/>
      </symbol>
      <symbol id="sm-5aa">
         <name>__aeabi_dmul</name>
         <value>0x8e0147f0</value>
         <object_component_ref idref="oc-ea"/>
      </symbol>
      <symbol id="sm-5b3">
         <name>__aeabi_d2iz</name>
         <value>0x8e015700</value>
         <object_component_ref idref="oc-f6"/>
      </symbol>
      <symbol id="sm-5cb">
         <name>putc</name>
         <value>0x8e014d50</value>
         <object_component_ref idref="oc-95"/>
      </symbol>
      <symbol id="sm-5cc">
         <name>fputc</name>
         <value>0x8e014c58</value>
         <object_component_ref idref="oc-95"/>
      </symbol>
      <symbol id="sm-5cd">
         <name>putchar</name>
         <value>0x8e014d54</value>
         <object_component_ref idref="oc-95"/>
      </symbol>
      <symbol id="sm-5ed">
         <name>puts</name>
         <value>0x8e014228</value>
         <object_component_ref idref="oc-9a"/>
      </symbol>
      <symbol id="sm-5ee">
         <name>fputs</name>
         <value>0x8e01408c</value>
         <object_component_ref idref="oc-9a"/>
      </symbol>
      <symbol id="sm-5f7">
         <name>__aeabi_i2d</name>
         <value>0x8e015834</value>
         <object_component_ref idref="oc-ff"/>
      </symbol>
      <symbol id="sm-604">
         <name>ltoa</name>
         <value>0x8e015608</value>
         <object_component_ref idref="oc-fa"/>
      </symbol>
      <symbol id="sm-612">
         <name>memccpy</name>
         <value>0x8e01589c</value>
         <object_component_ref idref="oc-10c"/>
      </symbol>
      <symbol id="sm-62c">
         <name>setvbuf</name>
         <value>0x8e014570</value>
         <object_component_ref idref="oc-13d"/>
      </symbol>
      <symbol id="sm-639">
         <name>strcpy</name>
         <value>0x8e015978</value>
         <object_component_ref idref="oc-1ee"/>
      </symbol>
      <symbol id="sm-646">
         <name>strlen</name>
         <value>0x8e015958</value>
         <object_component_ref idref="oc-d2"/>
      </symbol>
      <symbol id="sm-661">
         <name>__aeabi_uldivmod</name>
         <value>0x8e01394c</value>
         <object_component_ref idref="oc-de"/>
      </symbol>
      <symbol id="sm-66a">
         <name>_Dclass</name>
         <value>0x8e015994</value>
         <object_component_ref idref="oc-107"/>
      </symbol>
      <symbol id="sm-67d">
         <name>_Dtest</name>
         <value>0x8e015470</value>
         <object_component_ref idref="oc-177"/>
      </symbol>
      <symbol id="sm-680">
         <name>remove</name>
         <value>0x8e0129b8</value>
      </symbol>
   </symbol_table>
   <title>Link successful</title>
</link_info>
